Archive member included to satisfy reference by file (symbol)

C:/devkitPro/libctru/lib\libcitro3d.a(attribs.o)
                              Renderer.o (AttrInfo_Init)
C:/devkitPro/libctru/lib\libcitro3d.a(base.o)
                              C:/devkitPro/libctru/lib\libcitro3d.a(attribs.o) (__C3D_Context)
C:/devkitPro/libctru/lib\libcitro3d.a(buffers.o)
                              Clouds.o (BufInfo_Init)
C:/devkitPro/libctru/lib\libcitro3d.a(drawArrays.o)
                              Clouds.o (C3D_DrawArrays)
C:/devkitPro/libctru/lib\libcitro3d.a(effect.o)
                              Cursor.o (C3D_DepthMap)
C:/devkitPro/libctru/lib\libcitro3d.a(fog.o)
                              WorldRenderer.o (FogLut_FromArray)
C:/devkitPro/libctru/lib\libcitro3d.a(framebuffer.o)
                              C:/devkitPro/libctru/lib\libcitro3d.a(base.o) (C3Di_FrameBufBind)
C:/devkitPro/libctru/lib\libcitro3d.a(immediate.o)
                              C:/devkitPro/libctru/lib\libcitro3d.a(base.o) (C3D_ImmSendAttrib)
C:/devkitPro/libctru/lib\libcitro3d.a(renderqueue.o)
                              C:/devkitPro/libctru/lib\libcitro3d.a(base.o) (C3Di_RenderQueueEnableVBlank)
C:/devkitPro/libctru/lib\libcitro3d.a(texenv.o)
                              Cursor.o (C3D_GetTexEnv)
C:/devkitPro/libctru/lib\libcitro3d.a(texture.o)
                              Clouds.o (C3D_TexInitWithParams)
C:/devkitPro/libctru/lib\libcitro3d.a(uniforms.o)
                              C:/devkitPro/libctru/lib\libcitro3d.a(base.o) (C3D_UpdateUniforms)
C:/devkitPro/libctru/lib\libcitro3d.a(mtx_multiply.o)
                              Camera.o (Mtx_Multiply)
C:/devkitPro/libctru/lib\libcitro3d.a(mtx_multiplyfvec3.o)
                              SpriteBatch.o (Mtx_MultiplyFVec3)
C:/devkitPro/libctru/lib\libcitro3d.a(mtx_orthotilt.o)
                              SpriteBatch.o (Mtx_OrthoTilt)
C:/devkitPro/libctru/lib\libcitro3d.a(mtx_perspstereotilt.o)
                              Camera.o (Mtx_PerspStereoTilt)
C:/devkitPro/libctru/lib\libcitro3d.a(mtx_persptilt.o)
                              Camera.o (Mtx_PerspTilt)
C:/devkitPro/libctru/lib\libcitro3d.a(mtx_rotatex.o)
                              Camera.o (Mtx_RotateX)
C:/devkitPro/libctru/lib\libcitro3d.a(mtx_rotatey.o)
                              Camera.o (Mtx_RotateY)
C:/devkitPro/libctru/lib\libcitro3d.a(mtx_rotatez.o)
                              Hand.o (Mtx_RotateZ)
C:/devkitPro/libctru/lib\libcitro3d.a(mtx_scale.o)
                              Clouds.o (Mtx_Scale)
C:/devkitPro/libctru/lib\libcitro3d.a(mtx_translate.o)
                              Camera.o (Mtx_Translate)
C:/devkitPro/libctru/lib\libctru.a(linear.o)
                              Sound.o (linearAlloc)
C:/devkitPro/libctru/lib\libctru.a(mem_pool.o)
                              C:/devkitPro/libctru/lib\libctru.a(linear.o) (MemPool::Allocate(MemChunk&, unsigned long, int))
C:/devkitPro/libctru/lib\libctru.a(vram.o)
                              C:/devkitPro/libctru/lib\libcitro3d.a(renderqueue.o) (vramAlloc)
C:/devkitPro/libctru/lib\libctru.a(console.o)
                              Crash.o (consoleInit)
C:/devkitPro/libctru/lib\libctru.a(gfx.o)
                              main.o (gfxSet3D)
C:/devkitPro/libctru/lib\libctru.a(os.o)
                              C:/devkitPro/libctru/lib\libcitro3d.a(buffers.o) (osConvertVirtToPhys)
C:/devkitPro/libctru/lib\libctru.a(romfs_dev.o)
                              main.o (romfsMountSelf)
C:/devkitPro/libctru/lib\libctru.a(synchronization.o)
                              PolyGen.o (LightLock_Init)
C:/devkitPro/libctru/lib\libctru.a(thread.o)
                              Sound.o (threadCreate)
C:/devkitPro/libctru/lib\libctru.a(gpu.o)
                              C:/devkitPro/libctru/lib\libcitro3d.a(base.o) (gpuCmdBufOffset)
C:/devkitPro/libctru/lib\libctru.a(gx.o)
                              C:/devkitPro/libctru/lib\libcitro3d.a(renderqueue.o) (GX_BindQueue)
C:/devkitPro/libctru/lib\libctru.a(gxqueue.o)
                              C:/devkitPro/libctru/lib\libcitro3d.a(renderqueue.o) (gxCmdQueueClear)
C:/devkitPro/libctru/lib\libctru.a(shaderProgram.o)
                              Renderer.o (shaderInstanceGetUniformLocation)
C:/devkitPro/libctru/lib\libctru.a(shbin.o)
                              Renderer.o (DVLB_ParseFile)
C:/devkitPro/libctru/lib\libctru.a(ndsp-channel.o)
                              Sound.o (ndspChnReset)
C:/devkitPro/libctru/lib\libctru.a(ndsp.o)
                              C:/devkitPro/libctru/lib\libctru.a(ndsp-channel.o) (ndspVars)
C:/devkitPro/libctru/lib\libctru.a(apt.o)
                              C:/devkitPro/libctru/lib\libcitro3d.a(base.o) (aptHook)
C:/devkitPro/libctru/lib\libctru.a(cfgu.o)
                              C:/devkitPro/libctru/lib\libctru.a(ndsp.o) (cfguInit)
C:/devkitPro/libctru/lib\libctru.a(dsp.o)
                              C:/devkitPro/libctru/lib\libctru.a(ndsp.o) (dspInit)
[...]
Memory Configuration

Name             Origin             Length             Attributes
*default*        0x00000000         0xffffffff

Linker script and memory map

                0x00100000                        PROVIDE (__start__ = 0x100000)
                0x00100000                        . = __start__

.text           0x00100000    0x633b0
 *(.crt0)
 .crt0          0x00100000       0x94 C:/devkitPro/devkitARM/bin/../lib/gcc/arm-none-eabi/13.2.0/../../../../arm-none-eabi/lib/armv6k/fpu/3dsx_crt0.o
                0x00100000                _start
                0x00100008                __service_ptr
                0x0010000c                __apt_appid
                0x00100010                __heap_size
                0x00100014                __linear_heap_size
                0x00100018                __system_arglist
                0x0010001c                __system_runflags
 *(.init)
 .init          0x00100094        0xc C:/devkitPro/devkitARM/bin/../lib/gcc/arm-none-eabi/13.2.0/armv6k/fpu/crti.o
                0x00100094                _init
 .init          0x001000a0        0xc C:/devkitPro/devkitARM/bin/../lib/gcc/arm-none-eabi/13.2.0/armv6k/fpu/crtn.o
                0x001000ac                        . = ALIGN (0x4)
 *(.text)
 .text          0x001000ac      0x20c C:/devkitPro/devkitARM/bin/../lib/gcc/arm-none-eabi/13.2.0/armv6k/fpu\libgcc.a(_udivsi3.o)
                0x001000ac                __aeabi_uidiv
                0x001000ac                __udivsi3
                0x00100298                __aeabi_uidivmod
 .text          0x001002b8      0x240 C:/devkitPro/devkitARM/bin/../lib/gcc/arm-none-eabi/13.2.0/armv6k/fpu\libgcc.a(_divsi3.o)
                0x001002b8                __divsi3
                0x001002b8                __aeabi_idiv
                0x001004d8                __aeabi_idivmod
 .text          0x001004f8        0x4 C:/devkitPro/devkitARM/bin/../lib/gcc/arm-none-eabi/13.2.0/armv6k/fpu\libgcc.a(_dvmd_tls.o)
                0x001004f8                __aeabi_idiv0
                0x001004f8                __aeabi_ldiv0
 .text          0x001004fc      0x3c0 C:/devkitPro/devkitARM/bin/../lib/gcc/arm-none-eabi/13.2.0/armv6k/fpu\libgcc.a(_arm_addsubdf3.o)
                0x001004fc                __aeabi_drsub
                0x00100504                __aeabi_dsub
                0x00100504                __subdf3
                0x00100508                __aeabi_dadd
                0x00100508                __adddf3
                0x001007b4                __floatunsidf
                0x001007b4                __aeabi_ui2d
                0x001007d8                __floatsidf
                0x001007d8                __aeabi_i2d
                0x00100800                __aeabi_f2d
                0x00100800                __extendsfdf2
                0x00100848                __floatundidf
                0x00100848                __aeabi_ul2d
                0x0010085c                __floatdidf
                0x0010085c                __aeabi_l2d
 .text          0x001008bc      0x250 C:/devkitPro/devkitARM/bin/../lib/gcc/arm-none-eabi/13.2.0/armv6k/fpu\libgcc.a(_arm_addsubsf3.o)
                0x001008bc                __aeabi_frsub
                0x001008c4                __subsf3
                0x001008c4                __aeabi_fsub
                0x001008c8                __aeabi_fadd
                0x001008c8                __addsf3
                0x00100a58                __aeabi_ui2f
                0x00100a58                __floatunsisf
                0x00100a60                __aeabi_i2f
                0x00100a60                __floatsisf
                0x00100a80                __aeabi_ul2f
                0x00100a80                __floatundisf
                0x00100a90                __aeabi_l2f
                0x00100a90                __floatdisf
 .text          0x00100b0c       0xd4 C:/devkitPro/devkitARM/bin/../lib/gcc/arm-none-eabi/13.2.0/armv6k/fpu\libgcc.a(_aeabi_ldivmod.o)
                0x00100b0c                __aeabi_ldivmod
 .text          0x00100be0       0x3c C:/devkitPro/devkitARM/bin/../lib/gcc/arm-none-eabi/13.2.0/armv6k/fpu\libgcc.a(_aeabi_uldivmod.o)
                0x00100be0                __aeabi_uldivmod
 *fill*         0x00100c1c        0x4 
 .text          0x00100c20      0x390 C:/devkitPro/devkitARM/bin/../lib/gcc/arm-none-eabi/13.2.0/../../../../arm-none-eabi/lib/armv6k/fpu\libg.a(libc_a-strcmp.o)
                0x00100c28                strcmp
 *(.text.*)
 .text.__do_global_dtors_aux
                0x00100fb0       0x40 C:/devkitPro/devkitARM/bin/../lib/gcc/arm-none-eabi/13.2.0/armv6k/fpu/crtbegin.o
 .text.frame_dummy
                0x00100ff0       0x2c C:/devkitPro/devkitARM/bin/../lib/gcc/arm-none-eabi/13.2.0/armv6k/fpu/crtbegin.o
 .text.state1   0x0010101c       0x28 main.o
                0x0010101c                state1
 .text.state2   0x00101044       0x28 main.o
                0x00101044                state2
 .text.releaseWorld
                0x0010106c       0x68 main.o
                0x0010106c                releaseWorld
 *fill*         0x001010d4        0x4 
 .text.startup.main
                0x001010d8      0x77c main.o
                0x001010d8                main
 .text.Collision_BoxIntersect
                0x00101854      0x10c Collision.o
                0x00101854                Collision_BoxIntersect
 .text.CommandLine_Execute
                0x00101960      0x328 CommandLine.o
                0x00101960                CommandLine_Execute
 .text.CommandLine_Activate
                0x00101c88       0x64 CommandLine.o
                0x00101c88                CommandLine_Activate
 .text.Crash    0x00101cec       0x98 Crash.o
                0x00101cec                Crash
 .text.Raycast_Cast
                0x00101d84      0x2f0 Raycast.o
                0x00101d84                Raycast_Cast
 .text.audioCallback
                0x00102074       0x1c Sound.o
                0x00102074                audioCallback
 .text.opusStrError
                0x00102090      0x110 Sound.o
                0x00102090                opusStrError
 .text.DoQuit   0x001021a0       0x34 Sound.o
                0x001021a0                DoQuit
 .text.audioInit
                0x001021d4      0x120 Sound.o
                0x001021d4                audioInit
 .text.audioExit
                0x001022f4       0x28 Sound.o
                0x001022f4                audioExit
 .text.fillBuffer
                0x0010231c       0x9c Sound.o
                0x0010231c                fillBuffer
 .text.audioThread0
                0x001023b8       0x78 Sound.o
                0x001023b8                audioThread0
 .text.audioThread1
                0x00102430       0x80 Sound.o
                0x00102430                audioThread1
 .text.playopus
                0x001024b0      0x1ec Sound.o
                0x001024b0                playopus
 .text.SmeaGen_Init
                0x0010269c        0x8 SmeaGen.o
                0x0010269c                SmeaGen_Init
 .text.SmeaGen_Generate
                0x001026a4      0x228 SmeaGen.o
                0x001026a4                SmeaGen_Generate
 .text.SuperFlatGen_Init
                0x001028cc        0x4 SuperFlatGen.o
                0x001028cc                SuperFlatGen_Init
 .text.SuperFlatGen_Generate
                0x001028d0      0x128 SuperFlatGen.o
                0x001028d0                SuperFlatGen_Generate
 .text.Block_Init
                0x001029f8      0x5f0 Block.o
                0x001029f8                Block_Init
 .text.Block_Deinit
                0x00102fe8        0xc Block.o
                0x00102fe8                Block_Deinit
 .text.Block_GetTextureMap
                0x00102ff4        0xc Block.o
                0x00102ff4                Block_GetTextureMap
 .text.Block_GetTexture
                0x00103000      0x32c Block.o
                0x00103000                Block_GetTexture
 .text.Block_GetColor
                0x0010332c       0xc4 Block.o
                0x0010332c                Block_GetColor
 .text.Block_Opaque
                0x001033f0       0x2c Block.o
                0x001033f0                Block_Opaque
 .text.Item_Deinit
                0x0010341c        0xc Item.o
                0x0010341c                Item_Deinit
 .text.Camera_Init
                0x00103428       0x68 Camera.o
                0x00103428                Camera_Init
 .text.Camera_Update
                0x00103490      0x50c Camera.o
                0x00103490                Camera_Update
 .text.Camera_IsAABBVisible
                0x0010399c      0x2b8 Camera.o
                0x0010399c                Camera_IsAABBVisible
 .text.Clouds_Init
                0x00103c54      0x134 Clouds.o
                0x00103c54                Clouds_Init
 .text.Clouds_Deinit
                0x00103d88       0x20 Clouds.o
                0x00103d88                Clouds_Deinit
 .text.Clouds_Render
                0x00103da8      0x224 Clouds.o
                0x00103da8                Clouds_Render
 .text.Cursor_Init
                0x00103fcc       0x50 Cursor.o
                0x00103fcc                Cursor_Init
 .text.Cursor_Deinit
                0x0010401c       0x10 Cursor.o
                0x0010401c                Cursor_Deinit
 .text.Cursor_Draw
                0x0010402c      0x254 Cursor.o
                0x0010402c                Cursor_Draw
 .text.Hand_Init
                0x00104280       0x2c Hand.o
                0x00104280                Hand_Init
 .text.Hand_Deinit
                0x001042ac       0x20 Hand.o
                0x001042ac                Hand_Deinit
 *fill*         0x001042cc        0x4 
 .text.Hand_Draw
                0x001042d0      0x52c Hand.o
                0x001042d0                Hand_Draw
 .text.floodFill.part.0
                0x001047fc      0x390 PolyGen.o
 .text.PolyGen_Init
                0x00104b8c       0x3c PolyGen.o
                0x00104b8c                PolyGen_Init
 .text.PolyGen_Deinit
                0x00104bc8       0x44 PolyGen.o
                0x00104bc8                PolyGen_Deinit
 .text.PolyGen_Harvest
                0x00104c0c      0x190 PolyGen.o
                0x00104c0c                PolyGen_Harvest
 .text.PolyGen_GeneratePolygons
                0x00104d9c      0xbb0 PolyGen.o
                0x00104d9c                PolyGen_GeneratePolygons
 .text.Renderer_Init
                0x0010594c      0x228 Renderer.o
                0x0010594c                Renderer_Init
 .text.Renderer_Deinit
                0x00105b74       0x54 Renderer.o
                0x00105b74                Renderer_Deinit
 .text.Renderer_Render
                0x00105bc8      0x3c4 Renderer.o
                0x00105bc8                Renderer_Render
 .text.tileImage32
                0x00105f8c       0xb4 TextureMap.o
                0x00105f8c                tileImage32
 .text.Texture_Load
                0x00106040      0x1e0 TextureMap.o
                0x00106040                Texture_Load
 .text.Texture_TileImage8
                0x00106220       0xac TextureMap.o
                0x00106220                Texture_TileImage8
 .text.downscaleImage
                0x001062cc       0xf0 TextureMap.o
                0x001062cc                downscaleImage
 .text.Texture_MapInit
                0x001063bc      0x2ac TextureMap.o
                0x001063bc                Texture_MapInit
 .text.Texture_MapGetIcon
                0x00106668       0x80 TextureMap.o
                0x00106668                Texture_MapGetIcon
 .text.sort_by_size
                0x001066e8       0x10 VBOCache.o
 .text.VBOCache_Init
                0x001066f8       0x20 VBOCache.o
                0x001066f8                VBOCache_Init
 .text.VBOCache_Deinit
                0x00106718       0x58 VBOCache.o
                0x00106718                VBOCache_Deinit
 .text.VBO_Alloc
                0x00106770       0xd8 VBOCache.o
                0x00106770                VBO_Alloc
 .text.VBO_Free
                0x00106848       0x9c VBOCache.o
                0x00106848                VBO_Free
 *fill*         0x001068e4        0x4 
 .text.renderWorld
                0x001068e8      0x830 WorldRenderer.o
 .text.WorldRenderer_Init
                0x00107118       0xec WorldRenderer.o
                0x00107118                WorldRenderer_Init
 .text.WorldRenderer_Deinit
                0x00107204       0x50 WorldRenderer.o
                0x00107204                WorldRenderer_Deinit
 .text.WorldRenderer_Render
                0x00107254      0x118 WorldRenderer.o
                0x00107254                WorldRenderer_Render
 .text.DebugUI_Init
                0x0010736c       0x50 DebugUI.o
                0x0010736c                DebugUI_Init
 .text.DebugUI_Deinit
                0x001073bc       0x40 DebugUI.o
                0x001073bc                DebugUI_Deinit
 .text.DebugUI_Text
                0x001073fc       0x50 DebugUI.o
                0x001073fc                DebugUI_Text
 .text.DebugUI_Log
                0x0010744c       0x50 DebugUI.o
                0x0010744c                DebugUI_Log
 .text.DebugUI_Draw
                0x0010749c      0x100 DebugUI.o
                0x0010749c                DebugUI_Draw
 .text.FontLoader_Init
                0x0010759c      0x1c8 FontLoader.o
                0x0010759c                FontLoader_Init
 .text.Gui_Init
                0x00107764       0x50 Gui.o
                0x00107764                Gui_Init
 .text.Gui_Deinit
                0x001077b4        0x4 Gui.o
                0x001077b4                Gui_Deinit
 .text.Gui_Frame
                0x001077b8       0x20 Gui.o
                0x001077b8                Gui_Frame
 .text.Gui_Offset
                0x001077d8       0x10 Gui.o
                0x001077d8                Gui_Offset
 .text.Gui_RelativeWidth
                0x001077e8       0x2c Gui.o
                0x001077e8                Gui_RelativeWidth
 .text.Gui_RelativeHeight
                0x00107814       0x2c Gui.o
                0x00107814                Gui_RelativeHeight
 .text.Gui_BeginRowCenter
                0x00107840       0x58 Gui.o
                0x00107840                Gui_BeginRowCenter
 .text.Gui_BeginRow
                0x00107898       0x34 Gui.o
                0x00107898                Gui_BeginRow
 .text.Gui_EndRow
                0x001078cc       0x24 Gui.o
                0x001078cc                Gui_EndRow
 .text.Gui_Label
                0x001078f0      0x114 Gui.o
                0x001078f0                Gui_Label
 .text.Gui_Space
                0x00107a04       0x34 Gui.o
                0x00107a04                Gui_Space
 .text.Gui_VerticalSpace
                0x00107a38       0x18 Gui.o
                0x00107a38                Gui_VerticalSpace
 .text.Gui_InputData
                0x00107a50       0x4c Gui.o
                0x00107a50                Gui_InputData
 .text.Gui_IsCursorInside
                0x00107a9c       0x9c Gui.o
                0x00107a9c                Gui_IsCursorInside
 .text.Gui_WasCursorInside
                0x00107b38       0x9c Gui.o
                0x00107b38                Gui_WasCursorInside
 .text.Gui_Button
                0x00107bd4      0x1dc Gui.o
                0x00107bd4                Gui_Button
 .text.Gui_EnteredCursorInside
                0x00107db0       0x70 Gui.o
                0x00107db0                Gui_EnteredCursorInside
 .text.Gui_GetCursorMovement
                0x00107e20       0xac Gui.o
                0x00107e20                Gui_GetCursorMovement
 .text.clickAtStack
                0x00107ecc       0xd8 Inventory.o
 .text.Inventory_DrawQuickSelect
                0x00107fa4      0x208 Inventory.o
                0x00107fa4                Inventory_DrawQuickSelect
 .text.Inventory_Draw
                0x001081ac      0x250 Inventory.o
                0x001081ac                Inventory_Draw
 .text.compareDrawCommands
                0x001083fc       0x38 SpriteBatch.o
 .text.SpriteBatch_Init
                0x00108434      0x118 SpriteBatch.o
                0x00108434                SpriteBatch_Init
 .text.SpriteBatch_Deinit
                0x0010854c       0x64 SpriteBatch.o
                0x0010854c                SpriteBatch_Deinit
 .text.SpriteBatch_BindTexture
                0x001085b0       0x10 SpriteBatch.o
                0x001085b0                SpriteBatch_BindTexture
 .text.SpriteBatch_BindGuiTexture
                0x001085c0       0x78 SpriteBatch.o
                0x001085c0                SpriteBatch_BindGuiTexture
 .text.SpriteBatch_PushSingleColorQuad
                0x00108638       0xd8 SpriteBatch.o
                0x00108638                SpriteBatch_PushSingleColorQuad
 .text.SpriteBatch_PushQuad
                0x00108710       0xf8 SpriteBatch.o
                0x00108710                SpriteBatch_PushQuad
 .text.SpriteBatch_PushQuadColor
                0x00108808       0xf8 SpriteBatch.o
                0x00108808                SpriteBatch_PushQuadColor
 .text.SpriteBatch_PushIcon
                0x00108900      0x338 SpriteBatch.o
                0x00108900                SpriteBatch_PushIcon
 .text.SpriteBatch_PushTextVargs
                0x00108c38      0x1f8 SpriteBatch.o
                0x00108c38                SpriteBatch_PushTextVargs
 .text.SpriteBatch_PushText
                0x00108e30       0x40 SpriteBatch.o
                0x00108e30                SpriteBatch_PushText
 .text.SpriteBatch_CalcTextWidthVargs
                0x00108e70       0x98 SpriteBatch.o
                0x00108e70                SpriteBatch_CalcTextWidthVargs
 .text.SpriteBatch_GetWidth
                0x00108f08       0x24 SpriteBatch.o
                0x00108f08                SpriteBatch_GetWidth
 .text.SpriteBatch_GetHeight
                0x00108f2c       0x24 SpriteBatch.o
                0x00108f2c                SpriteBatch_GetHeight
 .text.SpriteBatch_SetScale
                0x00108f50       0x10 SpriteBatch.o
                0x00108f50                SpriteBatch_SetScale
 .text.SpriteBatch_GetScale
                0x00108f60       0x10 SpriteBatch.o
                0x00108f60                SpriteBatch_GetScale
 .text.SpriteBatch_StartFrame
                0x00108f70       0x10 SpriteBatch.o
                0x00108f70                SpriteBatch_StartFrame
 .text.SpriteBatch_Render
                0x00108f80      0x3a8 SpriteBatch.o
                0x00108f80                SpriteBatch_Render
 .text.delete_folder
                0x00109328       0xf4 WorldSelect.o
 .text.WorldSelect_ScanWorlds
                0x0010941c      0x138 WorldSelect.o
                0x0010941c                WorldSelect_ScanWorlds
 .text.WorldSelect_Init
                0x00109554       0x1c WorldSelect.o
                0x00109554                WorldSelect_Init
 .text.WorldSelect_Deinit
                0x00109570       0x28 WorldSelect.o
                0x00109570                WorldSelect_Deinit
 .text.WorldSelect_Render
                0x00109598      0x5d4 WorldSelect.o
                0x00109598                WorldSelect_Render
 .text.WorldSelect_Update
                0x00109b6c      0x2b4 WorldSelect.o
                0x00109b6c                WorldSelect_Update
 .text.state_machine_create
                0x00109e20        0xc state_machine.o
                0x00109e20                state_machine_create
 .text.state_machine_delete
                0x00109e2c        0x4 state_machine.o
                0x00109e2c                state_machine_delete
 .text.state_machine_set_current_state
                0x00109e30        0x8 state_machine.o
                0x00109e30                state_machine_set_current_state
 .text.state_machine_run
                0x00109e38       0x10 state_machine.o
                0x00109e38                state_machine_run
 .text.Chunk_GenerateHeightmap
                0x00109e48      0x174 Chunk.o
                0x00109e48                Chunk_GenerateHeightmap
 .text.Cluster_IsEmpty
                0x00109fbc       0x5c Chunk.o
                0x00109fbc                Cluster_IsEmpty
 .text.ChunkWorker_Mainloop
                0x0010a018      0x244 ChunkWorker.o
                0x0010a018                ChunkWorker_Mainloop
 .text.ChunkWorker_Init
                0x0010a25c       0xf4 ChunkWorker.o
                0x0010a25c                ChunkWorker_Init
 .text.ChunkWorker_Deinit
                0x0010a350       0x7c ChunkWorker.o
                0x0010a350                ChunkWorker_Deinit
 .text.ChunkWorker_Finish
                0x0010a3cc       0x44 ChunkWorker.o
                0x0010a3cc                ChunkWorker_Finish
 .text.ChunkWorker_AddHandler
                0x0010a410       0x74 ChunkWorker.o
                0x0010a410                ChunkWorker_AddHandler
 .text.ChunkWorker_SetHandlerActive
                0x0010a484       0x48 ChunkWorker.o
                0x0010a484                ChunkWorker_SetHandlerActive
 *fill*         0x0010a4cc        0x4 
 .text.World_Reset
                0x0010a4d0       0xbc World.o
                0x0010a4d0                World_Reset
 *fill*         0x0010a58c        0x4 
 .text.World_Init
                0x0010a590       0x78 World.o
                0x0010a590                World_Init
 .text.World_LoadChunk
                0x0010a608      0x244 World.o
                0x0010a608                World_LoadChunk
 .text.World_UnloadChunk
                0x0010a84c      0x10c World.o
                0x0010a84c                World_UnloadChunk
 .text.World_GetChunk
                0x0010a958       0x6c World.o
                0x0010a958                World_GetChunk
 .text.World_GetBlock
                0x0010a9c4       0xe8 World.o
                0x0010a9c4                World_GetBlock
 .text.World_SetBlock
                0x0010aaac      0x224 World.o
                0x0010aaac                World_SetBlock
 .text.World_SetBlockAndMeta
                0x0010acd0      0x230 World.o
                0x0010acd0                World_SetBlockAndMeta
 .text.World_GetMetadata
                0x0010af00       0xf4 World.o
                0x0010af00                World_GetMetadata
 .text.World_GetHeight
                0x0010aff4       0xcc World.o
                0x0010aff4                World_GetHeight
 .text.World_UpdateChunkCache
                0x0010b0c0      0x1ac World.o
                0x0010b0c0                World_UpdateChunkCache
 .text.World_Tick
                0x0010b26c      0x2e4 World.o
                0x0010b26c                World_Tick
 .text.fetchSuperChunk
                0x0010b550       0xb8 SaveManager.o
 .text.SaveManager_InitFileSystem
                0x0010b608       0x30 SaveManager.o
                0x0010b608                SaveManager_InitFileSystem
 .text.SaveManager_Init
                0x0010b638       0x1c SaveManager.o
                0x0010b638                SaveManager_Init
 .text.SaveManager_Deinit
                0x0010b654       0x28 SaveManager.o
                0x0010b654                SaveManager_Deinit
 .text.SaveManager_Load
                0x0010b67c      0x824 SaveManager.o
                0x0010b67c                SaveManager_Load
 .text.SaveManager_Unload
                0x0010bea0      0x268 SaveManager.o
                0x0010bea0                SaveManager_Unload
 .text.SaveManager_LoadChunk
                0x0010c108       0x64 SaveManager.o
                0x0010c108                SaveManager_LoadChunk
 .text.SaveManager_SaveChunk
                0x0010c16c       0x64 SaveManager.o
                0x0010c16c                SaveManager_SaveChunk
 .text.SuperChunk_InitPools
                0x0010c1d0       0x44 SuperChunk.o
                0x0010c1d0                SuperChunk_InitPools
 .text.SuperChunk_DeinitPools
                0x0010c214       0x28 SuperChunk.o
                0x0010c214                SuperChunk_DeinitPools
 .text.SuperChunk_Init
                0x0010c23c      0x5a4 SuperChunk.o
                0x0010c23c                SuperChunk_Init
 .text.SuperChunk_SaveIndex
                0x0010c7e0      0x170 SuperChunk.o
                0x0010c7e0                SuperChunk_SaveIndex
 .text.SuperChunk_Deinit
                0x0010c950       0x30 SuperChunk.o
                0x0010c950                SuperChunk_Deinit
 .text.SuperChunk_SaveChunk
                0x0010c980      0x44c SuperChunk.o
                0x0010c980                SuperChunk_SaveChunk
 .text.SuperChunk_LoadChunk
                0x0010cdcc      0x4d8 SuperChunk.o
                0x0010cdcc                SuperChunk_LoadChunk
 .text.OvertimeDamage
                0x0010d2a4       0x4c Damage.o
                0x0010d2a4                OvertimeDamage
 .text.Player_Init
                0x0010d2f0      0x22c Player.o
                0x0010d2f0                Player_Init
 *fill*         0x0010d51c        0x4 
 .text.Player_Update
                0x0010d520      0x32c Player.o
                0x0010d520                Player_Update
 .text.Player_Jump
                0x0010d84c       0x54 Player.o
                0x0010d84c                Player_Jump
 .text.Player_Move
                0x0010d8a0      0x70c Player.o
                0x0010d8a0                Player_Move
 .text.Player_PlaceBlock
                0x0010dfac      0x1d0 Player.o
                0x0010dfac                Player_PlaceBlock
 .text.Player_BreakBlock
                0x0010e17c       0x6c Player.o
                0x0010e17c                Player_BreakBlock
 .text.PlayerController_Init
                0x0010e1e8      0x928 PlayerController.o
                0x0010e1e8                PlayerController_Init
 .text.PlayerController_Update
                0x0010eb10      0x8c4 PlayerController.o
                0x0010eb10                PlayerController_Update
 .text.mpack_utf8_check_impl
                0x0010f3d4      0x1bc mpack.o
 .text.mpack_file_tree_teardown
                0x0010f590       0x1c mpack.o
 .text.mpack_tree_flag_error.part.0
                0x0010f5ac       0x14 mpack.o
 .text.mpack_file_writer_flush
                0x0010f5c0       0x50 mpack.o
 .text.mpack_file_writer_teardown
                0x0010f610       0x64 mpack.o
 .text.mpack_writer_ensure
                0x0010f674       0xa4 mpack.o
 .text.mpack_write_u64.part.0
                0x0010f718      0x17c mpack.o
 .text.mpack_write_native_straddle
                0x0010f894       0xb0 mpack.o
 .text.mpack_tree_parse_bytes
                0x0010f944       0x54 mpack.o
 .text.mpack_node_map_str_impl
                0x0010f998       0xf4 mpack.o
 .text.mpack_tree_parse_children
                0x0010fa8c      0x240 mpack.o
 .text.mpack_tree_parse.part.0.constprop.0
                0x0010fccc      0xacc mpack.o
 .text.mpack_writer_init
                0x00110798       0x28 mpack.o
                0x00110798                mpack_writer_init
 .text.mpack_writer_init_file
                0x001107c0       0xc4 mpack.o
                0x001107c0                mpack_writer_init_file
 .text.mpack_writer_destroy
                0x00110884       0x60 mpack.o
                0x00110884                mpack_writer_destroy
 .text.mpack_write_bool
                0x001108e4       0x48 mpack.o
                0x001108e4                mpack_write_bool
 .text.mpack_write_u8
                0x0011092c       0x98 mpack.o
                0x0011092c                mpack_write_u8
 .text.mpack_write_u32
                0x001109c4      0x154 mpack.o
                0x001109c4                mpack_write_u32
 .text.mpack_write_u64
                0x00110b18       0x58 mpack.o
                0x00110b18                mpack_write_u64
 .text.mpack_write_i64
                0x00110b70      0x2b4 mpack.o
                0x00110b70                mpack_write_i64
 .text.mpack_write_float
                0x00110e24       0x80 mpack.o
                0x00110e24                mpack_write_float
 .text.mpack_start_array
                0x00110ea4      0x114 mpack.o
                0x00110ea4                mpack_start_array
 .text.mpack_start_map
                0x00110fb8      0x110 mpack.o
                0x00110fb8                mpack_start_map
 .text.mpack_start_str
                0x001110c8      0x160 mpack.o
                0x001110c8                mpack_start_str
 .text.mpack_start_bin
                0x00111228      0x118 mpack.o
                0x00111228                mpack_start_bin
 .text.mpack_write_bin
                0x00111340       0x64 mpack.o
                0x00111340                mpack_write_bin
 .text.mpack_write_cstr
                0x001113a4       0x70 mpack.o
                0x001113a4                mpack_write_cstr
 .text.mpack_tree_root
                0x00111414       0x1c mpack.o
                0x00111414                mpack_tree_root
 .text.mpack_tree_init
                0x00111430       0x84 mpack.o
                0x00111430                mpack_tree_init
 .text.mpack_tree_init_pool
                0x001114b4       0x70 mpack.o
                0x001114b4                mpack_tree_init_pool
 .text.mpack_tree_init_file
                0x00111524      0x280 mpack.o
                0x00111524                mpack_tree_init_file
 .text.mpack_tree_destroy
                0x001117a4       0x4c mpack.o
                0x001117a4                mpack_tree_destroy
 .text.mpack_node_flag_error
                0x001117f0       0x40 mpack.o
                0x001117f0                mpack_node_flag_error
 .text.mpack_node_copy_utf8_cstr
                0x00111830       0xf8 mpack.o
                0x00111830                mpack_node_copy_utf8_cstr
 .text.mpack_node_map_cstr
                0x00111928       0x94 mpack.o
                0x00111928                mpack_node_map_cstr
 .text.mpack_node_map_cstr_optional
                0x001119bc       0x54 mpack.o
                0x001119bc                mpack_node_map_cstr_optional
 .text.vec_expand_
                0x00111a10       0x60 vec.o
                0x00111a10                vec_expand_
 .text.vec_reserve_po2_
                0x00111a70       0x70 vec.o
                0x00111a70                vec_reserve_po2_
 .text.vec_splice_
                0x00111ae0       0x34 vec.o
                0x00111ae0                vec_splice_
 .text.sino_init
                0x00111b14       0x88 sino.o
                0x00111b14                sino_init
 .text.sino_exit
                0x00111b9c       0x2c sino.o
                0x00111b9c                sino_exit
 .text.sino_2d  0x00111bc8      0x2b4 sino.o
                0x00111bc8                sino_2d
 .text.huffmanDecodeSymbol
                0x00111e7c       0x60 lodepng.o
 .text.checkColorValidity
                0x00111edc       0x90 lodepng.o
 .text.addColorBits
                0x00111f6c       0x4c lodepng.o
 .text.color_tree_get
                0x00111fb8       0x60 lodepng.o
 .text.getPixelColorRGBA16
                0x00112018      0x1bc lodepng.o
 .text.Adam7_getpassvalues
                0x001121d4      0x1a4 lodepng.o
 .text.color_tree_add
                0x00112378       0x9c lodepng.o
 .text.LodePNGText_cleanup
                0x00112414       0x60 lodepng.o
 .text.LodePNGIText_cleanup
                0x00112474       0x90 lodepng.o
 .text.lodepng_color_mode_equal
                0x00112504       0xc8 lodepng.o
 .text.unfilter
                0x001125cc      0x3b8 lodepng.o
 .text.removePaddingBits
                0x00112984       0xc4 lodepng.o
 .text.string_set
                0x00112a48       0x7c lodepng.o
 .text.getPixelColorsRGBA8
                0x00112ac4      0x528 lodepng.o
 .text.ucvector_push_back.isra.0
                0x00112fec       0x58 lodepng.o
 .text.color_tree_cleanup
                0x00113044      0x1e8 lodepng.o
 .text.HuffmanTree_makeFromLengths2
                0x0011322c      0x350 lodepng.o
 .text.generateFixedDistanceTree.constprop.0.isra.0
                0x0011357c       0x70 lodepng.o
 .text.generateFixedLitLenTree.constprop.0.isra.0
                0x001135ec       0xb8 lodepng.o
 .text.getPixelColorRGBA8
                0x001136a4      0x38c lodepng.o
 .text.lodepng_inflatev.isra.0
                0x00113a30      0xc5c lodepng.o
 .text.lodepng_load_file
                0x0011468c       0xe4 lodepng.o
                0x0011468c                lodepng_load_file
 .text.lodepng_zlib_decompress
                0x00114770      0x198 lodepng.o
                0x00114770                lodepng_zlib_decompress
 .text.lodepng_chunk_check_crc
                0x00114908       0x74 lodepng.o
                0x00114908                lodepng_chunk_check_crc
 .text.lodepng_chunk_append
                0x0011497c       0x98 lodepng.o
                0x0011497c                lodepng_chunk_append
 .text.lodepng_color_mode_copy
                0x00114a14       0xb8 lodepng.o
                0x00114a14                lodepng_color_mode_copy
 .text.lodepng_add_text
                0x00114acc       0xec lodepng.o
                0x00114acc                lodepng_add_text
 .text.lodepng_add_itext
                0x00114bb8      0x1bc lodepng.o
                0x00114bb8                lodepng_add_itext
 .text.lodepng_info_init
                0x00114d74       0x88 lodepng.o
                0x00114d74                lodepng_info_init
 .text.lodepng_convert
                0x00114dfc      0x62c lodepng.o
                0x00114dfc                lodepng_convert
 .text.lodepng_inspect
                0x00115428      0x214 lodepng.o
                0x00115428                lodepng_inspect
 .text.lodepng_decode
                0x0011563c     0x1a20 lodepng.o
                0x0011563c                lodepng_decode
 .text.lodepng_state_init
                0x0011705c       0xb8 lodepng.o
                0x0011705c                lodepng_state_init
 .text.lodepng_decode_memory
                0x00117114       0xac lodepng.o
                0x00117114                lodepng_decode_memory
 .text.lodepng_decode32_file
                0x001171c0       0x80 lodepng.o
                0x001171c0                lodepng_decode32_file
 .text.miniz_def_free_func
                0x00117240        0x8 miniz.o
                0x00117240                miniz_def_free_func
 .text.miniz_def_alloc_func
                0x00117248        0x8 miniz.o
                0x00117248                miniz_def_alloc_func
 .text.tdefl_optimize_huffman_table
                0x00117250      0x6b4 miniz.o
 .text.tdefl_flush_output_buffer
                0x00117904       0xac miniz.o
 .text.tdefl_start_dynamic_block
                0x001179b0      0x8a4 miniz.o
 .text.tdefl_compress_block
                0x00118254      0x590 miniz.o
 .text.tdefl_flush_block
                0x001187e4      0x80c miniz.o
 .text.mz_adler32
                0x00118ff0      0x198 miniz.o
                0x00118ff0                mz_adler32
 .text.tdefl_compress
                0x00119188      0xee8 miniz.o
                0x00119188                tdefl_compress
 .text.mz_deflate
                0x0011a070      0x184 miniz.o
                0x0011a070                mz_deflate
 .text.tdefl_init
                0x0011a1f4      0x14c miniz.o
                0x0011a1f4                tdefl_init
 .text.mz_compress2
                0x0011a340      0x168 miniz.o
                0x0011a340                mz_compress2
 .text.mz_compress
                0x0011a4a8       0x1c miniz.o
                0x0011a4a8                mz_compress
 *fill*         0x0011a4c4        0x4 
 .text.tinfl_decompress
                0x0011a4c8     0x1e3c miniz.o
                0x0011a4c8                tinfl_decompress
 .text.mz_inflate
                0x0011c304      0x3b0 miniz.o
                0x0011c304                mz_inflate
 .text.mz_uncompress
                0x0011c6b4      0x128 miniz.o
                0x0011c6b4                mz_uncompress
 .text.strcmpci
                0x0011c7dc       0x54 ini.o
 .text.ini_load
                0x0011c830      0x494 ini.o
                0x0011c830                ini_load
 .text.ini_free
                0x0011ccc4       0x1c ini.o
                0x0011ccc4                ini_free
 .text.ini_get  0x0011cce0      0x134 ini.o
                0x0011cce0                ini_get
 .text.ini_sget
                0x0011ce14       0x48 ini.o
                0x0011ce14                ini_sget
 .text.AttrInfo_Init
                0x0011ce5c       0x28 C:/devkitPro/libctru/lib\libcitro3d.a(attribs.o)
                0x0011ce5c                AttrInfo_Init
 .text.AttrInfo_AddLoader
                0x0011ce84       0x94 C:/devkitPro/libctru/lib\libcitro3d.a(attribs.o)
                0x0011ce84                AttrInfo_AddLoader
 .text.C3D_SetAttrInfo
                0x0011cf18       0x54 C:/devkitPro/libctru/lib\libcitro3d.a(attribs.o)
                0x0011cf18                C3D_SetAttrInfo
 .text.C3Di_AttrInfoBind
                0x0011cf6c       0x80 C:/devkitPro/libctru/lib\libcitro3d.a(attribs.o)
                0x0011cf6c                C3Di_AttrInfoBind
 .text.C3Di_LightEnvUpdate
                0x0011cfec        0x4 C:/devkitPro/libctru/lib\libcitro3d.a(base.o)
                0x0011cfec                C3Di_LightEnvUpdate
 .text.C3Di_LightEnvDirty
                0x0011cff0        0x4 C:/devkitPro/libctru/lib\libcitro3d.a(base.o)
                0x0011cff0                C3Di_LightEnvDirty
 .text.C3Di_ProcTexUpdate
                0x0011cff4        0x4 C:/devkitPro/libctru/lib\libcitro3d.a(base.o)
                0x0011cff4                C3Di_ProcTexUpdate
 .text.C3Di_ProcTexDirty
                0x0011cff8        0x4 C:/devkitPro/libctru/lib\libcitro3d.a(base.o)
                0x0011cff8                C3Di_ProcTexDirty
 .text.C3Di_AptEventHook
                0x0011cffc       0xb4 C:/devkitPro/libctru/lib\libcitro3d.a(base.o)
 .text.C3Di_GasUpdate
                0x0011d0b0        0x4 C:/devkitPro/libctru/lib\libcitro3d.a(base.o)
                0x0011d0b0                C3Di_GasUpdate
 .text.C3D_Init
                0x0011d0b4      0x1d0 C:/devkitPro/libctru/lib\libcitro3d.a(base.o)
                0x0011d0b4                C3D_Init
 .text.C3D_SetViewport
                0x0011d284       0x98 C:/devkitPro/libctru/lib\libcitro3d.a(base.o)
                0x0011d284                C3D_SetViewport
 .text.C3Di_UpdateContext
                0x0011d31c      0x4e8 C:/devkitPro/libctru/lib\libcitro3d.a(base.o)
                0x0011d31c                C3Di_UpdateContext
 .text.C3Di_SplitFrame
                0x0011d804       0xe0 C:/devkitPro/libctru/lib\libcitro3d.a(base.o)
                0x0011d804                C3Di_SplitFrame
 .text.C3D_Fini
                0x0011d8e4       0x44 C:/devkitPro/libctru/lib\libcitro3d.a(base.o)
                0x0011d8e4                C3D_Fini
 .text.C3D_BindProgram
                0x0011d928      0x194 C:/devkitPro/libctru/lib\libcitro3d.a(base.o)
                0x0011d928                C3D_BindProgram
 .text.BufInfo_Init
                0x0011dabc       0x24 C:/devkitPro/libctru/lib\libcitro3d.a(buffers.o)
                0x0011dabc                BufInfo_Init
 .text.BufInfo_Add
                0x0011dae0       0x80 C:/devkitPro/libctru/lib\libcitro3d.a(buffers.o)
                0x0011dae0                BufInfo_Add
 .text.C3D_GetBufInfo
                0x0011db60       0x20 C:/devkitPro/libctru/lib\libcitro3d.a(buffers.o)
                0x0011db60                C3D_GetBufInfo
 .text.C3D_SetBufInfo
                0x0011db80       0x3c C:/devkitPro/libctru/lib\libcitro3d.a(buffers.o)
                0x0011db80                C3D_SetBufInfo
 .text.C3Di_BufInfoBind
                0x0011dbbc       0x48 C:/devkitPro/libctru/lib\libcitro3d.a(buffers.o)
                0x0011dbbc                C3Di_BufInfoBind
 .text.C3D_DrawArrays
                0x0011dc04      0x148 C:/devkitPro/libctru/lib\libcitro3d.a(drawArrays.o)
                0x0011dc04                C3D_DrawArrays
 .text.C3D_DepthMap
                0x0011dd4c       0x40 C:/devkitPro/libctru/lib\libcitro3d.a(effect.o)
                0x0011dd4c                C3D_DepthMap
 .text.C3D_CullFace
                0x0011dd8c       0x1c C:/devkitPro/libctru/lib\libcitro3d.a(effect.o)
                0x0011dd8c                C3D_CullFace
 .text.C3D_StencilTest
                0x0011dda8       0x40 C:/devkitPro/libctru/lib\libcitro3d.a(effect.o)
                0x0011dda8                C3D_StencilTest
 .text.C3D_StencilOp
                0x0011dde8       0x24 C:/devkitPro/libctru/lib\libcitro3d.a(effect.o)
                0x0011dde8                C3D_StencilOp
 .text.C3D_BlendingColor
                0x0011de0c       0x1c C:/devkitPro/libctru/lib\libcitro3d.a(effect.o)
                0x0011de0c                C3D_BlendingColor
 .text.C3D_EarlyDepthTest
                0x0011de28       0x24 C:/devkitPro/libctru/lib\libcitro3d.a(effect.o)
                0x0011de28                C3D_EarlyDepthTest
 .text.C3D_DepthTest
                0x0011de4c       0x2c C:/devkitPro/libctru/lib\libcitro3d.a(effect.o)
                0x0011de4c                C3D_DepthTest
 .text.C3D_AlphaTest
                0x0011de78       0x2c C:/devkitPro/libctru/lib\libcitro3d.a(effect.o)
                0x0011de78                C3D_AlphaTest
 .text.C3D_AlphaBlend
                0x0011dea4       0x50 C:/devkitPro/libctru/lib\libcitro3d.a(effect.o)
                0x0011dea4                C3D_AlphaBlend
 .text.C3D_FragOpMode
                0x0011def4       0x30 C:/devkitPro/libctru/lib\libcitro3d.a(effect.o)
                0x0011def4                C3D_FragOpMode
 .text.C3D_FragOpShadow
                0x0011df24       0x44 C:/devkitPro/libctru/lib\libcitro3d.a(effect.o)
                0x0011df24                C3D_FragOpShadow
 .text.C3Di_EffectBind
                0x0011df68      0x1ac C:/devkitPro/libctru/lib\libcitro3d.a(effect.o)
                0x0011df68                C3Di_EffectBind
 .text.FogLut_FromArray
                0x0011e114       0xb8 C:/devkitPro/libctru/lib\libcitro3d.a(fog.o)
                0x0011e114                FogLut_FromArray
 .text.C3D_FogGasMode
                0x0011e1cc       0x4c C:/devkitPro/libctru/lib\libcitro3d.a(fog.o)
                0x0011e1cc                C3D_FogGasMode
 .text.C3D_FogColor
                0x0011e218       0x20 C:/devkitPro/libctru/lib\libcitro3d.a(fog.o)
                0x0011e218                C3D_FogColor
 .text.C3D_FogLutBind
                0x0011e238       0x30 C:/devkitPro/libctru/lib\libcitro3d.a(fog.o)
                0x0011e238                C3D_FogLutBind
 .text.C3D_CalcColorBufSize
                0x0011e268       0x1c C:/devkitPro/libctru/lib\libcitro3d.a(framebuffer.o)
                0x0011e268                C3D_CalcColorBufSize
 .text.C3D_CalcDepthBufSize
                0x0011e284       0x1c C:/devkitPro/libctru/lib\libcitro3d.a(framebuffer.o)
                0x0011e284                C3D_CalcDepthBufSize
 .text.C3D_SetFrameBuf
                0x0011e2a0       0x44 C:/devkitPro/libctru/lib\libcitro3d.a(framebuffer.o)
                0x0011e2a0                C3D_SetFrameBuf
 .text.C3Di_FrameBufBind
                0x0011e2e4      0x16c C:/devkitPro/libctru/lib\libcitro3d.a(framebuffer.o)
                0x0011e2e4                C3Di_FrameBufBind
 .text.C3D_FrameBufClear
                0x0011e450       0xc8 C:/devkitPro/libctru/lib\libcitro3d.a(framebuffer.o)
                0x0011e450                C3D_FrameBufClear
 .text.C3D_FrameBufTransfer
                0x0011e518       0x44 C:/devkitPro/libctru/lib\libcitro3d.a(framebuffer.o)
                0x0011e518                C3D_FrameBufTransfer
 .text.C3D_ImmSendAttrib
                0x0011e55c       0xa8 C:/devkitPro/libctru/lib\libcitro3d.a(immediate.o)
                0x0011e55c                C3D_ImmSendAttrib
 .text.onVBlank0
                0x0011e604       0x4c C:/devkitPro/libctru/lib\libcitro3d.a(renderqueue.o)
 .text.onVBlank1
                0x0011e650       0x4c C:/devkitPro/libctru/lib\libcitro3d.a(renderqueue.o)
 .text.C3Di_RenderTargetDestroy
                0x0011e69c       0x80 C:/devkitPro/libctru/lib\libcitro3d.a(renderqueue.o)
 .text.onQueueFinish
                0x0011e71c       0xf4 C:/devkitPro/libctru/lib\libcitro3d.a(renderqueue.o)
 .text.C3Di_RenderQueueEnableVBlank
                0x0011e810       0x38 C:/devkitPro/libctru/lib\libcitro3d.a(renderqueue.o)
                0x0011e810                C3Di_RenderQueueEnableVBlank
 .text.C3Di_RenderQueueDisableVBlank
                0x0011e848       0x30 C:/devkitPro/libctru/lib\libcitro3d.a(renderqueue.o)
                0x0011e848                C3Di_RenderQueueDisableVBlank
 .text.C3Di_RenderQueueInit
                0x0011e878       0x60 C:/devkitPro/libctru/lib\libcitro3d.a(renderqueue.o)
                0x0011e878                C3Di_RenderQueueInit
 .text.C3Di_RenderQueueExit
                0x0011e8d8       0xb4 C:/devkitPro/libctru/lib\libcitro3d.a(renderqueue.o)
                0x0011e8d8                C3Di_RenderQueueExit
 .text.C3Di_RenderQueueWaitDone
                0x0011e98c       0x34 C:/devkitPro/libctru/lib\libcitro3d.a(renderqueue.o)
                0x0011e98c                C3Di_RenderQueueWaitDone
 .text.C3D_FrameBegin
                0x0011e9c0       0xe8 C:/devkitPro/libctru/lib\libcitro3d.a(renderqueue.o)
                0x0011e9c0                C3D_FrameBegin
 .text.C3D_FrameDrawOn
                0x0011eaa8       0x48 C:/devkitPro/libctru/lib\libcitro3d.a(renderqueue.o)
                0x0011eaa8                C3D_FrameDrawOn
 .text.C3D_FrameEnd
                0x0011eaf0      0x1d0 C:/devkitPro/libctru/lib\libcitro3d.a(renderqueue.o)
                0x0011eaf0                C3D_FrameEnd
 .text.C3D_RenderTargetCreate
                0x0011ecc0      0x170 C:/devkitPro/libctru/lib\libcitro3d.a(renderqueue.o)
                0x0011ecc0                C3D_RenderTargetCreate
 .text.C3D_RenderTargetSetOutput
                0x0011ee30       0xa8 C:/devkitPro/libctru/lib\libcitro3d.a(renderqueue.o)
                0x0011ee30                C3D_RenderTargetSetOutput
 .text.C3D_SyncDisplayTransfer
                0x0011eed8       0xf0 C:/devkitPro/libctru/lib\libcitro3d.a(renderqueue.o)
                0x0011eed8                C3D_SyncDisplayTransfer
 .text.C3D_SyncTextureCopy
                0x0011efc8       0xfc C:/devkitPro/libctru/lib\libcitro3d.a(renderqueue.o)
                0x0011efc8                C3D_SyncTextureCopy
 .text.C3D_GetTexEnv
                0x0011f0c4       0x34 C:/devkitPro/libctru/lib\libcitro3d.a(texenv.o)
                0x0011f0c4                C3D_GetTexEnv
 .text.C3Di_TexEnvBind
                0x0011f0f8       0x24 C:/devkitPro/libctru/lib\libcitro3d.a(texenv.o)
                0x0011f0f8                C3Di_TexEnvBind
 .text.C3D_TexInitWithParams
                0x0011f11c      0x290 C:/devkitPro/libctru/lib\libcitro3d.a(texture.o)
                0x0011f11c                C3D_TexInitWithParams
 .text.C3D_TexLoadImage
                0x0011f3ac       0xc8 C:/devkitPro/libctru/lib\libcitro3d.a(texture.o)
                0x0011f3ac                C3D_TexLoadImage
 .text.C3D_TexBind
                0x0011f474       0x44 C:/devkitPro/libctru/lib\libcitro3d.a(texture.o)
                0x0011f474                C3D_TexBind
 .text.C3D_TexDelete
                0x0011f4b8       0x74 C:/devkitPro/libctru/lib\libcitro3d.a(texture.o)
                0x0011f4b8                C3D_TexDelete
 .text.C3Di_SetTex
                0x0011f52c      0x14c C:/devkitPro/libctru/lib\libcitro3d.a(texture.o)
                0x0011f52c                C3Di_SetTex
 .text.C3D_UpdateUniforms
                0x0011f678      0x290 C:/devkitPro/libctru/lib\libcitro3d.a(uniforms.o)
                0x0011f678                C3D_UpdateUniforms
 .text.C3Di_DirtyUniforms
                0x0011f908       0xc0 C:/devkitPro/libctru/lib\libcitro3d.a(uniforms.o)
                0x0011f908                C3Di_DirtyUniforms
 .text.C3Di_LoadShaderUniforms
                0x0011f9c8       0xd8 C:/devkitPro/libctru/lib\libcitro3d.a(uniforms.o)
                0x0011f9c8                C3Di_LoadShaderUniforms
 .text.C3Di_ClearShaderUniforms
                0x0011faa0       0x28 C:/devkitPro/libctru/lib\libcitro3d.a(uniforms.o)
                0x0011faa0                C3Di_ClearShaderUniforms
 .text.Mtx_Multiply
                0x0011fac8       0xb8 C:/devkitPro/libctru/lib\libcitro3d.a(mtx_multiply.o)
                0x0011fac8                Mtx_Multiply
 .text.Mtx_MultiplyFVec3
                0x0011fb80       0x68 C:/devkitPro/libctru/lib\libcitro3d.a(mtx_multiplyfvec3.o)
                0x0011fb80                Mtx_MultiplyFVec3
 .text.Mtx_OrthoTilt
                0x0011fbe8       0xcc C:/devkitPro/libctru/lib\libcitro3d.a(mtx_orthotilt.o)
                0x0011fbe8                Mtx_OrthoTilt
 .text.Mtx_PerspStereoTilt
                0x0011fcb4       0xb8 C:/devkitPro/libctru/lib\libcitro3d.a(mtx_perspstereotilt.o)
                0x0011fcb4                Mtx_PerspStereoTilt
 .text.Mtx_PerspTilt
                0x0011fd6c       0x94 C:/devkitPro/libctru/lib\libcitro3d.a(mtx_persptilt.o)
                0x0011fd6c                Mtx_PerspTilt
 .text.Mtx_RotateX
                0x0011fe00       0xa4 C:/devkitPro/libctru/lib\libcitro3d.a(mtx_rotatex.o)
                0x0011fe00                Mtx_RotateX
 .text.Mtx_RotateY
                0x0011fea4       0xa0 C:/devkitPro/libctru/lib\libcitro3d.a(mtx_rotatey.o)
                0x0011fea4                Mtx_RotateY
 .text.Mtx_RotateZ
                0x0011ff44       0xa0 C:/devkitPro/libctru/lib\libcitro3d.a(mtx_rotatez.o)
                0x0011ff44                Mtx_RotateZ
 .text.Mtx_Scale
                0x0011ffe4       0x38 C:/devkitPro/libctru/lib\libcitro3d.a(mtx_scale.o)
                0x0011ffe4                Mtx_Scale
 .text.Mtx_Translate
                0x0012001c       0xa4 C:/devkitPro/libctru/lib\libcitro3d.a(mtx_translate.o)
                0x0012001c                Mtx_Translate
 .text._ZL21addrMapNodeComparatorPK11rbtree_nodeS1_
                0x001200c0       0x24 C:/devkitPro/libctru/lib\libctru.a(linear.o)
 .text._ZL21addrMapNodeDestructorP11rbtree_node
                0x001200e4        0x4 C:/devkitPro/libctru/lib\libctru.a(linear.o)
 .text.linearMemAlign
                0x001200e8      0x120 C:/devkitPro/libctru/lib\libctru.a(linear.o)
                0x001200e8                linearMemAlign
 .text.linearAlloc
                0x00120208        0x8 C:/devkitPro/libctru/lib\libctru.a(linear.o)
                0x00120208                linearAlloc
 .text.linearFree
                0x00120210       0x5c C:/devkitPro/libctru/lib\libctru.a(linear.o)
                0x00120210                linearFree
 .text._ZN7MemPool13CoalesceRightEP8MemBlock
                0x0012026c       0x80 C:/devkitPro/libctru/lib\libctru.a(mem_pool.o)
                0x0012026c                MemPool::CoalesceRight(MemBlock*)
 .text._ZN7MemPool8AllocateER8MemChunkmi
                0x001202ec      0x16c C:/devkitPro/libctru/lib\libctru.a(mem_pool.o)
                0x001202ec                MemPool::Allocate(MemChunk&, unsigned long, int)
 .text._ZN7MemPool10DeallocateERK8MemChunk
                0x00120458       0xfc C:/devkitPro/libctru/lib\libctru.a(mem_pool.o)
                0x00120458                MemPool::Deallocate(MemChunk const&)
 .text._ZN7MemPool12GetFreeSpaceEv
                0x00120554       0x30 C:/devkitPro/libctru/lib\libctru.a(mem_pool.o)
                0x00120554                MemPool::GetFreeSpace()
 .text._ZL21addrMapNodeComparatorPK11rbtree_nodeS1_
                0x00120584       0x24 C:/devkitPro/libctru/lib\libctru.a(vram.o)
 .text._ZL21addrMapNodeDestructorP11rbtree_node
                0x001205a8        0x4 C:/devkitPro/libctru/lib\libctru.a(vram.o)
 .text.vramMemAlignAt
                0x001205ac      0x24c C:/devkitPro/libctru/lib\libctru.a(vram.o)
                0x001205ac                vramMemAlignAt
 .text.vramAlloc
                0x001207f8        0xc C:/devkitPro/libctru/lib\libctru.a(vram.o)
                0x001207f8                vramAlloc
 .text.vramAllocAt
                0x00120804        0xc C:/devkitPro/libctru/lib\libctru.a(vram.o)
                0x00120804                vramAllocAt
 .text.vramFree
                0x00120810       0x90 C:/devkitPro/libctru/lib\libctru.a(vram.o)
                0x00120810                vramFree
 .text.consoleHandleColorEsc
                0x001208a0      0x51c C:/devkitPro/libctru/lib\libctru.a(console.o)
 .text.consoleColorStateShift
                0x00120dbc       0xb8 C:/devkitPro/libctru/lib\libctru.a(console.o)
 .text.consoleDrawChar
                0x00120e74      0x1ac C:/devkitPro/libctru/lib\libctru.a(console.o)
                0x00120e74                consoleDrawChar
 .text.consolePrintChar
                0x00121020      0x124 C:/devkitPro/libctru/lib\libctru.a(console.o)
                0x00121020                consolePrintChar
 .text.con_write
                0x00121144      0x6f4 C:/devkitPro/libctru/lib\libctru.a(console.o)
                0x00121144                con_write
 .text.newRow   0x00121838       0xfc C:/devkitPro/libctru/lib\libctru.a(console.o)
 .text.consoleInit
                0x00121934      0x18c C:/devkitPro/libctru/lib\libctru.a(console.o)
                0x00121934                consoleInit
 .text.gfxPresentFramebuffer
                0x00121ac0       0xd0 C:/devkitPro/libctru/lib\libctru.a(gfx.o)
 .text.gfxSet3D
                0x00121b90       0x10 C:/devkitPro/libctru/lib\libctru.a(gfx.o)
                0x00121b90                gfxSet3D
 .text.gfxIsWide
                0x00121ba0       0x1c C:/devkitPro/libctru/lib\libctru.a(gfx.o)
                0x00121ba0                gfxIsWide
 .text.gfxSetScreenFormat
                0x00121bbc       0xec C:/devkitPro/libctru/lib\libctru.a(gfx.o)
                0x00121bbc                gfxSetScreenFormat
 .text.gfxSetDoubleBuffering
                0x00121ca8       0x10 C:/devkitPro/libctru/lib\libctru.a(gfx.o)
                0x00121ca8                gfxSetDoubleBuffering
 .text.gfxInit  0x00121cb8       0xe0 C:/devkitPro/libctru/lib\libctru.a(gfx.o)
                0x00121cb8                gfxInit
 .text.gfxInitDefault
                0x00121d98       0x10 C:/devkitPro/libctru/lib\libctru.a(gfx.o)
                0x00121d98                gfxInitDefault
 .text.gfxExit  0x00121da8       0xb4 C:/devkitPro/libctru/lib\libctru.a(gfx.o)
                0x00121da8                gfxExit
 .text.gfxGetFramebuffer
                0x00121e5c       0xa0 C:/devkitPro/libctru/lib\libctru.a(gfx.o)
                0x00121e5c                gfxGetFramebuffer
 .text.gfxFlushBuffers
                0x00121efc      0x104 C:/devkitPro/libctru/lib\libctru.a(gfx.o)
                0x00121efc                gfxFlushBuffers
 .text.gfxScreenSwapBuffers
                0x00122000       0x30 C:/devkitPro/libctru/lib\libctru.a(gfx.o)
                0x00122000                gfxScreenSwapBuffers
 .text.gfxSwapBuffersGpu
                0x00122030       0x50 C:/devkitPro/libctru/lib\libctru.a(gfx.o)
                0x00122030                gfxSwapBuffersGpu
 .text.osConvertVirtToPhys
                0x00122080       0x74 C:/devkitPro/libctru/lib\libctru.a(os.o)
                0x00122080                osConvertVirtToPhys
 .text.osGetTimeRef
                0x001220f4       0x54 C:/devkitPro/libctru/lib\libctru.a(os.o)
                0x001220f4                osGetTimeRef
 .text.osGetTime
                0x00122148       0xec C:/devkitPro/libctru/lib\libctru.a(os.o)
                0x00122148                osGetTime
 .text.__ctru_speedup_config
                0x00122234       0x34 C:/devkitPro/libctru/lib\libctru.a(os.o)
                0x00122234                __ctru_speedup_config
 .text.osSetSpeedupEnable
                0x00122268       0x38 C:/devkitPro/libctru/lib\libctru.a(os.o)
                0x00122268                osSetSpeedupEnable
 .text.romfs_close
                0x001222a0        0x8 C:/devkitPro/libctru/lib\libctru.a(romfs_dev.o)
 .text.romfs_seek
                0x001222a8       0xc4 C:/devkitPro/libctru/lib\libctru.a(romfs_dev.o)
 .text.romfs_dirreset
                0x0012236c       0x24 C:/devkitPro/libctru/lib\libctru.a(romfs_dev.o)
 .text.fill_dir
                0x00122390       0xc8 C:/devkitPro/libctru/lib\libctru.a(romfs_dev.o)
 .text.romfs_dirnext
                0x00122458      0x2a8 C:/devkitPro/libctru/lib\libctru.a(romfs_dev.o)
 .text.romfs_free
                0x00122700       0x84 C:/devkitPro/libctru/lib\libctru.a(romfs_dev.o)
 .text.searchForFile.constprop.0
                0x00122784       0xd4 C:/devkitPro/libctru/lib\libctru.a(romfs_dev.o)
 .text.searchForDir.constprop.0
                0x00122858       0xd8 C:/devkitPro/libctru/lib\libctru.a(romfs_dev.o)
 .text.navigateToDir.constprop.0
                0x00122930      0x1c0 C:/devkitPro/libctru/lib\libctru.a(romfs_dev.o)
 .text.romfs_open
                0x00122af0      0x10c C:/devkitPro/libctru/lib\libctru.a(romfs_dev.o)
 .text.romfs_chdir
                0x00122bfc       0x4c C:/devkitPro/libctru/lib\libctru.a(romfs_dev.o)
 .text.romfs_diropen
                0x00122c48       0x70 C:/devkitPro/libctru/lib\libctru.a(romfs_dev.o)
 .text.romfs_stat
                0x00122cb8      0x174 C:/devkitPro/libctru/lib\libctru.a(romfs_dev.o)
 .text.romfs_dirclose
                0x00122e2c        0x8 C:/devkitPro/libctru/lib\libctru.a(romfs_dev.o)
 *fill*         0x00122e34        0x4 
 .text.romfs_fstat
                0x00122e38       0x84 C:/devkitPro/libctru/lib\libctru.a(romfs_dev.o)
 .text.romfs_read
                0x00122ebc       0xd0 C:/devkitPro/libctru/lib\libctru.a(romfs_dev.o)
 .text.romfsMountFromFile
                0x00122f8c      0x28c C:/devkitPro/libctru/lib\libctru.a(romfs_dev.o)
                0x00122f8c                romfsMountFromFile
 .text.romfsMountFromCurrentProcess
                0x00123218       0x98 C:/devkitPro/libctru/lib\libctru.a(romfs_dev.o)
                0x00123218                romfsMountFromCurrentProcess
 .text.romfsMountSelf
                0x001232b0      0x260 C:/devkitPro/libctru/lib\libctru.a(romfs_dev.o)
                0x001232b0                romfsMountSelf
 .text.romfsUnmount
                0x00123510       0xa0 C:/devkitPro/libctru/lib\libctru.a(romfs_dev.o)
                0x00123510                romfsUnmount
 .text.__sync_init
                0x001235b0        0xc C:/devkitPro/libctru/lib\libctru.a(synchronization.o)
                0x001235b0                __sync_init
 .text.__sync_fini
                0x001235bc       0x18 C:/devkitPro/libctru/lib\libctru.a(synchronization.o)
                0x001235bc                __sync_fini
 .text.syncArbitrateAddress
                0x001235d4       0x2c C:/devkitPro/libctru/lib\libctru.a(synchronization.o)
                0x001235d4                syncArbitrateAddress
 .text.LightLock_Init
                0x00123600       0x1c C:/devkitPro/libctru/lib\libctru.a(synchronization.o)
                0x00123600                LightLock_Init
 .text.LightLock_Lock
                0x0012361c       0xac C:/devkitPro/libctru/lib\libctru.a(synchronization.o)
                0x0012361c                LightLock_Lock
 .text.LightLock_TryLock
                0x001236c8       0x44 C:/devkitPro/libctru/lib\libctru.a(synchronization.o)
                0x001236c8                LightLock_TryLock
 .text.LightLock_Unlock
                0x0012370c       0x40 C:/devkitPro/libctru/lib\libctru.a(synchronization.o)
                0x0012370c                LightLock_Unlock
 .text.RecursiveLock_Lock
                0x0012374c       0x30 C:/devkitPro/libctru/lib\libctru.a(synchronization.o)
                0x0012374c                RecursiveLock_Lock
 .text.RecursiveLock_Unlock
                0x0012377c       0x54 C:/devkitPro/libctru/lib\libctru.a(synchronization.o)
                0x0012377c                RecursiveLock_Unlock
 .text.LightEvent_Init
                0x001237d0       0x40 C:/devkitPro/libctru/lib\libctru.a(synchronization.o)
                0x001237d0                LightEvent_Init
 .text.LightEvent_Clear
                0x00123810       0xa4 C:/devkitPro/libctru/lib\libctru.a(synchronization.o)
                0x00123810                LightEvent_Clear
 .text.LightEvent_Signal
                0x001238b4       0xc8 C:/devkitPro/libctru/lib\libctru.a(synchronization.o)
                0x001238b4                LightEvent_Signal
 .text.LightEvent_TryWait
                0x0012397c       0x50 C:/devkitPro/libctru/lib\libctru.a(synchronization.o)
                0x0012397c                LightEvent_TryWait
 .text.LightEvent_Wait
                0x001239cc       0xa0 C:/devkitPro/libctru/lib\libctru.a(synchronization.o)
                0x001239cc                LightEvent_Wait
 .text.threadCreate
                0x00123a6c      0x1d8 C:/devkitPro/libctru/lib\libctru.a(thread.o)
                0x00123a6c                threadCreate
 .text.threadFree
                0x00123c44       0x2c C:/devkitPro/libctru/lib\libctru.a(thread.o)
                0x00123c44                threadFree
 .text.threadJoin
                0x00123c70       0x24 C:/devkitPro/libctru/lib\libctru.a(thread.o)
                0x00123c70                threadJoin
 .text.threadGetCurrent
                0x00123c94       0x30 C:/devkitPro/libctru/lib\libctru.a(thread.o)
                0x00123c94                threadGetCurrent
 .text.threadExit
                0x00123cc4       0x40 C:/devkitPro/libctru/lib\libctru.a(thread.o)
                0x00123cc4                threadExit
 .text._thread_begin
                0x00123d04       0x20 C:/devkitPro/libctru/lib\libctru.a(thread.o)
 .text.GPUCMD_Add
                0x00123d24      0x13c C:/devkitPro/libctru/lib\libctru.a(gpu.o)
                0x00123d24                GPUCMD_Add
 .text.GPUCMD_Split
                0x00123e60       0xb0 C:/devkitPro/libctru/lib\libctru.a(gpu.o)
                0x00123e60                GPUCMD_Split
 .text.f32tof16
                0x00123f10       0x34 C:/devkitPro/libctru/lib\libctru.a(gpu.o)
                0x00123f10                f32tof16
 .text.f32tof24
                0x00123f44       0x34 C:/devkitPro/libctru/lib\libctru.a(gpu.o)
                0x00123f44                f32tof24
 .text.f32tof31
                0x00123f78       0x38 C:/devkitPro/libctru/lib\libctru.a(gpu.o)
                0x00123f78                f32tof31
 .text.GX_BindQueue
                0x00123fb0       0x10 C:/devkitPro/libctru/lib\libctru.a(gx.o)
                0x00123fb0                GX_BindQueue
 .text.GX_RequestDma
                0x00123fc0       0x6c C:/devkitPro/libctru/lib\libctru.a(gx.o)
                0x00123fc0                GX_RequestDma
 .text.GX_ProcessCommandList
                0x0012402c       0x78 C:/devkitPro/libctru/lib\libctru.a(gx.o)
                0x0012402c                GX_ProcessCommandList
 .text.GX_MemoryFill
                0x001240a4       0x74 C:/devkitPro/libctru/lib\libctru.a(gx.o)
                0x001240a4                GX_MemoryFill
 .text.GX_DisplayTransfer
                0x00124118       0x70 C:/devkitPro/libctru/lib\libctru.a(gx.o)
                0x00124118                GX_DisplayTransfer
 .text.GX_TextureCopy
                0x00124188       0x74 C:/devkitPro/libctru/lib\libctru.a(gx.o)
                0x00124188                GX_TextureCopy
 .text.gxCmdQueueDoCommands.part.0
                0x001241fc       0x68 C:/devkitPro/libctru/lib\libctru.a(gxqueue.o)
 .text.gxCmdQueueInterrupt
                0x00124264       0xc8 C:/devkitPro/libctru/lib\libctru.a(gxqueue.o)
                0x00124264                gxCmdQueueInterrupt
 .text.gxCmdQueueClear
                0x0012432c       0x4c C:/devkitPro/libctru/lib\libctru.a(gxqueue.o)
                0x0012432c                gxCmdQueueClear
 .text.gxCmdQueueAdd
                0x00124378       0xf8 C:/devkitPro/libctru/lib\libctru.a(gxqueue.o)
                0x00124378                gxCmdQueueAdd
 .text.gxCmdQueueRun
                0x00124470       0x80 C:/devkitPro/libctru/lib\libctru.a(gxqueue.o)
                0x00124470                gxCmdQueueRun
 .text.gxCmdQueueStop
                0x001244f0       0x60 C:/devkitPro/libctru/lib\libctru.a(gxqueue.o)
                0x001244f0                gxCmdQueueStop
 .text.gxCmdQueueWait
                0x00124550       0x8c C:/devkitPro/libctru/lib\libctru.a(gxqueue.o)
                0x00124550                gxCmdQueueWait
 .text.shaderInstanceInit
                0x001245dc      0x1d0 C:/devkitPro/libctru/lib\libctru.a(shaderProgram.o)
                0x001245dc                shaderInstanceInit
 .text.shaderInstanceGetUniformLocation
                0x001247ac       0x18 C:/devkitPro/libctru/lib\libctru.a(shaderProgram.o)
                0x001247ac                shaderInstanceGetUniformLocation
 .text.shaderProgramInit
                0x001247c4       0x1c C:/devkitPro/libctru/lib\libctru.a(shaderProgram.o)
                0x001247c4                shaderProgramInit
 .text.shaderProgramFree
                0x001247e0       0x64 C:/devkitPro/libctru/lib\libctru.a(shaderProgram.o)
                0x001247e0                shaderProgramFree
 .text.shaderProgramSetVsh
                0x00124844       0x80 C:/devkitPro/libctru/lib\libctru.a(shaderProgram.o)
                0x00124844                shaderProgramSetVsh
 .text.shaderProgramConfigure
                0x001248c4      0x8e0 C:/devkitPro/libctru/lib\libctru.a(shaderProgram.o)
                0x001248c4                shaderProgramConfigure
 .text.DVLE_GenerateOutmap.part.0
                0x001251a4      0x1cc C:/devkitPro/libctru/lib\libctru.a(shbin.o)
 .text.DVLB_ParseFile
                0x00125370      0x1b4 C:/devkitPro/libctru/lib\libctru.a(shbin.o)
                0x00125370                DVLB_ParseFile
 .text.DVLB_Free
                0x00125524       0x38 C:/devkitPro/libctru/lib\libctru.a(shbin.o)
                0x00125524                DVLB_Free
 .text.DVLE_GetUniformRegister
                0x0012555c       0x74 C:/devkitPro/libctru/lib\libctru.a(shbin.o)
                0x0012555c                DVLE_GetUniformRegister
 .text.ndspChnReset
                0x001255d0       0xe4 C:/devkitPro/libctru/lib\libctru.a(ndsp-channel.o)
                0x001255d0                ndspChnReset
 .text.ndspChnSetFormat
                0x001256b4       0x18 C:/devkitPro/libctru/lib\libctru.a(ndsp-channel.o)
                0x001256b4                ndspChnSetFormat
 .text.ndspChnSetInterp
                0x001256cc       0x48 C:/devkitPro/libctru/lib\libctru.a(ndsp-channel.o)
                0x001256cc                ndspChnSetInterp
 .text.ndspChnSetRate
                0x00125714       0x5c C:/devkitPro/libctru/lib\libctru.a(ndsp-channel.o)
                0x00125714                ndspChnSetRate
 .text.ndspChnWaveBufAdd
                0x00125770       0xbc C:/devkitPro/libctru/lib\libctru.a(ndsp-channel.o)
                0x00125770                ndspChnWaveBufAdd
 *fill*         0x0012582c        0x4 
 .text.ndspFinalize
                0x00125830      0x110 C:/devkitPro/libctru/lib\libctru.a(ndsp.o)
 .text.ndspExit
                0x00125940       0xcc C:/devkitPro/libctru/lib\libctru.a(ndsp.o)
                0x00125940                ndspExit
 .text.ndspSetOutputMode
                0x00125a0c       0x34 C:/devkitPro/libctru/lib\libctru.a(ndsp.o)
                0x00125a0c                ndspSetOutputMode
 .text.ndspSetCallback
                0x00125a40       0x10 C:/devkitPro/libctru/lib\libctru.a(ndsp.o)
                0x00125a40                ndspSetCallback
 .text.aptConvertScreenForCapture
                0x00125a50      0x1ac C:/devkitPro/libctru/lib\libctru.a(apt.o)
 .text.aptSendCommand
                0x00125bfc      0x158 C:/devkitPro/libctru/lib\libctru.a(apt.o)
                0x00125bfc                aptSendCommand
 *fill*         0x00125d54        0x4 
 .text.aptExitProcess
                0x00125d58       0x44 C:/devkitPro/libctru/lib\libctru.a(apt.o)
 .text.aptExit  0x00125d9c      0x38c C:/devkitPro/libctru/lib\libctru.a(apt.o)
                0x00125d9c                aptExit
 .text.aptHandleSleep
                0x00126128       0xe0 C:/devkitPro/libctru/lib\libctru.a(apt.o)
                0x00126128                aptHandleSleep
 .text.aptHook  0x00126208       0x30 C:/devkitPro/libctru/lib\libctru.a(apt.o)
                0x00126208                aptHook
 .text.aptUnhook
                0x00126238       0x30 C:/devkitPro/libctru/lib\libctru.a(apt.o)
                0x00126238                aptUnhook
 .text.aptSetMessageCallback
                0x00126268       0x1c C:/devkitPro/libctru/lib\libctru.a(apt.o)
                0x00126268                aptSetMessageCallback
 .text.APT_SleepIfShellClosed
                0x00126284       0x84 C:/devkitPro/libctru/lib\libctru.a(apt.o)
                0x00126284                APT_SleepIfShellClosed
 .text.aptSetSleepAllowed
                0x00126308       0x84 C:/devkitPro/libctru/lib\libctru.a(apt.o)
                0x00126308                aptSetSleepAllowed
 .text.APT_UnlockTransition
                0x0012638c       0x84 C:/devkitPro/libctru/lib\libctru.a(apt.o)
                0x0012638c                APT_UnlockTransition
 .text.aptEventHandler
                0x00126410      0x4a4 C:/devkitPro/libctru/lib\libctru.a(apt.o)
 .text.APT_ReceiveParameter
                0x001268b4       0xb0 C:/devkitPro/libctru/lib\libctru.a(apt.o)
                0x001268b4                APT_ReceiveParameter
 .text.aptReceiveParameter.constprop.0
                0x00126964       0xac C:/devkitPro/libctru/lib\libctru.a(apt.o)
 .text.aptScreenTransfer
                0x00126a10      0x2ac C:/devkitPro/libctru/lib\libctru.a(apt.o)
 .text.aptWaitForWakeUp.isra.0
                0x00126cbc      0x320 C:/devkitPro/libctru/lib\libctru.a(apt.o)
 .text.aptLaunchLibraryApplet
                0x00126fdc      0x118 C:/devkitPro/libctru/lib\libctru.a(apt.o)
                0x00126fdc                aptLaunchLibraryApplet
 .text.aptJumpToHomeMenu
                0x001270f4       0xf8 C:/devkitPro/libctru/lib\libctru.a(apt.o)
                0x001270f4                aptJumpToHomeMenu
 .text.aptMainLoop
                0x001271ec       0x48 C:/devkitPro/libctru/lib\libctru.a(apt.o)
                0x001271ec                aptMainLoop
 .text.aptInit  0x00127234      0x22c C:/devkitPro/libctru/lib\libctru.a(apt.o)
                0x00127234                aptInit
 .text.APT_SendParameter
                0x00127460       0x5c C:/devkitPro/libctru/lib\libctru.a(apt.o)
                0x00127460                APT_SendParameter
 .text.APT_SetAppCpuTimeLimit
                0x001274bc       0x30 C:/devkitPro/libctru/lib\libctru.a(apt.o)
                0x001274bc                APT_SetAppCpuTimeLimit
 .text.APT_CheckNew3DS
                0x001274ec       0x7c C:/devkitPro/libctru/lib\libctru.a(apt.o)
                0x001274ec                APT_CheckNew3DS
 .text.DSP_LoadComponent.part.0
                0x00127568       0xa4 C:/devkitPro/libctru/lib\libctru.a(dsp.o)
 .text.dspExit  0x0012760c       0x80 C:/devkitPro/libctru/lib\libctru.a(dsp.o)
                0x0012760c                dspExit
 .text.dspUnhook
                0x0012768c       0x30 C:/devkitPro/libctru/lib\libctru.a(dsp.o)
                0x0012768c                dspUnhook
 .text.aptDspSleep
                0x001276bc       0xb0 C:/devkitPro/libctru/lib\libctru.a(dsp.o)
                0x001276bc                aptDspSleep
 .text.aptDspWakeup
                0x0012776c       0xb8 C:/devkitPro/libctru/lib\libctru.a(dsp.o)
                0x0012776c                aptDspWakeup
 .text.aptDspCancel
                0x00127824       0x44 C:/devkitPro/libctru/lib\libctru.a(dsp.o)
                0x00127824                aptDspCancel
 .text.DSP_FlushDataCache
                0x00127868       0x50 C:/devkitPro/libctru/lib\libctru.a(dsp.o)
                0x00127868                DSP_FlushDataCache
 .text.DSP_RegisterInterruptEvents
                0x001278b8       0x44 C:/devkitPro/libctru/lib\libctru.a(dsp.o)
                0x001278b8                DSP_RegisterInterruptEvents
 .text.DSP_WriteProcessPipe
                0x001278fc       0x4c C:/devkitPro/libctru/lib\libctru.a(dsp.o)
                0x001278fc                DSP_WriteProcessPipe
 .text.DSP_RecvData
                0x00127948       0x40 C:/devkitPro/libctru/lib\libctru.a(dsp.o)
                0x00127948                DSP_RecvData
 .text.DSP_RecvDataIsReady
                0x00127988       0x4c C:/devkitPro/libctru/lib\libctru.a(dsp.o)
                0x00127988                DSP_RecvDataIsReady
 .text.fsInit   0x001279d4       0xcc C:/devkitPro/libctru/lib\libctru.a(fs.o)
                0x001279d4                fsInit
 .text.fsExit   0x00127aa0       0x3c C:/devkitPro/libctru/lib\libctru.a(fs.o)
                0x00127aa0                fsExit
 .text.fsExemptFromSession
                0x00127adc       0x60 C:/devkitPro/libctru/lib\libctru.a(fs.o)
                0x00127adc                fsExemptFromSession
 .text.fsUnexemptFromSession
                0x00127b3c       0x50 C:/devkitPro/libctru/lib\libctru.a(fs.o)
                0x00127b3c                fsUnexemptFromSession
 .text.FSUSER_OpenFile
                0x00127b8c       0xcc C:/devkitPro/libctru/lib\libctru.a(fs.o)
                0x00127b8c                FSUSER_OpenFile
 .text.FSUSER_OpenFileDirectly
                0x00127c58       0xd4 C:/devkitPro/libctru/lib\libctru.a(fs.o)
                0x00127c58                FSUSER_OpenFileDirectly
 .text.FSUSER_DeleteFile
                0x00127d2c       0xbc C:/devkitPro/libctru/lib\libctru.a(fs.o)
                0x00127d2c                FSUSER_DeleteFile
 .text.FSUSER_RenameFile
                0x00127de8       0xf8 C:/devkitPro/libctru/lib\libctru.a(fs.o)
                0x00127de8                FSUSER_RenameFile
 .text.FSUSER_DeleteDirectory
                0x00127ee0       0xbc C:/devkitPro/libctru/lib\libctru.a(fs.o)
                0x00127ee0                FSUSER_DeleteDirectory
 .text.FSUSER_CreateFile
                0x00127f9c       0xd4 C:/devkitPro/libctru/lib\libctru.a(fs.o)
                0x00127f9c                FSUSER_CreateFile
 .text.FSUSER_CreateDirectory
                0x00128070       0xc4 C:/devkitPro/libctru/lib\libctru.a(fs.o)
                0x00128070                FSUSER_CreateDirectory
 .text.FSUSER_RenameDirectory
                0x00128134       0xf8 C:/devkitPro/libctru/lib\libctru.a(fs.o)
                0x00128134                FSUSER_RenameDirectory
 .text.FSUSER_OpenDirectory
                0x0012822c       0xb4 C:/devkitPro/libctru/lib\libctru.a(fs.o)
                0x0012822c                FSUSER_OpenDirectory
 .text.FSUSER_OpenArchive
                0x001282e0       0x94 C:/devkitPro/libctru/lib\libctru.a(fs.o)
                0x001282e0                FSUSER_OpenArchive
 .text.FSUSER_CloseArchive
                0x00128374       0x8c C:/devkitPro/libctru/lib\libctru.a(fs.o)
                0x00128374                FSUSER_CloseArchive
 .text.FSUSER_GetSdmcArchiveResource
                0x00128400       0x74 C:/devkitPro/libctru/lib\libctru.a(fs.o)
                0x00128400                FSUSER_GetSdmcArchiveResource
 .text.FSUSER_IsSdmcWritable
                0x00128474       0x64 C:/devkitPro/libctru/lib\libctru.a(fs.o)
                0x00128474                FSUSER_IsSdmcWritable
 .text.FSFILE_Read
                0x001284d8       0x58 C:/devkitPro/libctru/lib\libctru.a(fs.o)
                0x001284d8                FSFILE_Read
 .text.FSFILE_Write
                0x00128530       0x60 C:/devkitPro/libctru/lib\libctru.a(fs.o)
                0x00128530                FSFILE_Write
 .text.FSFILE_GetSize
                0x00128590       0x38 C:/devkitPro/libctru/lib\libctru.a(fs.o)
                0x00128590                FSFILE_GetSize
 .text.FSFILE_SetSize
                0x001285c8       0x28 C:/devkitPro/libctru/lib\libctru.a(fs.o)
                0x001285c8                FSFILE_SetSize
 .text.FSFILE_Close
                0x001285f0       0x3c C:/devkitPro/libctru/lib\libctru.a(fs.o)
                0x001285f0                FSFILE_Close
 .text.FSFILE_Flush
                0x0012862c       0x24 C:/devkitPro/libctru/lib\libctru.a(fs.o)
                0x0012862c                FSFILE_Flush
 .text.FSDIR_Read
                0x00128650       0x50 C:/devkitPro/libctru/lib\libctru.a(fs.o)
                0x00128650                FSDIR_Read
 .text.FSDIR_Close
                0x001286a0       0x3c C:/devkitPro/libctru/lib\libctru.a(fs.o)
                0x001286a0                FSDIR_Close
 .text.gspHardwareInit
                0x001286dc      0xc64 C:/devkitPro/libctru/lib\libctru.a(gspgpu.o)
 .text.gspInit  0x00129340      0x248 C:/devkitPro/libctru/lib\libctru.a(gspgpu.o)
                0x00129340                gspInit
 .text.gspExit  0x00129588       0xf0 C:/devkitPro/libctru/lib\libctru.a(gspgpu.o)
                0x00129588                gspExit
 .text.gspHasGpuRight
                0x00129678       0x10 C:/devkitPro/libctru/lib\libctru.a(gspgpu.o)
                0x00129678                gspHasGpuRight
 .text.gspPresentBuffer
                0x00129688       0xa0 C:/devkitPro/libctru/lib\libctru.a(gspgpu.o)
                0x00129688                gspPresentBuffer
 .text.gspSetEventCallback
                0x00129728       0x30 C:/devkitPro/libctru/lib\libctru.a(gspgpu.o)
                0x00129728                gspSetEventCallback
 .text.gspWaitForEvent
                0x00129758       0x44 C:/devkitPro/libctru/lib\libctru.a(gspgpu.o)
                0x00129758                gspWaitForEvent
 .text.gspWaitForAnyEvent
                0x0012979c       0x4c C:/devkitPro/libctru/lib\libctru.a(gspgpu.o)
                0x0012979c                gspWaitForAnyEvent
 .text.gspEventThreadMain
                0x001297e8      0x158 C:/devkitPro/libctru/lib\libctru.a(gspgpu.o)
 .text.gspSubmitGxCommand
                0x00129940      0x130 C:/devkitPro/libctru/lib\libctru.a(gspgpu.o)
                0x00129940                gspSubmitGxCommand
 .text.GSPGPU_FlushDataCache
                0x00129a70       0x50 C:/devkitPro/libctru/lib\libctru.a(gspgpu.o)
                0x00129a70                GSPGPU_FlushDataCache
 .text.GSPGPU_SetLcdForceBlack
                0x00129ac0       0x34 C:/devkitPro/libctru/lib\libctru.a(gspgpu.o)
                0x00129ac0                GSPGPU_SetLcdForceBlack
 .text.GSPGPU_AcquireRight
                0x00129af4       0x68 C:/devkitPro/libctru/lib\libctru.a(gspgpu.o)
                0x00129af4                GSPGPU_AcquireRight
 .text.GSPGPU_ReleaseRight
                0x00129b5c       0x48 C:/devkitPro/libctru/lib\libctru.a(gspgpu.o)
                0x00129b5c                GSPGPU_ReleaseRight
 .text.GSPGPU_ImportDisplayCaptureInfo
                0x00129ba4       0x7c C:/devkitPro/libctru/lib\libctru.a(gspgpu.o)
                0x00129ba4                GSPGPU_ImportDisplayCaptureInfo
 .text.GSPGPU_SaveVramSysArea
                0x00129c20       0x2c C:/devkitPro/libctru/lib\libctru.a(gspgpu.o)
                0x00129c20                GSPGPU_SaveVramSysArea
 .text.GSPGPU_RestoreVramSysArea
                0x00129c4c       0x2c C:/devkitPro/libctru/lib\libctru.a(gspgpu.o)
                0x00129c4c                GSPGPU_RestoreVramSysArea
 .text.hidShouldUseIrrst
                0x00129c78       0x24 C:/devkitPro/libctru/lib\libctru.a(hid.o)
                0x00129c78                hidShouldUseIrrst
 .text.hidInit  0x00129c9c      0x18c C:/devkitPro/libctru/lib\libctru.a(hid.o)
                0x00129c9c                hidInit
 .text.hidExit  0x00129e28       0xe8 C:/devkitPro/libctru/lib\libctru.a(hid.o)
                0x00129e28                hidExit
 .text.hidScanInput
                0x00129f10      0x2a4 C:/devkitPro/libctru/lib\libctru.a(hid.o)
                0x00129f10                hidScanInput
 .text.hidKeysHeld
                0x0012a1b4       0x10 C:/devkitPro/libctru/lib\libctru.a(hid.o)
                0x0012a1b4                hidKeysHeld
 .text.hidKeysDown
                0x0012a1c4       0x10 C:/devkitPro/libctru/lib\libctru.a(hid.o)
                0x0012a1c4                hidKeysDown
 .text.hidKeysUp
                0x0012a1d4       0x10 C:/devkitPro/libctru/lib\libctru.a(hid.o)
                0x0012a1d4                hidKeysUp
 .text.hidTouchRead
                0x0012a1e4       0x18 C:/devkitPro/libctru/lib\libctru.a(hid.o)
                0x0012a1e4                hidTouchRead
 .text.hidCircleRead
                0x0012a1fc       0x18 C:/devkitPro/libctru/lib\libctru.a(hid.o)
                0x0012a1fc                hidCircleRead
 .text.irrstInit
                0x0012a214      0x160 C:/devkitPro/libctru/lib\libctru.a(irrst.o)
                0x0012a214                irrstInit
 .text.irrstExit
                0x0012a374       0xcc C:/devkitPro/libctru/lib\libctru.a(irrst.o)
                0x0012a374                irrstExit
 .text.irrstScanInput
                0x0012a440       0xb4 C:/devkitPro/libctru/lib\libctru.a(irrst.o)
                0x0012a440                irrstScanInput
 .text.irrstKeysHeld
                0x0012a4f4       0x24 C:/devkitPro/libctru/lib\libctru.a(irrst.o)
                0x0012a4f4                irrstKeysHeld
 .text.irrstCstickRead
                0x0012a518       0x18 C:/devkitPro/libctru/lib\libctru.a(irrst.o)
                0x0012a518                irrstCstickRead
 .text.ptmSysmInit
                0x0012a530       0x74 C:/devkitPro/libctru/lib\libctru.a(ptmsysm.o)
                0x0012a530                ptmSysmInit
 .text.ptmSysmExit
                0x0012a5a4       0x3c C:/devkitPro/libctru/lib\libctru.a(ptmsysm.o)
                0x0012a5a4                ptmSysmExit
 .text.PTMSYSM_ConfigureNew3DSCPU
                0x0012a5e0       0x34 C:/devkitPro/libctru/lib\libctru.a(ptmsysm.o)
                0x0012a5e0                PTMSYSM_ConfigureNew3DSCPU
 .text.swkbdMessageCallback
                0x0012a614      0x178 C:/devkitPro/libctru/lib\libctru.a(swkbd.o)
 .text.swkbdInit
                0x0012a78c       0x78 C:/devkitPro/libctru/lib\libctru.a(swkbd.o)
                0x0012a78c                swkbdInit
 .text.swkbdSetHintText
                0x0012a804       0x50 C:/devkitPro/libctru/lib\libctru.a(swkbd.o)
                0x0012a804                swkbdSetHintText
 .text.swkbdInputText
                0x0012a854      0x3a8 C:/devkitPro/libctru/lib\libctru.a(swkbd.o)
                0x0012a854                swkbdInputText
 .text.rbtree_find
                0x0012abfc       0x74 C:/devkitPro/libctru/lib\libctru.a(rbtree_find.o)
                0x0012abfc                rbtree_find
 .text.rbtree_init
                0x0012ac70       0x10 C:/devkitPro/libctru/lib\libctru.a(rbtree_init.o)
                0x0012ac70                rbtree_init
 .text.do_insert
                0x0012ac80      0x1b0 C:/devkitPro/libctru/lib\libctru.a(rbtree_insert.o)
 .text.rbtree_insert
                0x0012ae30        0x8 C:/devkitPro/libctru/lib\libctru.a(rbtree_insert.o)
                0x0012ae30                rbtree_insert
 .text.rbtree_remove
                0x0012ae38      0x318 C:/devkitPro/libctru/lib\libctru.a(rbtree_remove.o)
                0x0012ae38                rbtree_remove
 .text.rbtree_rotate
                0x0012b150       0x90 C:/devkitPro/libctru/lib\libctru.a(rbtree_rotate.o)
                0x0012b150                rbtree_rotate
 .text.utf16_to_utf8
                0x0012b1e0       0xe8 C:/devkitPro/libctru/lib\libctru.a(utf16_to_utf8.o)
                0x0012b1e0                utf16_to_utf8
 .text.utf8_to_utf16
                0x0012b2c8       0xc0 C:/devkitPro/libctru/lib\libctru.a(utf8_to_utf16.o)
                0x0012b2c8                utf8_to_utf16
 .text.__system_allocateHeaps
                0x0012b388      0x1e0 C:/devkitPro/libctru/lib\libctru.a(allocateHeaps.o)
                0x0012b388                __system_allocateHeaps
 .text.__libctru_init
                0x0012b568       0x38 C:/devkitPro/libctru/lib\libctru.a(ctru_init.o)
                0x0012b568                __libctru_init
 .text.__system_initArgv
                0x0012b5a0      0x170 C:/devkitPro/libctru/lib\libctru.a(initArgv.o)
                0x0012b5a0                __system_initArgv
 .text.__syscall_getreent
                0x0012b710       0x30 C:/devkitPro/libctru/lib\libctru.a(syscalls.o)
                0x0012b710                __syscall_getreent
 .text.__syscall_gettod_r
                0x0012b740       0x64 C:/devkitPro/libctru/lib\libctru.a(syscalls.o)
                0x0012b740                __syscall_gettod_r
 .text.__syscall_nanosleep
                0x0012b7a4       0x30 C:/devkitPro/libctru/lib\libctru.a(syscalls.o)
                0x0012b7a4                __syscall_nanosleep
 .text.__syscall_lock_acquire
                0x0012b7d4        0x4 C:/devkitPro/libctru/lib\libctru.a(syscalls.o)
                0x0012b7d4                __syscall_lock_acquire
 .text.__syscall_lock_release
                0x0012b7d8        0x4 C:/devkitPro/libctru/lib\libctru.a(syscalls.o)
                0x0012b7d8                __syscall_lock_release
 .text.__syscall_lock_acquire_recursive
                0x0012b7dc        0x4 C:/devkitPro/libctru/lib\libctru.a(syscalls.o)
                0x0012b7dc                __syscall_lock_acquire_recursive
 .text.__syscall_lock_release_recursive
                0x0012b7e0        0x4 C:/devkitPro/libctru/lib\libctru.a(syscalls.o)
                0x0012b7e0                __syscall_lock_release_recursive
 .text.__syscall_exit
                0x0012b7e4        0x4 C:/devkitPro/libctru/lib\libctru.a(syscalls.o)
                0x0012b7e4                __syscall_exit
 .text.initThreadVars
                0x0012b7e8       0x50 C:/devkitPro/libctru/lib\libctru.a(syscalls.o)
                0x0012b7e8                initThreadVars
 .text.__system_initSyscalls
                0x0012b838       0x80 C:/devkitPro/libctru/lib\libctru.a(syscalls.o)
                0x0012b838                __system_initSyscalls
 .text.svcControlMemory
                0x0012b8b8       0x20 C:/devkitPro/libctru/lib\libctru.a(svc.o)
                0x0012b8b8                svcControlMemory
 .text.svcQueryMemory
                0x0012b8d8       0x30 C:/devkitPro/libctru/lib\libctru.a(svc.o)
                0x0012b8d8                svcQueryMemory
 .text.svcExitProcess
                0x0012b908        0x8 C:/devkitPro/libctru/lib\libctru.a(svc.o)
                0x0012b908                svcExitProcess
 .text.svcCreateThread
                0x0012b910       0x20 C:/devkitPro/libctru/lib\libctru.a(svc.o)
                0x0012b910                svcCreateThread
 .text.svcExitThread
                0x0012b930        0x8 C:/devkitPro/libctru/lib\libctru.a(svc.o)
                0x0012b930                svcExitThread
 .text.svcSleepThread
                0x0012b938        0x8 C:/devkitPro/libctru/lib\libctru.a(svc.o)
                0x0012b938                svcSleepThread
 .text.svcGetThreadPriority
                0x0012b940       0x14 C:/devkitPro/libctru/lib\libctru.a(svc.o)
                0x0012b940                svcGetThreadPriority
 .text.svcReleaseMutex
                0x0012b954        0x8 C:/devkitPro/libctru/lib\libctru.a(svc.o)
                0x0012b954                svcReleaseMutex
 .text.svcCreateEvent
                0x0012b95c       0x14 C:/devkitPro/libctru/lib\libctru.a(svc.o)
                0x0012b95c                svcCreateEvent
 .text.svcSignalEvent
                0x0012b970        0x8 C:/devkitPro/libctru/lib\libctru.a(svc.o)
                0x0012b970                svcSignalEvent
 .text.svcClearEvent
                0x0012b978        0x8 C:/devkitPro/libctru/lib\libctru.a(svc.o)
                0x0012b978                svcClearEvent
 .text.svcCreateMemoryBlock
                0x0012b980       0x18 C:/devkitPro/libctru/lib\libctru.a(svc.o)
                0x0012b980                svcCreateMemoryBlock
 .text.svcMapMemoryBlock
                0x0012b998        0x8 C:/devkitPro/libctru/lib\libctru.a(svc.o)
                0x0012b998                svcMapMemoryBlock
 .text.svcUnmapMemoryBlock
                0x0012b9a0        0x8 C:/devkitPro/libctru/lib\libctru.a(svc.o)
                0x0012b9a0                svcUnmapMemoryBlock
 .text.svcCreateAddressArbiter
                0x0012b9a8       0x14 C:/devkitPro/libctru/lib\libctru.a(svc.o)
                0x0012b9a8                svcCreateAddressArbiter
 .text.svcArbitrateAddressNoTimeout
                0x0012b9bc        0x8 C:/devkitPro/libctru/lib\libctru.a(svc.o)
                0x0012b9bc                svcArbitrateAddressNoTimeout
 .text.svcCloseHandle
                0x0012b9c4        0x8 C:/devkitPro/libctru/lib\libctru.a(svc.o)
                0x0012b9c4                svcCloseHandle
 .text.svcWaitSynchronization
                0x0012b9cc        0x8 C:/devkitPro/libctru/lib\libctru.a(svc.o)
                0x0012b9cc                svcWaitSynchronization
 .text.svcWaitSynchronizationN
                0x0012b9d4       0x28 C:/devkitPro/libctru/lib\libctru.a(svc.o)
                0x0012b9d4                svcWaitSynchronizationN
 .text.svcDuplicateHandle
                0x0012b9fc       0x14 C:/devkitPro/libctru/lib\libctru.a(svc.o)
                0x0012b9fc                svcDuplicateHandle
 .text.svcGetSystemTick
                0x0012ba10        0x8 C:/devkitPro/libctru/lib\libctru.a(svc.o)
                0x0012ba10                svcGetSystemTick
 .text.svcConnectToPort
                0x0012ba18       0x14 C:/devkitPro/libctru/lib\libctru.a(svc.o)
                0x0012ba18                svcConnectToPort
 .text.svcSendSyncRequest
                0x0012ba2c        0x8 C:/devkitPro/libctru/lib\libctru.a(svc.o)
                0x0012ba2c                svcSendSyncRequest
 .text.svcGetResourceLimit
                0x0012ba34       0x14 C:/devkitPro/libctru/lib\libctru.a(svc.o)
                0x0012ba34                svcGetResourceLimit
 .text.svcGetResourceLimitLimitValues
                0x0012ba48        0x8 C:/devkitPro/libctru/lib\libctru.a(svc.o)
                0x0012ba48                svcGetResourceLimitLimitValues
 .text.svcGetResourceLimitCurrentValues
                0x0012ba50        0x8 C:/devkitPro/libctru/lib\libctru.a(svc.o)
                0x0012ba50                svcGetResourceLimitCurrentValues
 .text.svcBreak
                0x0012ba58        0x8 C:/devkitPro/libctru/lib\libctru.a(svc.o)
                0x0012ba58                svcBreak
 .text.__aeabi_read_tp
                0x0012ba60        0xc C:/devkitPro/libctru/lib\libctru.a(readtp.o)
                0x0012ba60                __aeabi_read_tp
 .text.initSystem
                0x0012ba6c       0x50 C:/devkitPro/libctru/lib\libctru.a(stack_adjust.o)
                0x0012ba6c                initSystem
 .text.__ctru_exit
                0x0012babc       0x14 C:/devkitPro/libctru/lib\libctru.a(stack_adjust.o)
                0x0012babc                __ctru_exit
 .text.envGetHandle
                0x0012bad0       0x84 C:/devkitPro/libctru/lib\libctru.a(env.o)
                0x0012bad0                envGetHandle
 .text.envDestroyHandles
                0x0012bb54       0x50 C:/devkitPro/libctru/lib\libctru.a(env.o)
                0x0012bb54                envDestroyHandles
 .text.srvInit  0x0012bba4      0x12c C:/devkitPro/libctru/lib\libctru.a(srv.o)
                0x0012bba4                srvInit
 .text.srvExit  0x0012bcd0       0x58 C:/devkitPro/libctru/lib\libctru.a(srv.o)
                0x0012bcd0                srvExit
 .text.srvEnableNotification
                0x0012bd28       0x60 C:/devkitPro/libctru/lib\libctru.a(srv.o)
                0x0012bd28                srvEnableNotification
 .text.srvGetServiceHandleDirect
                0x0012bd88       0xa0 C:/devkitPro/libctru/lib\libctru.a(srv.o)
                0x0012bd88                srvGetServiceHandleDirect
 .text.srvGetServiceHandle
                0x0012be28       0x38 C:/devkitPro/libctru/lib\libctru.a(srv.o)
                0x0012be28                srvGetServiceHandle
 .text.srvSubscribe
                0x0012be60       0x34 C:/devkitPro/libctru/lib\libctru.a(srv.o)
                0x0012be60                srvSubscribe
 .text.srvReceiveNotification
                0x0012be94       0x60 C:/devkitPro/libctru/lib\libctru.a(srv.o)
                0x0012be94                srvReceiveNotification
 .text.srvPublishToSubscriber
                0x0012bef4       0x38 C:/devkitPro/libctru/lib\libctru.a(srv.o)
                0x0012bef4                srvPublishToSubscriber
 .text.mappableFindAddressWithin
                0x0012bf2c       0xb4 C:/devkitPro/libctru/lib\libctru.a(mappable.o)
 .text.mappableInit
                0x0012bfe0       0x28 C:/devkitPro/libctru/lib\libctru.a(mappable.o)
                0x0012bfe0                mappableInit
 .text.mappableAlloc
                0x0012c008       0x80 C:/devkitPro/libctru/lib\libctru.a(mappable.o)
                0x0012c008                mappableAlloc
 .text.mappableFree
                0x0012c088        0x4 C:/devkitPro/libctru/lib\libctru.a(mappable.o)
                0x0012c088                mappableFree
 .text.srvPmGetSessionHandle
                0x0012c08c        0xc C:/devkitPro/libctru/lib\libctru.a(srvpm.o)
                0x0012c08c                srvPmGetSessionHandle
 .text.rbtree_node_next
                0x0012c098       0x5c C:/devkitPro/libctru/lib\libctru.a(rbtree_iterator.o)
                0x0012c098                rbtree_node_next
 .text.decode_utf16
                0x0012c0f4       0x64 C:/devkitPro/libctru/lib\libctru.a(decode_utf16.o)
                0x0012c0f4                decode_utf16
 .text.decode_utf8
                0x0012c158      0x13c C:/devkitPro/libctru/lib\libctru.a(decode_utf8.o)
                0x0012c158                decode_utf8
 .text.encode_utf16
                0x0012c294       0x54 C:/devkitPro/libctru/lib\libctru.a(encode_utf16.o)
                0x0012c294                encode_utf16
 .text.encode_utf8
                0x0012c2e8       0xe0 C:/devkitPro/libctru/lib\libctru.a(encode_utf8.o)
                0x0012c2e8                encode_utf8
 .text.__appExit