Archive member included to satisfy reference by file (symbol)

C:/devkitPro/libctru/lib\libcitro3d.a(attribs.o)
                              Renderer.o (AttrInfo_Init)
C:/devkitPro/libctru/lib\libcitro3d.a(base.o)
                              C:/devkitPro/libctru/lib\libcitro3d.a(attribs.o) (__C3D_Context)
C:/devkitPro/libctru/lib\libcitro3d.a(buffers.o)
                              Clouds.o (BufInfo_Init)
C:/devkitPro/libctru/lib\libcitro3d.a(drawArrays.o)
                              Clouds.o (C3D_DrawArrays)
C:/devkitPro/libctru/lib\libcitro3d.a(effect.o)
                              Cursor.o (C3D_DepthMap)
C:/devkitPro/libctru/lib\libcitro3d.a(fog.o)
                              WorldRenderer.o (FogLut_FromArray)
C:/devkitPro/libctru/lib\libcitro3d.a(framebuffer.o)
                              C:/devkitPro/libctru/lib\libcitro3d.a(base.o) (C3Di_FrameBufBind)
C:/devkitPro/libctru/lib\libcitro3d.a(immediate.o)
                              C:/devkitPro/libctru/lib\libcitro3d.a(base.o) (C3D_ImmSendAttrib)
C:/devkitPro/libctru/lib\libcitro3d.a(renderqueue.o)
                              C:/devkitPro/libctru/lib\libcitro3d.a(base.o) (C3Di_RenderQueueEnableVBlank)
C:/devkitPro/libctru/lib\libcitro3d.a(texenv.o)
                              Cursor.o (C3D_GetTexEnv)
C:/devkitPro/libctru/lib\libcitro3d.a(texture.o)
                              Clouds.o (C3D_TexInitWithParams)
C:/devkitPro/libctru/lib\libcitro3d.a(uniforms.o)
                              C:/devkitPro/libctru/lib\libcitro3d.a(base.o) (C3D_UpdateUniforms)
C:/devkitPro/libctru/lib\libcitro3d.a(mtx_multiply.o)
                              Camera.o (Mtx_Multiply)
C:/devkitPro/libctru/lib\libcitro3d.a(mtx_multiplyfvec3.o)
                              SpriteBatch.o (Mtx_MultiplyFVec3)
C:/devkitPro/libctru/lib\libcitro3d.a(mtx_orthotilt.o)
                              SpriteBatch.o (Mtx_OrthoTilt)
C:/devkitPro/libctru/lib\libcitro3d.a(mtx_perspstereotilt.o)
                              Camera.o (Mtx_PerspStereoTilt)
C:/devkitPro/libctru/lib\libcitro3d.a(mtx_persptilt.o)
                              Camera.o (Mtx_PerspTilt)
C:/devkitPro/libctru/lib\libcitro3d.a(mtx_rotatex.o)
                              Camera.o (Mtx_RotateX)
C:/devkitPro/libctru/lib\libcitro3d.a(mtx_rotatey.o)
                              Camera.o (Mtx_RotateY)
C:/devkitPro/libctru/lib\libcitro3d.a(mtx_rotatez.o)
                              Hand.o (Mtx_RotateZ)
C:/devkitPro/libctru/lib\libcitro3d.a(mtx_scale.o)
                              Clouds.o (Mtx_Scale)
C:/devkitPro/libctru/lib\libcitro3d.a(mtx_translate.o)
                              Camera.o (Mtx_Translate)
C:/devkitPro/libctru/lib\libctru.a(linear.o)
                              Sound.o (linearAlloc)
C:/devkitPro/libctru/lib\libctru.a(mem_pool.o)
                              C:/devkitPro/libctru/lib\libctru.a(linear.o) (MemPool::Allocate(MemChunk&, unsigned long, int))
C:/devkitPro/libctru/lib\libctru.a(vram.o)
                              C:/devkitPro/libctru/lib\libcitro3d.a(renderqueue.o) (vramAlloc)
C:/devkitPro/libctru/lib\libctru.a(console.o)
                              Crash.o (consoleInit)
C:/devkitPro/libctru/lib\libctru.a(gfx.o)
                              main.o (gfxSet3D)
C:/devkitPro/libctru/lib\libctru.a(os.o)
                              C:/devkitPro/libctru/lib\libcitro3d.a(buffers.o) (osConvertVirtToPhys)
C:/devkitPro/libctru/lib\libctru.a(romfs_dev.o)
                              main.o (romfsMountSelf)
C:/devkitPro/libctru/lib\libctru.a(synchronization.o)
                              PolyGen.o (LightLock_Init)
C:/devkitPro/libctru/lib\libctru.a(thread.o)
                              Sound.o (threadCreate)
C:/devkitPro/libctru/lib\libctru.a(gpu.o)
                              C:/devkitPro/libctru/lib\libcitro3d.a(base.o) (gpuCmdBufOffset)
C:/devkitPro/libctru/lib\libctru.a(gx.o)
                              C:/devkitPro/libctru/lib\libcitro3d.a(renderqueue.o) (GX_BindQueue)
C:/devkitPro/libctru/lib\libctru.a(gxqueue.o)
                              C:/devkitPro/libctru/lib\libcitro3d.a(renderqueue.o) (gxCmdQueueClear)
C:/devkitPro/libctru/lib\libctru.a(shaderProgram.o)
                              Renderer.o (shaderInstanceGetUniformLocation)
C:/devkitPro/libctru/lib\libctru.a(shbin.o)
                              Renderer.o (DVLB_ParseFile)
C:/devkitPro/libctru/lib\libctru.a(ndsp-channel.o)
                              Sound.o (ndspChnReset)
C:/devkitPro/libctru/lib\libctru.a(ndsp.o)
                              C:/devkitPro/libctru/lib\libctru.a(ndsp-channel.o) (ndspVars)
C:/devkitPro/libctru/lib\libctru.a(apt.o)
                              C:/devkitPro/libctru/lib\libcitro3d.a(base.o) (aptHook)
C:/devkitPro/libctru/lib\libctru.a(cfgu.o)
                              C:/devkitPro/libctru/lib\libctru.a(ndsp.o) (cfguInit)
C:/devkitPro/libctru/lib\libctru.a(dsp.o)
                              C:/devkitPro/libctru/lib\libctru.a(ndsp.o) (dspInit)
[...]
Memory Configuration

Name             Origin             Length             Attributes
*default*        0x00000000         0xffffffff

Linker script and memory map

                0x00100000                        PROVIDE (__start__ = 0x100000)
                0x00100000                        . = __start__

.text           0x00100000    0x63328
 *(.crt0)
 .crt0          0x00100000       0x94 C:/devkitPro/devkitARM/bin/../lib/gcc/arm-none-eabi/13.2.0/../../../../arm-none-eabi/lib/armv6k/fpu/3dsx_crt0.o
                0x00100000                _start
                0x00100008                __service_ptr
                0x0010000c                __apt_appid
                0x00100010                __heap_size
                0x00100014                __linear_heap_size
                0x00100018                __system_arglist
                0x0010001c                __system_runflags
 *(.init)
 .init          0x00100094        0xc C:/devkitPro/devkitARM/bin/../lib/gcc/arm-none-eabi/13.2.0/armv6k/fpu/crti.o
                0x00100094                _init
 .init          0x001000a0        0xc C:/devkitPro/devkitARM/bin/../lib/gcc/arm-none-eabi/13.2.0/armv6k/fpu/crtn.o
                0x001000ac                        . = ALIGN (0x4)
 *(.text)
 .text          0x001000ac      0x20c C:/devkitPro/devkitARM/bin/../lib/gcc/arm-none-eabi/13.2.0/armv6k/fpu\libgcc.a(_udivsi3.o)
                0x001000ac                __aeabi_uidiv
                0x001000ac                __udivsi3
                0x00100298                __aeabi_uidivmod
 .text          0x001002b8      0x240 C:/devkitPro/devkitARM/bin/../lib/gcc/arm-none-eabi/13.2.0/armv6k/fpu\libgcc.a(_divsi3.o)
                0x001002b8                __divsi3
                0x001002b8                __aeabi_idiv
                0x001004d8                __aeabi_idivmod
 .text          0x001004f8        0x4 C:/devkitPro/devkitARM/bin/../lib/gcc/arm-none-eabi/13.2.0/armv6k/fpu\libgcc.a(_dvmd_tls.o)
                0x001004f8                __aeabi_idiv0
                0x001004f8                __aeabi_ldiv0
 .text          0x001004fc      0x3c0 C:/devkitPro/devkitARM/bin/../lib/gcc/arm-none-eabi/13.2.0/armv6k/fpu\libgcc.a(_arm_addsubdf3.o)
                0x001004fc                __aeabi_drsub
                0x00100504                __aeabi_dsub
                0x00100504                __subdf3
                0x00100508                __aeabi_dadd
                0x00100508                __adddf3
                0x001007b4                __floatunsidf
                0x001007b4                __aeabi_ui2d
                0x001007d8                __floatsidf
                0x001007d8                __aeabi_i2d
                0x00100800                __aeabi_f2d
                0x00100800                __extendsfdf2
                0x00100848                __floatundidf
                0x00100848                __aeabi_ul2d
                0x0010085c                __floatdidf
                0x0010085c                __aeabi_l2d
 .text          0x001008bc      0x250 C:/devkitPro/devkitARM/bin/../lib/gcc/arm-none-eabi/13.2.0/armv6k/fpu\libgcc.a(_arm_addsubsf3.o)
                0x001008bc                __aeabi_frsub
                0x001008c4                __subsf3
                0x001008c4                __aeabi_fsub
                0x001008c8                __aeabi_fadd
                0x001008c8                __addsf3
                0x00100a58                __aeabi_ui2f
                0x00100a58                __floatunsisf
                0x00100a60                __aeabi_i2f
                0x00100a60                __floatsisf
                0x00100a80                __aeabi_ul2f
                0x00100a80                __floatundisf
                0x00100a90                __aeabi_l2f
                0x00100a90                __floatdisf
 .text          0x00100b0c       0xd4 C:/devkitPro/devkitARM/bin/../lib/gcc/arm-none-eabi/13.2.0/armv6k/fpu\libgcc.a(_aeabi_ldivmod.o)
                0x00100b0c                __aeabi_ldivmod
 .text          0x00100be0       0x3c C:/devkitPro/devkitARM/bin/../lib/gcc/arm-none-eabi/13.2.0/armv6k/fpu\libgcc.a(_aeabi_uldivmod.o)
                0x00100be0                __aeabi_uldivmod
 *fill*         0x00100c1c        0x4 
 .text          0x00100c20      0x390 C:/devkitPro/devkitARM/bin/../lib/gcc/arm-none-eabi/13.2.0/../../../../arm-none-eabi/lib/armv6k/fpu\libg.a(libc_a-strcmp.o)
                0x00100c28                strcmp
 *(.text.*)
 .text.__do_global_dtors_aux
                0x00100fb0       0x40 C:/devkitPro/devkitARM/bin/../lib/gcc/arm-none-eabi/13.2.0/armv6k/fpu/crtbegin.o
 .text.frame_dummy
                0x00100ff0       0x2c C:/devkitPro/devkitARM/bin/../lib/gcc/arm-none-eabi/13.2.0/armv6k/fpu/crtbegin.o
 .text.releaseWorld
                0x0010101c       0x68 main.o
                0x0010101c                releaseWorld
 *fill*         0x00101084        0x4 
 .text.startup.main
                0x00101088      0x758 main.o
                0x00101088                main
 .text.Collision_BoxIntersect
                0x001017e0      0x10c Collision.o
                0x001017e0                Collision_BoxIntersect
 .text.CommandLine_Execute
                0x001018ec      0x328 CommandLine.o
                0x001018ec                CommandLine_Execute
 .text.CommandLine_Activate
                0x00101c14       0x64 CommandLine.o
                0x00101c14                CommandLine_Activate
 .text.Crash    0x00101c78       0x98 Crash.o
                0x00101c78                Crash
 .text.Raycast_Cast
                0x00101d10      0x2f0 Raycast.o
                0x00101d10                Raycast_Cast
 .text.audioCallback
                0x00102000       0x1c Sound.o
                0x00102000                audioCallback
 .text.opusStrError
                0x0010201c      0x110 Sound.o
                0x0010201c                opusStrError
 .text.DoQuit   0x0010212c       0x34 Sound.o
                0x0010212c                DoQuit
 .text.audioInit
                0x00102160      0x120 Sound.o
                0x00102160                audioInit
 .text.audioExit
                0x00102280       0x28 Sound.o
                0x00102280                audioExit
 .text.fillBuffer
                0x001022a8       0x9c Sound.o
                0x001022a8                fillBuffer
 .text.audioThread0
                0x00102344       0x78 Sound.o
                0x00102344                audioThread0
 .text.audioThread1
                0x001023bc       0x80 Sound.o
                0x001023bc                audioThread1
 .text.playopus
                0x0010243c      0x1ec Sound.o
                0x0010243c                playopus
 .text.SmeaGen_Init
                0x00102628        0x8 SmeaGen.o
                0x00102628                SmeaGen_Init
 .text.SmeaGen_Generate
                0x00102630      0x228 SmeaGen.o
                0x00102630                SmeaGen_Generate
 .text.SuperFlatGen_Init
                0x00102858        0x4 SuperFlatGen.o
                0x00102858                SuperFlatGen_Init
 .text.SuperFlatGen_Generate
                0x0010285c      0x128 SuperFlatGen.o
                0x0010285c                SuperFlatGen_Generate
 .text.Block_Init
                0x00102984      0x5f0 Block.o
                0x00102984                Block_Init
 .text.Block_Deinit
                0x00102f74        0xc Block.o
                0x00102f74                Block_Deinit
 .text.Block_GetTextureMap
                0x00102f80        0xc Block.o
                0x00102f80                Block_GetTextureMap
 .text.Block_GetTexture
                0x00102f8c      0x32c Block.o
                0x00102f8c                Block_GetTexture
 .text.Block_GetColor
                0x001032b8       0xc4 Block.o
                0x001032b8                Block_GetColor
 .text.Block_Opaque
                0x0010337c       0x2c Block.o
                0x0010337c                Block_Opaque
 .text.Item_Deinit
                0x001033a8        0xc Item.o
                0x001033a8                Item_Deinit
 .text.Camera_Init
                0x001033b4       0x68 Camera.o
                0x001033b4                Camera_Init
 *fill*         0x0010341c        0x4 
 .text.Camera_Update
                0x00103420      0x50c Camera.o
                0x00103420                Camera_Update
 .text.Camera_IsAABBVisible
                0x0010392c      0x2b8 Camera.o
                0x0010392c                Camera_IsAABBVisible
 .text.Clouds_Init
                0x00103be4      0x134 Clouds.o
                0x00103be4                Clouds_Init
 .text.Clouds_Deinit
                0x00103d18       0x20 Clouds.o
                0x00103d18                Clouds_Deinit
 .text.Clouds_Render
                0x00103d38      0x224 Clouds.o
                0x00103d38                Clouds_Render
 .text.Cursor_Init
                0x00103f5c       0x50 Cursor.o
                0x00103f5c                Cursor_Init
 .text.Cursor_Deinit
                0x00103fac       0x10 Cursor.o
                0x00103fac                Cursor_Deinit
 .text.Cursor_Draw
                0x00103fbc      0x254 Cursor.o
                0x00103fbc                Cursor_Draw
 .text.Hand_Init
                0x00104210       0x2c Hand.o
                0x00104210                Hand_Init
 .text.Hand_Deinit
                0x0010423c       0x20 Hand.o
                0x0010423c                Hand_Deinit
 *fill*         0x0010425c        0x4 
 .text.Hand_Draw
                0x00104260      0x52c Hand.o
                0x00104260                Hand_Draw
 .text.floodFill.part.0
                0x0010478c      0x390 PolyGen.o
 .text.PolyGen_Init
                0x00104b1c       0x3c PolyGen.o
                0x00104b1c                PolyGen_Init
 .text.PolyGen_Deinit
                0x00104b58       0x44 PolyGen.o
                0x00104b58                PolyGen_Deinit
 .text.PolyGen_Harvest
                0x00104b9c      0x190 PolyGen.o
                0x00104b9c                PolyGen_Harvest
 .text.PolyGen_GeneratePolygons
                0x00104d2c      0xbb0 PolyGen.o
                0x00104d2c                PolyGen_GeneratePolygons
 .text.Renderer_Init
                0x001058dc      0x228 Renderer.o
                0x001058dc                Renderer_Init
 .text.Renderer_Deinit
                0x00105b04       0x54 Renderer.o
                0x00105b04                Renderer_Deinit
 .text.Renderer_Render
                0x00105b58      0x3c4 Renderer.o
                0x00105b58                Renderer_Render
 .text.tileImage32
                0x00105f1c       0xb4 TextureMap.o
                0x00105f1c                tileImage32
 .text.Texture_Load
                0x00105fd0      0x1e0 TextureMap.o
                0x00105fd0                Texture_Load
 .text.Texture_TileImage8
                0x001061b0       0xac TextureMap.o
                0x001061b0                Texture_TileImage8
 .text.downscaleImage
                0x0010625c       0xf0 TextureMap.o
                0x0010625c                downscaleImage
 .text.Texture_MapInit
                0x0010634c      0x2ac TextureMap.o
                0x0010634c                Texture_MapInit
 .text.Texture_MapGetIcon
                0x001065f8       0x80 TextureMap.o
                0x001065f8                Texture_MapGetIcon
 .text.sort_by_size
                0x00106678       0x10 VBOCache.o
 .text.VBOCache_Init
                0x00106688       0x20 VBOCache.o
                0x00106688                VBOCache_Init
 .text.VBOCache_Deinit
                0x001066a8       0x58 VBOCache.o
                0x001066a8                VBOCache_Deinit
 .text.VBO_Alloc
                0x00106700       0xd8 VBOCache.o
                0x00106700                VBO_Alloc
 .text.VBO_Free
                0x001067d8       0x9c VBOCache.o
                0x001067d8                VBO_Free
 *fill*         0x00106874        0x4 
 .text.renderWorld
                0x00106878      0x830 WorldRenderer.o
 .text.WorldRenderer_Init
                0x001070a8       0xec WorldRenderer.o
                0x001070a8                WorldRenderer_Init
 .text.WorldRenderer_Deinit
                0x00107194       0x50 WorldRenderer.o
                0x00107194                WorldRenderer_Deinit
 .text.WorldRenderer_Render
                0x001071e4      0x118 WorldRenderer.o
                0x001071e4                WorldRenderer_Render
 .text.DebugUI_Init
                0x001072fc       0x50 DebugUI.o
                0x001072fc                DebugUI_Init
 .text.DebugUI_Deinit
                0x0010734c       0x40 DebugUI.o
                0x0010734c                DebugUI_Deinit
 .text.DebugUI_Text
                0x0010738c       0x50 DebugUI.o
                0x0010738c                DebugUI_Text
 .text.DebugUI_Log
                0x001073dc       0x50 DebugUI.o
                0x001073dc                DebugUI_Log
 .text.DebugUI_Draw
                0x0010742c      0x100 DebugUI.o
                0x0010742c                DebugUI_Draw
 .text.FontLoader_Init
                0x0010752c      0x1c8 FontLoader.o
                0x0010752c                FontLoader_Init
 .text.Gui_Init
                0x001076f4       0x50 Gui.o
                0x001076f4                Gui_Init
 .text.Gui_Deinit
                0x00107744        0x4 Gui.o
                0x00107744                Gui_Deinit
 .text.Gui_Frame
                0x00107748       0x20 Gui.o
                0x00107748                Gui_Frame
 .text.Gui_Offset
                0x00107768       0x10 Gui.o
                0x00107768                Gui_Offset
 .text.Gui_RelativeWidth
                0x00107778       0x2c Gui.o
                0x00107778                Gui_RelativeWidth
 .text.Gui_RelativeHeight
                0x001077a4       0x2c Gui.o
                0x001077a4                Gui_RelativeHeight
 .text.Gui_BeginRowCenter
                0x001077d0       0x58 Gui.o
                0x001077d0                Gui_BeginRowCenter
 .text.Gui_BeginRow
                0x00107828       0x34 Gui.o
                0x00107828                Gui_BeginRow
 .text.Gui_EndRow
                0x0010785c       0x24 Gui.o
                0x0010785c                Gui_EndRow
 .text.Gui_Label
                0x00107880      0x114 Gui.o
                0x00107880                Gui_Label
 .text.Gui_Space
                0x00107994       0x34 Gui.o
                0x00107994                Gui_Space
 .text.Gui_VerticalSpace
                0x001079c8       0x18 Gui.o
                0x001079c8                Gui_VerticalSpace
 .text.Gui_InputData
                0x001079e0       0x4c Gui.o
                0x001079e0                Gui_InputData
 .text.Gui_IsCursorInside
                0x00107a2c       0x9c Gui.o
                0x00107a2c                Gui_IsCursorInside
 .text.Gui_WasCursorInside
                0x00107ac8       0x9c Gui.o
                0x00107ac8                Gui_WasCursorInside
 .text.Gui_Button
                0x00107b64      0x1dc Gui.o
                0x00107b64                Gui_Button
 .text.Gui_EnteredCursorInside
                0x00107d40       0x70 Gui.o
                0x00107d40                Gui_EnteredCursorInside
 .text.Gui_GetCursorMovement
                0x00107db0       0xac Gui.o
                0x00107db0                Gui_GetCursorMovement
 .text.clickAtStack
                0x00107e5c       0xd8 Inventory.o
 .text.Inventory_DrawQuickSelect
                0x00107f34      0x208 Inventory.o
                0x00107f34                Inventory_DrawQuickSelect
 .text.Inventory_Draw
                0x0010813c      0x250 Inventory.o
                0x0010813c                Inventory_Draw
 .text.compareDrawCommands
                0x0010838c       0x38 SpriteBatch.o
 .text.SpriteBatch_Init
                0x001083c4      0x118 SpriteBatch.o
                0x001083c4                SpriteBatch_Init
 .text.SpriteBatch_Deinit
                0x001084dc       0x64 SpriteBatch.o
                0x001084dc                SpriteBatch_Deinit
 .text.SpriteBatch_BindTexture
                0x00108540       0x10 SpriteBatch.o
                0x00108540                SpriteBatch_BindTexture
 .text.SpriteBatch_BindGuiTexture
                0x00108550       0x78 SpriteBatch.o
                0x00108550                SpriteBatch_BindGuiTexture
 .text.SpriteBatch_PushSingleColorQuad
                0x001085c8       0xd8 SpriteBatch.o
                0x001085c8                SpriteBatch_PushSingleColorQuad
 .text.SpriteBatch_PushQuad
                0x001086a0       0xf8 SpriteBatch.o
                0x001086a0                SpriteBatch_PushQuad
 .text.SpriteBatch_PushQuadColor
                0x00108798       0xf8 SpriteBatch.o
                0x00108798                SpriteBatch_PushQuadColor
 .text.SpriteBatch_PushIcon
                0x00108890      0x338 SpriteBatch.o
                0x00108890                SpriteBatch_PushIcon
 .text.SpriteBatch_PushTextVargs
                0x00108bc8      0x1f8 SpriteBatch.o
                0x00108bc8                SpriteBatch_PushTextVargs
 .text.SpriteBatch_PushText
                0x00108dc0       0x40 SpriteBatch.o
                0x00108dc0                SpriteBatch_PushText
 .text.SpriteBatch_CalcTextWidthVargs
                0x00108e00       0x98 SpriteBatch.o
                0x00108e00                SpriteBatch_CalcTextWidthVargs
 .text.SpriteBatch_GetWidth
                0x00108e98       0x24 SpriteBatch.o
                0x00108e98                SpriteBatch_GetWidth
 .text.SpriteBatch_GetHeight
                0x00108ebc       0x24 SpriteBatch.o
                0x00108ebc                SpriteBatch_GetHeight
 .text.SpriteBatch_SetScale
                0x00108ee0       0x10 SpriteBatch.o
                0x00108ee0                SpriteBatch_SetScale
 .text.SpriteBatch_GetScale
                0x00108ef0       0x10 SpriteBatch.o
                0x00108ef0                SpriteBatch_GetScale
 .text.SpriteBatch_StartFrame
                0x00108f00       0x10 SpriteBatch.o
                0x00108f00                SpriteBatch_StartFrame
 .text.SpriteBatch_Render
                0x00108f10      0x3a8 SpriteBatch.o
                0x00108f10                SpriteBatch_Render
 .text.delete_folder
                0x001092b8       0xf4 WorldSelect.o
 .text.WorldSelect_ScanWorlds
                0x001093ac      0x138 WorldSelect.o
                0x001093ac                WorldSelect_ScanWorlds
 .text.WorldSelect_Init
                0x001094e4       0x1c WorldSelect.o
                0x001094e4                WorldSelect_Init
 .text.WorldSelect_Deinit
                0x00109500       0x28 WorldSelect.o
                0x00109500                WorldSelect_Deinit
 .text.WorldSelect_Render
                0x00109528      0x5d4 WorldSelect.o
                0x00109528                WorldSelect_Render
 .text.WorldSelect_Update
                0x00109afc      0x2b4 WorldSelect.o
                0x00109afc                WorldSelect_Update
 .text.Chunk_GenerateHeightmap
                0x00109db0      0x174 Chunk.o
                0x00109db0                Chunk_GenerateHeightmap
 .text.Cluster_IsEmpty
                0x00109f24       0x5c Chunk.o
                0x00109f24                Cluster_IsEmpty
 .text.ChunkWorker_Mainloop
                0x00109f80      0x244 ChunkWorker.o
                0x00109f80                ChunkWorker_Mainloop
 .text.ChunkWorker_Init
                0x0010a1c4       0xf4 ChunkWorker.o
                0x0010a1c4                ChunkWorker_Init
 .text.ChunkWorker_Deinit
                0x0010a2b8       0x7c ChunkWorker.o
                0x0010a2b8                ChunkWorker_Deinit
 .text.ChunkWorker_Finish
                0x0010a334       0x44 ChunkWorker.o
                0x0010a334                ChunkWorker_Finish
 .text.ChunkWorker_AddHandler
                0x0010a378       0x74 ChunkWorker.o
                0x0010a378                ChunkWorker_AddHandler
 .text.ChunkWorker_SetHandlerActive
                0x0010a3ec       0x48 ChunkWorker.o
                0x0010a3ec                ChunkWorker_SetHandlerActive
 *fill*         0x0010a434        0x4 
 .text.World_Reset
                0x0010a438       0xbc World.o
                0x0010a438                World_Reset
 *fill*         0x0010a4f4        0x4 
 .text.World_Init
                0x0010a4f8       0x78 World.o
                0x0010a4f8                World_Init
 .text.World_LoadChunk
                0x0010a570      0x244 World.o
                0x0010a570                World_LoadChunk
 .text.World_UnloadChunk
                0x0010a7b4      0x10c World.o
                0x0010a7b4                World_UnloadChunk
 .text.World_GetChunk
                0x0010a8c0       0x6c World.o
                0x0010a8c0                World_GetChunk
 .text.World_GetBlock
                0x0010a92c       0xe8 World.o
                0x0010a92c                World_GetBlock
 .text.World_SetBlock
                0x0010aa14      0x224 World.o
                0x0010aa14                World_SetBlock
 .text.World_SetBlockAndMeta
                0x0010ac38      0x230 World.o
                0x0010ac38                World_SetBlockAndMeta
 .text.World_GetMetadata
                0x0010ae68       0xf4 World.o
                0x0010ae68                World_GetMetadata
 .text.World_GetHeight
                0x0010af5c       0xcc World.o
                0x0010af5c                World_GetHeight
 .text.World_UpdateChunkCache
                0x0010b028      0x1ac World.o
                0x0010b028                World_UpdateChunkCache
 .text.World_Tick
                0x0010b1d4      0x2e4 World.o
                0x0010b1d4                World_Tick
 .text.fetchSuperChunk
                0x0010b4b8       0xb8 SaveManager.o
 .text.SaveManager_InitFileSystem
                0x0010b570       0x30 SaveManager.o
                0x0010b570                SaveManager_InitFileSystem
 .text.SaveManager_Init
                0x0010b5a0       0x1c SaveManager.o
                0x0010b5a0                SaveManager_Init
 .text.SaveManager_Deinit
                0x0010b5bc       0x28 SaveManager.o
                0x0010b5bc                SaveManager_Deinit
 .text.SaveManager_Load
                0x0010b5e4      0x824 SaveManager.o
                0x0010b5e4                SaveManager_Load
 .text.SaveManager_Unload
                0x0010be08      0x268 SaveManager.o
                0x0010be08                SaveManager_Unload
 .text.SaveManager_LoadChunk
                0x0010c070       0x64 SaveManager.o
                0x0010c070                SaveManager_LoadChunk
 .text.SaveManager_SaveChunk
                0x0010c0d4       0x64 SaveManager.o
                0x0010c0d4                SaveManager_SaveChunk
 .text.SuperChunk_InitPools
                0x0010c138       0x44 SuperChunk.o
                0x0010c138                SuperChunk_InitPools
 .text.SuperChunk_DeinitPools
                0x0010c17c       0x28 SuperChunk.o
                0x0010c17c                SuperChunk_DeinitPools
 .text.SuperChunk_Init
                0x0010c1a4      0x5a4 SuperChunk.o
                0x0010c1a4                SuperChunk_Init
 .text.SuperChunk_SaveIndex
                0x0010c748      0x170 SuperChunk.o
                0x0010c748                SuperChunk_SaveIndex
 .text.SuperChunk_Deinit
                0x0010c8b8       0x30 SuperChunk.o
                0x0010c8b8                SuperChunk_Deinit
 .text.SuperChunk_SaveChunk
                0x0010c8e8      0x44c SuperChunk.o
                0x0010c8e8                SuperChunk_SaveChunk
 .text.SuperChunk_LoadChunk
                0x0010cd34      0x4d8 SuperChunk.o
                0x0010cd34                SuperChunk_LoadChunk
 .text.OvertimeDamage
                0x0010d20c       0x4c Damage.o
                0x0010d20c                OvertimeDamage
 .text.Player_Init
                0x0010d258      0x22c Player.o
                0x0010d258                Player_Init
 *fill*         0x0010d484        0x4 
 .text.Player_Update
                0x0010d488      0x32c Player.o
                0x0010d488                Player_Update
 .text.Player_Jump
                0x0010d7b4       0x54 Player.o
                0x0010d7b4                Player_Jump
 .text.Player_Move
                0x0010d808      0x71c Player.o
                0x0010d808                Player_Move
 .text.Player_PlaceBlock
                0x0010df24      0x1d0 Player.o
                0x0010df24                Player_PlaceBlock
 .text.Player_BreakBlock
                0x0010e0f4       0x6c Player.o
                0x0010e0f4                Player_BreakBlock
 .text.PlayerController_Init
                0x0010e160      0x928 PlayerController.o
                0x0010e160                PlayerController_Init
 .text.PlayerController_Update
                0x0010ea88      0x8c4 PlayerController.o
                0x0010ea88                PlayerController_Update
 .text.mpack_utf8_check_impl
                0x0010f34c      0x1bc mpack.o
 .text.mpack_file_tree_teardown
                0x0010f508       0x1c mpack.o
 .text.mpack_tree_flag_error.part.0
                0x0010f524       0x14 mpack.o
 .text.mpack_file_writer_flush
                0x0010f538       0x50 mpack.o
 .text.mpack_file_writer_teardown
                0x0010f588       0x64 mpack.o
 .text.mpack_writer_ensure
                0x0010f5ec       0xa4 mpack.o
 .text.mpack_write_u64.part.0
                0x0010f690      0x17c mpack.o
 .text.mpack_write_native_straddle
                0x0010f80c       0xb0 mpack.o
 .text.mpack_tree_parse_bytes
                0x0010f8bc       0x54 mpack.o
 .text.mpack_node_map_str_impl
                0x0010f910       0xf4 mpack.o
 .text.mpack_tree_parse_children
                0x0010fa04      0x240 mpack.o
 .text.mpack_tree_parse.part.0.constprop.0
                0x0010fc44      0xacc mpack.o
 .text.mpack_writer_init
                0x00110710       0x28 mpack.o
                0x00110710                mpack_writer_init
 .text.mpack_writer_init_file
                0x00110738       0xc4 mpack.o
                0x00110738                mpack_writer_init_file
 .text.mpack_writer_destroy
                0x001107fc       0x60 mpack.o
                0x001107fc                mpack_writer_destroy
 .text.mpack_write_bool
                0x0011085c       0x48 mpack.o
                0x0011085c                mpack_write_bool
 .text.mpack_write_u8
                0x001108a4       0x98 mpack.o
                0x001108a4                mpack_write_u8
 .text.mpack_write_u32
                0x0011093c      0x154 mpack.o
                0x0011093c                mpack_write_u32
 .text.mpack_write_u64
                0x00110a90       0x58 mpack.o
                0x00110a90                mpack_write_u64
 .text.mpack_write_i64
                0x00110ae8      0x2b4 mpack.o
                0x00110ae8                mpack_write_i64
 .text.mpack_write_float
                0x00110d9c       0x80 mpack.o
                0x00110d9c                mpack_write_float
 .text.mpack_start_array
                0x00110e1c      0x114 mpack.o
                0x00110e1c                mpack_start_array
 .text.mpack_start_map
                0x00110f30      0x110 mpack.o
                0x00110f30                mpack_start_map
 .text.mpack_start_str
                0x00111040      0x160 mpack.o
                0x00111040                mpack_start_str
 .text.mpack_start_bin
                0x001111a0      0x118 mpack.o
                0x001111a0                mpack_start_bin
 .text.mpack_write_bin
                0x001112b8       0x64 mpack.o
                0x001112b8                mpack_write_bin
 .text.mpack_write_cstr
                0x0011131c       0x70 mpack.o
                0x0011131c                mpack_write_cstr
 .text.mpack_tree_root
                0x0011138c       0x1c mpack.o
                0x0011138c                mpack_tree_root
 .text.mpack_tree_init
                0x001113a8       0x84 mpack.o
                0x001113a8                mpack_tree_init
 .text.mpack_tree_init_pool
                0x0011142c       0x70 mpack.o
                0x0011142c                mpack_tree_init_pool
 .text.mpack_tree_init_file
                0x0011149c      0x280 mpack.o
                0x0011149c                mpack_tree_init_file
 .text.mpack_tree_destroy
                0x0011171c       0x4c mpack.o
                0x0011171c                mpack_tree_destroy
 .text.mpack_node_flag_error
                0x00111768       0x40 mpack.o
                0x00111768                mpack_node_flag_error
 .text.mpack_node_copy_utf8_cstr
                0x001117a8       0xf8 mpack.o
                0x001117a8                mpack_node_copy_utf8_cstr
 .text.mpack_node_map_cstr
                0x001118a0       0x94 mpack.o
                0x001118a0                mpack_node_map_cstr
 .text.mpack_node_map_cstr_optional
                0x00111934       0x54 mpack.o
                0x00111934                mpack_node_map_cstr_optional
 .text.vec_expand_
                0x00111988       0x60 vec.o
                0x00111988                vec_expand_
 .text.vec_reserve_po2_
                0x001119e8       0x70 vec.o
                0x001119e8                vec_reserve_po2_
 .text.vec_splice_
                0x00111a58       0x34 vec.o
                0x00111a58                vec_splice_
 .text.sino_init
                0x00111a8c       0x88 sino.o
                0x00111a8c                sino_init
 .text.sino_exit
                0x00111b14       0x2c sino.o
                0x00111b14                sino_exit
 .text.sino_2d  0x00111b40      0x2b4 sino.o
                0x00111b40                sino_2d
 .text.huffmanDecodeSymbol
                0x00111df4       0x60 lodepng.o
 .text.checkColorValidity
                0x00111e54       0x90 lodepng.o
 .text.addColorBits
                0x00111ee4       0x4c lodepng.o
 .text.color_tree_get
                0x00111f30       0x60 lodepng.o
 .text.getPixelColorRGBA16
                0x00111f90      0x1bc lodepng.o
 .text.Adam7_getpassvalues
                0x0011214c      0x1a4 lodepng.o
 .text.color_tree_add
                0x001122f0       0x9c lodepng.o
 .text.LodePNGText_cleanup
                0x0011238c       0x60 lodepng.o
 .text.LodePNGIText_cleanup
                0x001123ec       0x90 lodepng.o
 .text.lodepng_color_mode_equal
                0x0011247c       0xc8 lodepng.o
 .text.unfilter
                0x00112544      0x3b8 lodepng.o
 .text.removePaddingBits
                0x001128fc       0xc4 lodepng.o
 .text.string_set
                0x001129c0       0x7c lodepng.o
 .text.getPixelColorsRGBA8
                0x00112a3c      0x528 lodepng.o
 .text.ucvector_push_back.isra.0
                0x00112f64       0x58 lodepng.o
 .text.color_tree_cleanup
                0x00112fbc      0x1e8 lodepng.o
 .text.HuffmanTree_makeFromLengths2
                0x001131a4      0x350 lodepng.o
 .text.generateFixedDistanceTree.constprop.0.isra.0
                0x001134f4       0x70 lodepng.o
 .text.generateFixedLitLenTree.constprop.0.isra.0
                0x00113564       0xb8 lodepng.o
 .text.getPixelColorRGBA8
                0x0011361c      0x38c lodepng.o
 .text.lodepng_inflatev.isra.0
                0x001139a8      0xc5c lodepng.o
 .text.lodepng_load_file
                0x00114604       0xe4 lodepng.o
                0x00114604                lodepng_load_file
 .text.lodepng_zlib_decompress
                0x001146e8      0x198 lodepng.o
                0x001146e8                lodepng_zlib_decompress
 .text.lodepng_chunk_check_crc
                0x00114880       0x74 lodepng.o
                0x00114880                lodepng_chunk_check_crc
 .text.lodepng_chunk_append
                0x001148f4       0x98 lodepng.o
                0x001148f4                lodepng_chunk_append
 .text.lodepng_color_mode_copy
                0x0011498c       0xb8 lodepng.o
                0x0011498c                lodepng_color_mode_copy
 .text.lodepng_add_text
                0x00114a44       0xec lodepng.o
                0x00114a44                lodepng_add_text
 .text.lodepng_add_itext
                0x00114b30      0x1bc lodepng.o
                0x00114b30                lodepng_add_itext
 .text.lodepng_info_init
                0x00114cec       0x88 lodepng.o
                0x00114cec                lodepng_info_init
 .text.lodepng_convert
                0x00114d74      0x62c lodepng.o
                0x00114d74                lodepng_convert
 .text.lodepng_inspect
                0x001153a0      0x214 lodepng.o
                0x001153a0                lodepng_inspect
 .text.lodepng_decode
                0x001155b4     0x1a20 lodepng.o
                0x001155b4                lodepng_decode
 .text.lodepng_state_init
                0x00116fd4       0xb8 lodepng.o
                0x00116fd4                lodepng_state_init
 .text.lodepng_decode_memory
                0x0011708c       0xac lodepng.o
                0x0011708c                lodepng_decode_memory
 .text.lodepng_decode32_file
                0x00117138       0x80 lodepng.o
                0x00117138                lodepng_decode32_file
 .text.miniz_def_free_func
                0x001171b8        0x8 miniz.o
                0x001171b8                miniz_def_free_func
 .text.miniz_def_alloc_func
                0x001171c0        0x8 miniz.o
                0x001171c0                miniz_def_alloc_func
 .text.tdefl_optimize_huffman_table
                0x001171c8      0x6b4 miniz.o
 .text.tdefl_flush_output_buffer
                0x0011787c       0xac miniz.o
 .text.tdefl_start_dynamic_block
                0x00117928      0x8a4 miniz.o
 .text.tdefl_compress_block
                0x001181cc      0x590 miniz.o
 .text.tdefl_flush_block
                0x0011875c      0x80c miniz.o
 .text.mz_adler32
                0x00118f68      0x198 miniz.o
                0x00118f68                mz_adler32
 .text.tdefl_compress
                0x00119100      0xee8 miniz.o
                0x00119100                tdefl_compress
 .text.mz_deflate
                0x00119fe8      0x184 miniz.o
                0x00119fe8                mz_deflate
 .text.tdefl_init
                0x0011a16c      0x14c miniz.o
                0x0011a16c                tdefl_init
 .text.mz_compress2
                0x0011a2b8      0x168 miniz.o
                0x0011a2b8                mz_compress2
 .text.mz_compress
                0x0011a420       0x1c miniz.o
                0x0011a420                mz_compress
 *fill*         0x0011a43c        0x4 
 .text.tinfl_decompress
                0x0011a440     0x1e3c miniz.o
                0x0011a440                tinfl_decompress
 .text.mz_inflate
                0x0011c27c      0x3b0 miniz.o
                0x0011c27c                mz_inflate
 .text.mz_uncompress
                0x0011c62c      0x128 miniz.o
                0x0011c62c                mz_uncompress
 .text.strcmpci
                0x0011c754       0x54 ini.o
 .text.ini_load
                0x0011c7a8      0x494 ini.o
                0x0011c7a8                ini_load
 .text.ini_free
                0x0011cc3c       0x1c ini.o
                0x0011cc3c                ini_free
 .text.ini_get  0x0011cc58      0x134 ini.o
                0x0011cc58                ini_get
 .text.ini_sget
                0x0011cd8c       0x48 ini.o
                0x0011cd8c                ini_sget
 .text.AttrInfo_Init
                0x0011cdd4       0x28 C:/devkitPro/libctru/lib\libcitro3d.a(attribs.o)
                0x0011cdd4                AttrInfo_Init
 .text.AttrInfo_AddLoader
                0x0011cdfc       0x94 C:/devkitPro/libctru/lib\libcitro3d.a(attribs.o)
                0x0011cdfc                AttrInfo_AddLoader
 .text.C3D_SetAttrInfo
                0x0011ce90       0x54 C:/devkitPro/libctru/lib\libcitro3d.a(attribs.o)
                0x0011ce90                C3D_SetAttrInfo
 .text.C3Di_AttrInfoBind
                0x0011cee4       0x80 C:/devkitPro/libctru/lib\libcitro3d.a(attribs.o)
                0x0011cee4                C3Di_AttrInfoBind
 .text.C3Di_LightEnvUpdate
                0x0011cf64        0x4 C:/devkitPro/libctru/lib\libcitro3d.a(base.o)
                0x0011cf64                C3Di_LightEnvUpdate
 .text.C3Di_LightEnvDirty
                0x0011cf68        0x4 C:/devkitPro/libctru/lib\libcitro3d.a(base.o)
                0x0011cf68                C3Di_LightEnvDirty
 .text.C3Di_ProcTexUpdate
                0x0011cf6c        0x4 C:/devkitPro/libctru/lib\libcitro3d.a(base.o)
                0x0011cf6c                C3Di_ProcTexUpdate
 .text.C3Di_ProcTexDirty
                0x0011cf70        0x4 C:/devkitPro/libctru/lib\libcitro3d.a(base.o)
                0x0011cf70                C3Di_ProcTexDirty
 .text.C3Di_AptEventHook
                0x0011cf74       0xb4 C:/devkitPro/libctru/lib\libcitro3d.a(base.o)
 .text.C3Di_GasUpdate
                0x0011d028        0x4 C:/devkitPro/libctru/lib\libcitro3d.a(base.o)
                0x0011d028                C3Di_GasUpdate
 .text.C3D_Init
                0x0011d02c      0x1d0 C:/devkitPro/libctru/lib\libcitro3d.a(base.o)
                0x0011d02c                C3D_Init
 .text.C3D_SetViewport
                0x0011d1fc       0x98 C:/devkitPro/libctru/lib\libcitro3d.a(base.o)
                0x0011d1fc                C3D_SetViewport
 .text.C3Di_UpdateContext
                0x0011d294      0x4e8 C:/devkitPro/libctru/lib\libcitro3d.a(base.o)
                0x0011d294                C3Di_UpdateContext
 .text.C3Di_SplitFrame
                0x0011d77c       0xe0 C:/devkitPro/libctru/lib\libcitro3d.a(base.o)
                0x0011d77c                C3Di_SplitFrame
 .text.C3D_Fini
                0x0011d85c       0x44 C:/devkitPro/libctru/lib\libcitro3d.a(base.o)
                0x0011d85c                C3D_Fini
 .text.C3D_BindProgram
                0x0011d8a0      0x194 C:/devkitPro/libctru/lib\libcitro3d.a(base.o)
                0x0011d8a0                C3D_BindProgram
 .text.BufInfo_Init
                0x0011da34       0x24 C:/devkitPro/libctru/lib\libcitro3d.a(buffers.o)
                0x0011da34                BufInfo_Init
 .text.BufInfo_Add
                0x0011da58       0x80 C:/devkitPro/libctru/lib\libcitro3d.a(buffers.o)
                0x0011da58                BufInfo_Add
 .text.C3D_GetBufInfo
                0x0011dad8       0x20 C:/devkitPro/libctru/lib\libcitro3d.a(buffers.o)
                0x0011dad8                C3D_GetBufInfo
 .text.C3D_SetBufInfo
                0x0011daf8       0x3c C:/devkitPro/libctru/lib\libcitro3d.a(buffers.o)
                0x0011daf8                C3D_SetBufInfo
 .text.C3Di_BufInfoBind
                0x0011db34       0x48 C:/devkitPro/libctru/lib\libcitro3d.a(buffers.o)
                0x0011db34                C3Di_BufInfoBind
 .text.C3D_DrawArrays
                0x0011db7c      0x148 C:/devkitPro/libctru/lib\libcitro3d.a(drawArrays.o)
                0x0011db7c                C3D_DrawArrays
 .text.C3D_DepthMap
                0x0011dcc4       0x40 C:/devkitPro/libctru/lib\libcitro3d.a(effect.o)
                0x0011dcc4                C3D_DepthMap
 .text.C3D_CullFace
                0x0011dd04       0x1c C:/devkitPro/libctru/lib\libcitro3d.a(effect.o)
                0x0011dd04                C3D_CullFace
 .text.C3D_StencilTest
                0x0011dd20       0x40 C:/devkitPro/libctru/lib\libcitro3d.a(effect.o)
                0x0011dd20                C3D_StencilTest
 .text.C3D_StencilOp
                0x0011dd60       0x24 C:/devkitPro/libctru/lib\libcitro3d.a(effect.o)
                0x0011dd60                C3D_StencilOp
 .text.C3D_BlendingColor
                0x0011dd84       0x1c C:/devkitPro/libctru/lib\libcitro3d.a(effect.o)
                0x0011dd84                C3D_BlendingColor
 .text.C3D_EarlyDepthTest
                0x0011dda0       0x24 C:/devkitPro/libctru/lib\libcitro3d.a(effect.o)
                0x0011dda0                C3D_EarlyDepthTest
 .text.C3D_DepthTest
                0x0011ddc4       0x2c C:/devkitPro/libctru/lib\libcitro3d.a(effect.o)
                0x0011ddc4                C3D_DepthTest
 .text.C3D_AlphaTest
                0x0011ddf0       0x2c C:/devkitPro/libctru/lib\libcitro3d.a(effect.o)
                0x0011ddf0                C3D_AlphaTest
 .text.C3D_AlphaBlend
                0x0011de1c       0x50 C:/devkitPro/libctru/lib\libcitro3d.a(effect.o)
                0x0011de1c                C3D_AlphaBlend
 .text.C3D_FragOpMode
                0x0011de6c       0x30 C:/devkitPro/libctru/lib\libcitro3d.a(effect.o)
                0x0011de6c                C3D_FragOpMode
 .text.C3D_FragOpShadow
                0x0011de9c       0x44 C:/devkitPro/libctru/lib\libcitro3d.a(effect.o)
                0x0011de9c                C3D_FragOpShadow
 .text.C3Di_EffectBind
                0x0011dee0      0x1ac C:/devkitPro/libctru/lib\libcitro3d.a(effect.o)
                0x0011dee0                C3Di_EffectBind
 .text.FogLut_FromArray
                0x0011e08c       0xb8 C:/devkitPro/libctru/lib\libcitro3d.a(fog.o)
                0x0011e08c                FogLut_FromArray
 .text.C3D_FogGasMode
                0x0011e144       0x4c C:/devkitPro/libctru/lib\libcitro3d.a(fog.o)
                0x0011e144                C3D_FogGasMode
 .text.C3D_FogColor
                0x0011e190       0x20 C:/devkitPro/libctru/lib\libcitro3d.a(fog.o)
                0x0011e190                C3D_FogColor
 .text.C3D_FogLutBind
                0x0011e1b0       0x30 C:/devkitPro/libctru/lib\libcitro3d.a(fog.o)
                0x0011e1b0                C3D_FogLutBind
 .text.C3D_CalcColorBufSize
                0x0011e1e0       0x1c C:/devkitPro/libctru/lib\libcitro3d.a(framebuffer.o)
                0x0011e1e0                C3D_CalcColorBufSize
 .text.C3D_CalcDepthBufSize
                0x0011e1fc       0x1c C:/devkitPro/libctru/lib\libcitro3d.a(framebuffer.o)
                0x0011e1fc                C3D_CalcDepthBufSize
 .text.C3D_SetFrameBuf
                0x0011e218       0x44 C:/devkitPro/libctru/lib\libcitro3d.a(framebuffer.o)
                0x0011e218                C3D_SetFrameBuf
 .text.C3Di_FrameBufBind
                0x0011e25c      0x16c C:/devkitPro/libctru/lib\libcitro3d.a(framebuffer.o)
                0x0011e25c                C3Di_FrameBufBind
 .text.C3D_FrameBufClear
                0x0011e3c8       0xc8 C:/devkitPro/libctru/lib\libcitro3d.a(framebuffer.o)
                0x0011e3c8                C3D_FrameBufClear
 .text.C3D_FrameBufTransfer
                0x0011e490       0x44 C:/devkitPro/libctru/lib\libcitro3d.a(framebuffer.o)
                0x0011e490                C3D_FrameBufTransfer
 .text.C3D_ImmSendAttrib
                0x0011e4d4       0xa8 C:/devkitPro/libctru/lib\libcitro3d.a(immediate.o)
                0x0011e4d4                C3D_ImmSendAttrib
 .text.onVBlank0
                0x0011e57c       0x4c C:/devkitPro/libctru/lib\libcitro3d.a(renderqueue.o)
 .text.onVBlank1
                0x0011e5c8       0x4c C:/devkitPro/libctru/lib\libcitro3d.a(renderqueue.o)
 .text.C3Di_RenderTargetDestroy
                0x0011e614       0x80 C:/devkitPro/libctru/lib\libcitro3d.a(renderqueue.o)
 .text.onQueueFinish
                0x0011e694       0xf4 C:/devkitPro/libctru/lib\libcitro3d.a(renderqueue.o)
 .text.C3Di_RenderQueueEnableVBlank
                0x0011e788       0x38 C:/devkitPro/libctru/lib\libcitro3d.a(renderqueue.o)
                0x0011e788                C3Di_RenderQueueEnableVBlank
 .text.C3Di_RenderQueueDisableVBlank
                0x0011e7c0       0x30 C:/devkitPro/libctru/lib\libcitro3d.a(renderqueue.o)
                0x0011e7c0                C3Di_RenderQueueDisableVBlank
 .text.C3Di_RenderQueueInit
                0x0011e7f0       0x60 C:/devkitPro/libctru/lib\libcitro3d.a(renderqueue.o)
                0x0011e7f0                C3Di_RenderQueueInit
 .text.C3Di_RenderQueueExit
                0x0011e850       0xb4 C:/devkitPro/libctru/lib\libcitro3d.a(renderqueue.o)
                0x0011e850                C3Di_RenderQueueExit
 .text.C3Di_RenderQueueWaitDone
                0x0011e904       0x34 C:/devkitPro/libctru/lib\libcitro3d.a(renderqueue.o)
                0x0011e904                C3Di_RenderQueueWaitDone
 .text.C3D_FrameBegin
                0x0011e938       0xe8 C:/devkitPro/libctru/lib\libcitro3d.a(renderqueue.o)
                0x0011e938                C3D_FrameBegin
 .text.C3D_FrameDrawOn
                0x0011ea20       0x48 C:/devkitPro/libctru/lib\libcitro3d.a(renderqueue.o)
                0x0011ea20                C3D_FrameDrawOn
 .text.C3D_FrameEnd
                0x0011ea68      0x1d0 C:/devkitPro/libctru/lib\libcitro3d.a(renderqueue.o)
                0x0011ea68                C3D_FrameEnd
 .text.C3D_RenderTargetCreate
                0x0011ec38      0x170 C:/devkitPro/libctru/lib\libcitro3d.a(renderqueue.o)
                0x0011ec38                C3D_RenderTargetCreate
 .text.C3D_RenderTargetSetOutput
                0x0011eda8       0xa8 C:/devkitPro/libctru/lib\libcitro3d.a(renderqueue.o)
                0x0011eda8                C3D_RenderTargetSetOutput
 .text.C3D_SyncDisplayTransfer
                0x0011ee50       0xf0 C:/devkitPro/libctru/lib\libcitro3d.a(renderqueue.o)
                0x0011ee50                C3D_SyncDisplayTransfer
 .text.C3D_SyncTextureCopy
                0x0011ef40       0xfc C:/devkitPro/libctru/lib\libcitro3d.a(renderqueue.o)
                0x0011ef40                C3D_SyncTextureCopy
 .text.C3D_GetTexEnv
                0x0011f03c       0x34 C:/devkitPro/libctru/lib\libcitro3d.a(texenv.o)
                0x0011f03c                C3D_GetTexEnv
 .text.C3Di_TexEnvBind
                0x0011f070       0x24 C:/devkitPro/libctru/lib\libcitro3d.a(texenv.o)
                0x0011f070                C3Di_TexEnvBind
 .text.C3D_TexInitWithParams
                0x0011f094      0x290 C:/devkitPro/libctru/lib\libcitro3d.a(texture.o)
                0x0011f094                C3D_TexInitWithParams
 .text.C3D_TexLoadImage
                0x0011f324       0xc8 C:/devkitPro/libctru/lib\libcitro3d.a(texture.o)
                0x0011f324                C3D_TexLoadImage
 .text.C3D_TexBind
                0x0011f3ec       0x44 C:/devkitPro/libctru/lib\libcitro3d.a(texture.o)
                0x0011f3ec                C3D_TexBind
 .text.C3D_TexDelete
                0x0011f430       0x74 C:/devkitPro/libctru/lib\libcitro3d.a(texture.o)
                0x0011f430                C3D_TexDelete
 .text.C3Di_SetTex
                0x0011f4a4      0x14c C:/devkitPro/libctru/lib\libcitro3d.a(texture.o)
                0x0011f4a4                C3Di_SetTex
 .text.C3D_UpdateUniforms
                0x0011f5f0      0x290 C:/devkitPro/libctru/lib\libcitro3d.a(uniforms.o)
                0x0011f5f0                C3D_UpdateUniforms
 .text.C3Di_DirtyUniforms
                0x0011f880       0xc0 C:/devkitPro/libctru/lib\libcitro3d.a(uniforms.o)
                0x0011f880                C3Di_DirtyUniforms
 .text.C3Di_LoadShaderUniforms
                0x0011f940       0xd8 C:/devkitPro/libctru/lib\libcitro3d.a(uniforms.o)
                0x0011f940                C3Di_LoadShaderUniforms
 .text.C3Di_ClearShaderUniforms
                0x0011fa18       0x28 C:/devkitPro/libctru/lib\libcitro3d.a(uniforms.o)
                0x0011fa18                C3Di_ClearShaderUniforms
 .text.Mtx_Multiply
                0x0011fa40       0xb8 C:/devkitPro/libctru/lib\libcitro3d.a(mtx_multiply.o)
                0x0011fa40                Mtx_Multiply
 .text.Mtx_MultiplyFVec3
                0x0011faf8       0x68 C:/devkitPro/libctru/lib\libcitro3d.a(mtx_multiplyfvec3.o)
                0x0011faf8                Mtx_MultiplyFVec3
 .text.Mtx_OrthoTilt
                0x0011fb60       0xcc C:/devkitPro/libctru/lib\libcitro3d.a(mtx_orthotilt.o)
                0x0011fb60                Mtx_OrthoTilt
 .text.Mtx_PerspStereoTilt
                0x0011fc2c       0xb8 C:/devkitPro/libctru/lib\libcitro3d.a(mtx_perspstereotilt.o)
                0x0011fc2c                Mtx_PerspStereoTilt
 .text.Mtx_PerspTilt
                0x0011fce4       0x94 C:/devkitPro/libctru/lib\libcitro3d.a(mtx_persptilt.o)
                0x0011fce4                Mtx_PerspTilt
 .text.Mtx_RotateX
                0x0011fd78       0xa4 C:/devkitPro/libctru/lib\libcitro3d.a(mtx_rotatex.o)
                0x0011fd78                Mtx_RotateX
 .text.Mtx_RotateY
                0x0011fe1c       0xa0 C:/devkitPro/libctru/lib\libcitro3d.a(mtx_rotatey.o)
                0x0011fe1c                Mtx_RotateY
 .text.Mtx_RotateZ
                0x0011febc       0xa0 C:/devkitPro/libctru/lib\libcitro3d.a(mtx_rotatez.o)
                0x0011febc                Mtx_RotateZ
 .text.Mtx_Scale
                0x0011ff5c       0x38 C:/devkitPro/libctru/lib\libcitro3d.a(mtx_scale.o)
                0x0011ff5c                Mtx_Scale
 .text.Mtx_Translate
                0x0011ff94       0xa4 C:/devkitPro/libctru/lib\libcitro3d.a(mtx_translate.o)
                0x0011ff94                Mtx_Translate
 .text._ZL21addrMapNodeComparatorPK11rbtree_nodeS1_
                0x00120038       0x24 C:/devkitPro/libctru/lib\libctru.a(linear.o)
 .text._ZL21addrMapNodeDestructorP11rbtree_node
                0x0012005c        0x4 C:/devkitPro/libctru/lib\libctru.a(linear.o)
 .text.linearMemAlign
                0x00120060      0x120 C:/devkitPro/libctru/lib\libctru.a(linear.o)
                0x00120060                linearMemAlign
 .text.linearAlloc
                0x00120180        0x8 C:/devkitPro/libctru/lib\libctru.a(linear.o)
                0x00120180                linearAlloc
 .text.linearFree
                0x00120188       0x5c C:/devkitPro/libctru/lib\libctru.a(linear.o)
                0x00120188                linearFree
 .text._ZN7MemPool13CoalesceRightEP8MemBlock
                0x001201e4       0x80 C:/devkitPro/libctru/lib\libctru.a(mem_pool.o)
                0x001201e4                MemPool::CoalesceRight(MemBlock*)
 .text._ZN7MemPool8AllocateER8MemChunkmi
                0x00120264      0x16c C:/devkitPro/libctru/lib\libctru.a(mem_pool.o)
                0x00120264                MemPool::Allocate(MemChunk&, unsigned long, int)
 .text._ZN7MemPool10DeallocateERK8MemChunk
                0x001203d0       0xfc C:/devkitPro/libctru/lib\libctru.a(mem_pool.o)
                0x001203d0                MemPool::Deallocate(MemChunk const&)
 .text._ZN7MemPool12GetFreeSpaceEv
                0x001204cc       0x30 C:/devkitPro/libctru/lib\libctru.a(mem_pool.o)
                0x001204cc                MemPool::GetFreeSpace()
 .text._ZL21addrMapNodeComparatorPK11rbtree_nodeS1_
                0x001204fc       0x24 C:/devkitPro/libctru/lib\libctru.a(vram.o)
 .text._ZL21addrMapNodeDestructorP11rbtree_node
                0x00120520        0x4 C:/devkitPro/libctru/lib\libctru.a(vram.o)
 .text.vramMemAlignAt
                0x00120524      0x24c C:/devkitPro/libctru/lib\libctru.a(vram.o)
                0x00120524                vramMemAlignAt
 .text.vramAlloc
                0x00120770        0xc C:/devkitPro/libctru/lib\libctru.a(vram.o)
                0x00120770                vramAlloc
 .text.vramAllocAt
                0x0012077c        0xc C:/devkitPro/libctru/lib\libctru.a(vram.o)
                0x0012077c                vramAllocAt
 .text.vramFree
                0x00120788       0x90 C:/devkitPro/libctru/lib\libctru.a(vram.o)
                0x00120788                vramFree
 .text.consoleHandleColorEsc
                0x00120818      0x51c C:/devkitPro/libctru/lib\libctru.a(console.o)
 .text.consoleColorStateShift
                0x00120d34       0xb8 C:/devkitPro/libctru/lib\libctru.a(console.o)
 .text.consoleDrawChar
                0x00120dec      0x1ac C:/devkitPro/libctru/lib\libctru.a(console.o)
                0x00120dec                consoleDrawChar
 .text.consolePrintChar
                0x00120f98      0x124 C:/devkitPro/libctru/lib\libctru.a(console.o)
                0x00120f98                consolePrintChar
 .text.con_write
                0x001210bc      0x6f4 C:/devkitPro/libctru/lib\libctru.a(console.o)
                0x001210bc                con_write
 .text.newRow   0x001217b0       0xfc C:/devkitPro/libctru/lib\libctru.a(console.o)
 .text.consoleInit
                0x001218ac      0x18c C:/devkitPro/libctru/lib\libctru.a(console.o)
                0x001218ac                consoleInit
 .text.gfxPresentFramebuffer
                0x00121a38       0xd0 C:/devkitPro/libctru/lib\libctru.a(gfx.o)
 .text.gfxSet3D
                0x00121b08       0x10 C:/devkitPro/libctru/lib\libctru.a(gfx.o)
                0x00121b08                gfxSet3D
 .text.gfxIsWide
                0x00121b18       0x1c C:/devkitPro/libctru/lib\libctru.a(gfx.o)
                0x00121b18                gfxIsWide
 .text.gfxSetScreenFormat
                0x00121b34       0xec C:/devkitPro/libctru/lib\libctru.a(gfx.o)
                0x00121b34                gfxSetScreenFormat
 .text.gfxSetDoubleBuffering
                0x00121c20       0x10 C:/devkitPro/libctru/lib\libctru.a(gfx.o)
                0x00121c20                gfxSetDoubleBuffering
 .text.gfxInit  0x00121c30       0xe0 C:/devkitPro/libctru/lib\libctru.a(gfx.o)
                0x00121c30                gfxInit
 .text.gfxInitDefault
                0x00121d10       0x10 C:/devkitPro/libctru/lib\libctru.a(gfx.o)
                0x00121d10                gfxInitDefault
 .text.gfxExit  0x00121d20       0xb4 C:/devkitPro/libctru/lib\libctru.a(gfx.o)
                0x00121d20                gfxExit
 .text.gfxGetFramebuffer
                0x00121dd4       0xa0 C:/devkitPro/libctru/lib\libctru.a(gfx.o)
                0x00121dd4                gfxGetFramebuffer
 .text.gfxFlushBuffers
                0x00121e74      0x104 C:/devkitPro/libctru/lib\libctru.a(gfx.o)
                0x00121e74                gfxFlushBuffers
 .text.gfxScreenSwapBuffers
                0x00121f78       0x30 C:/devkitPro/libctru/lib\libctru.a(gfx.o)
                0x00121f78                gfxScreenSwapBuffers
 .text.gfxSwapBuffersGpu
                0x00121fa8       0x50 C:/devkitPro/libctru/lib\libctru.a(gfx.o)
                0x00121fa8                gfxSwapBuffersGpu
 .text.osConvertVirtToPhys
                0x00121ff8       0x74 C:/devkitPro/libctru/lib\libctru.a(os.o)
                0x00121ff8                osConvertVirtToPhys
 .text.osGetTimeRef
                0x0012206c       0x54 C:/devkitPro/libctru/lib\libctru.a(os.o)
                0x0012206c                osGetTimeRef
 .text.osGetTime
                0x001220c0       0xec C:/devkitPro/libctru/lib\libctru.a(os.o)
                0x001220c0                osGetTime
 .text.__ctru_speedup_config
                0x001221ac       0x34 C:/devkitPro/libctru/lib\libctru.a(os.o)
                0x001221ac                __ctru_speedup_config
 .text.osSetSpeedupEnable
                0x001221e0       0x38 C:/devkitPro/libctru/lib\libctru.a(os.o)
                0x001221e0                osSetSpeedupEnable
 .text.romfs_close
                0x00122218        0x8 C:/devkitPro/libctru/lib\libctru.a(romfs_dev.o)
 .text.romfs_seek
                0x00122220       0xc4 C:/devkitPro/libctru/lib\libctru.a(romfs_dev.o)
 .text.romfs_dirreset
                0x001222e4       0x24 C:/devkitPro/libctru/lib\libctru.a(romfs_dev.o)
 .text.fill_dir
                0x00122308       0xc8 C:/devkitPro/libctru/lib\libctru.a(romfs_dev.o)
 .text.romfs_dirnext
                0x001223d0      0x2a8 C:/devkitPro/libctru/lib\libctru.a(romfs_dev.o)
 .text.romfs_free
                0x00122678       0x84 C:/devkitPro/libctru/lib\libctru.a(romfs_dev.o)
 .text.searchForFile.constprop.0
                0x001226fc       0xd4 C:/devkitPro/libctru/lib\libctru.a(romfs_dev.o)
 .text.searchForDir.constprop.0
                0x001227d0       0xd8 C:/devkitPro/libctru/lib\libctru.a(romfs_dev.o)
 .text.navigateToDir.constprop.0
                0x001228a8      0x1c0 C:/devkitPro/libctru/lib\libctru.a(romfs_dev.o)
 .text.romfs_open
                0x00122a68      0x10c C:/devkitPro/libctru/lib\libctru.a(romfs_dev.o)
 .text.romfs_chdir
                0x00122b74       0x4c C:/devkitPro/libctru/lib\libctru.a(romfs_dev.o)
 .text.romfs_diropen
                0x00122bc0       0x70 C:/devkitPro/libctru/lib\libctru.a(romfs_dev.o)
 .text.romfs_stat
                0x00122c30      0x174 C:/devkitPro/libctru/lib\libctru.a(romfs_dev.o)
 .text.romfs_dirclose
                0x00122da4        0x8 C:/devkitPro/libctru/lib\libctru.a(romfs_dev.o)
 *fill*         0x00122dac        0x4 
 .text.romfs_fstat
                0x00122db0       0x84 C:/devkitPro/libctru/lib\libctru.a(romfs_dev.o)
 .text.romfs_read
                0x00122e34       0xd0 C:/devkitPro/libctru/lib\libctru.a(romfs_dev.o)
 .text.romfsMountFromFile
                0x00122f04      0x28c C:/devkitPro/libctru/lib\libctru.a(romfs_dev.o)
                0x00122f04                romfsMountFromFile
 .text.romfsMountFromCurrentProcess
                0x00123190       0x98 C:/devkitPro/libctru/lib\libctru.a(romfs_dev.o)
                0x00123190                romfsMountFromCurrentProcess
 .text.romfsMountSelf
                0x00123228      0x260 C:/devkitPro/libctru/lib\libctru.a(romfs_dev.o)
                0x00123228                romfsMountSelf
 .text.romfsUnmount
                0x00123488       0xa0 C:/devkitPro/libctru/lib\libctru.a(romfs_dev.o)
                0x00123488                romfsUnmount
 .text.__sync_init
                0x00123528        0xc C:/devkitPro/libctru/lib\libctru.a(synchronization.o)
                0x00123528                __sync_init
 .text.__sync_fini
                0x00123534       0x18 C:/devkitPro/libctru/lib\libctru.a(synchronization.o)
                0x00123534                __sync_fini
 .text.syncArbitrateAddress
                0x0012354c       0x2c C:/devkitPro/libctru/lib\libctru.a(synchronization.o)
                0x0012354c                syncArbitrateAddress
 .text.LightLock_Init
                0x00123578       0x1c C:/devkitPro/libctru/lib\libctru.a(synchronization.o)
                0x00123578                LightLock_Init
 .text.LightLock_Lock
                0x00123594       0xac C:/devkitPro/libctru/lib\libctru.a(synchronization.o)
                0x00123594                LightLock_Lock
 .text.LightLock_TryLock
                0x00123640       0x44 C:/devkitPro/libctru/lib\libctru.a(synchronization.o)
                0x00123640                LightLock_TryLock
 .text.LightLock_Unlock
                0x00123684       0x40 C:/devkitPro/libctru/lib\libctru.a(synchronization.o)
                0x00123684                LightLock_Unlock
 .text.RecursiveLock_Lock
                0x001236c4       0x30 C:/devkitPro/libctru/lib\libctru.a(synchronization.o)
                0x001236c4                RecursiveLock_Lock
 .text.RecursiveLock_Unlock
                0x001236f4       0x54 C:/devkitPro/libctru/lib\libctru.a(synchronization.o)
                0x001236f4                RecursiveLock_Unlock
 .text.LightEvent_Init
                0x00123748       0x40 C:/devkitPro/libctru/lib\libctru.a(synchronization.o)
                0x00123748                LightEvent_Init
 .text.LightEvent_Clear
                0x00123788       0xa4 C:/devkitPro/libctru/lib\libctru.a(synchronization.o)
                0x00123788                LightEvent_Clear
 .text.LightEvent_Signal
                0x0012382c       0xc8 C:/devkitPro/libctru/lib\libctru.a(synchronization.o)
                0x0012382c                LightEvent_Signal
 .text.LightEvent_TryWait
                0x001238f4       0x50 C:/devkitPro/libctru/lib\libctru.a(synchronization.o)
                0x001238f4                LightEvent_TryWait
 .text.LightEvent_Wait
                0x00123944       0xa0 C:/devkitPro/libctru/lib\libctru.a(synchronization.o)
                0x00123944                LightEvent_Wait
 .text.threadCreate
                0x001239e4      0x1d8 C:/devkitPro/libctru/lib\libctru.a(thread.o)
                0x001239e4                threadCreate
 .text.threadFree
                0x00123bbc       0x2c C:/devkitPro/libctru/lib\libctru.a(thread.o)
                0x00123bbc                threadFree
 .text.threadJoin
                0x00123be8       0x24 C:/devkitPro/libctru/lib\libctru.a(thread.o)
                0x00123be8                threadJoin
 .text.threadGetCurrent
                0x00123c0c       0x30 C:/devkitPro/libctru/lib\libctru.a(thread.o)
                0x00123c0c                threadGetCurrent
 .text.threadExit
                0x00123c3c       0x40 C:/devkitPro/libctru/lib\libctru.a(thread.o)
                0x00123c3c                threadExit
 .text._thread_begin
                0x00123c7c       0x20 C:/devkitPro/libctru/lib\libctru.a(thread.o)
 .text.GPUCMD_Add
                0x00123c9c      0x13c C:/devkitPro/libctru/lib\libctru.a(gpu.o)
                0x00123c9c                GPUCMD_Add
 .text.GPUCMD_Split
                0x00123dd8       0xb0 C:/devkitPro/libctru/lib\libctru.a(gpu.o)
                0x00123dd8                GPUCMD_Split
 .text.f32tof16
                0x00123e88       0x34 C:/devkitPro/libctru/lib\libctru.a(gpu.o)
                0x00123e88                f32tof16
 .text.f32tof24
                0x00123ebc       0x34 C:/devkitPro/libctru/lib\libctru.a(gpu.o)
                0x00123ebc                f32tof24
 .text.f32tof31
                0x00123ef0       0x38 C:/devkitPro/libctru/lib\libctru.a(gpu.o)
                0x00123ef0                f32tof31
 .text.GX_BindQueue
                0x00123f28       0x10 C:/devkitPro/libctru/lib\libctru.a(gx.o)
                0x00123f28                GX_BindQueue
 .text.GX_RequestDma
                0x00123f38       0x6c C:/devkitPro/libctru/lib\libctru.a(gx.o)
                0x00123f38                GX_RequestDma
 .text.GX_ProcessCommandList
                0x00123fa4       0x78 C:/devkitPro/libctru/lib\libctru.a(gx.o)
                0x00123fa4                GX_ProcessCommandList
 .text.GX_MemoryFill
                0x0012401c       0x74 C:/devkitPro/libctru/lib\libctru.a(gx.o)
                0x0012401c                GX_MemoryFill
 .text.GX_DisplayTransfer
                0x00124090       0x70 C:/devkitPro/libctru/lib\libctru.a(gx.o)
                0x00124090                GX_DisplayTransfer
 .text.GX_TextureCopy
                0x00124100       0x74 C:/devkitPro/libctru/lib\libctru.a(gx.o)
                0x00124100                GX_TextureCopy
 .text.gxCmdQueueDoCommands.part.0
                0x00124174       0x68 C:/devkitPro/libctru/lib\libctru.a(gxqueue.o)
 .text.gxCmdQueueInterrupt
                0x001241dc       0xc8 C:/devkitPro/libctru/lib\libctru.a(gxqueue.o)
                0x001241dc                gxCmdQueueInterrupt
 .text.gxCmdQueueClear
                0x001242a4       0x4c C:/devkitPro/libctru/lib\libctru.a(gxqueue.o)
                0x001242a4                gxCmdQueueClear
 .text.gxCmdQueueAdd
                0x001242f0       0xf8 C:/devkitPro/libctru/lib\libctru.a(gxqueue.o)
                0x001242f0                gxCmdQueueAdd
 .text.gxCmdQueueRun
                0x001243e8       0x80 C:/devkitPro/libctru/lib\libctru.a(gxqueue.o)
                0x001243e8                gxCmdQueueRun
 .text.gxCmdQueueStop
                0x00124468       0x60 C:/devkitPro/libctru/lib\libctru.a(gxqueue.o)
                0x00124468                gxCmdQueueStop
 .text.gxCmdQueueWait
                0x001244c8       0x8c C:/devkitPro/libctru/lib\libctru.a(gxqueue.o)
                0x001244c8                gxCmdQueueWait
 .text.shaderInstanceInit
                0x00124554      0x1d0 C:/devkitPro/libctru/lib\libctru.a(shaderProgram.o)
                0x00124554                shaderInstanceInit
 .text.shaderInstanceGetUniformLocation
                0x00124724       0x18 C:/devkitPro/libctru/lib\libctru.a(shaderProgram.o)
                0x00124724                shaderInstanceGetUniformLocation
 .text.shaderProgramInit
                0x0012473c       0x1c C:/devkitPro/libctru/lib\libctru.a(shaderProgram.o)
                0x0012473c                shaderProgramInit
 .text.shaderProgramFree
                0x00124758       0x64 C:/devkitPro/libctru/lib\libctru.a(shaderProgram.o)
                0x00124758                shaderProgramFree
 .text.shaderProgramSetVsh
                0x001247bc       0x80 C:/devkitPro/libctru/lib\libctru.a(shaderProgram.o)
                0x001247bc                shaderProgramSetVsh
 .text.shaderProgramConfigure
                0x0012483c      0x8e0 C:/devkitPro/libctru/lib\libctru.a(shaderProgram.o)
                0x0012483c                shaderProgramConfigure
 .text.DVLE_GenerateOutmap.part.0
                0x0012511c      0x1cc C:/devkitPro/libctru/lib\libctru.a(shbin.o)
 .text.DVLB_ParseFile
                0x001252e8      0x1b4 C:/devkitPro/libctru/lib\libctru.a(shbin.o)
                0x001252e8                DVLB_ParseFile
 .text.DVLB_Free
                0x0012549c       0x38 C:/devkitPro/libctru/lib\libctru.a(shbin.o)
                0x0012549c                DVLB_Free
 .text.DVLE_GetUniformRegister
                0x001254d4       0x74 C:/devkitPro/libctru/lib\libctru.a(shbin.o)
                0x001254d4                DVLE_GetUniformRegister
 .text.ndspChnReset
                0x00125548       0xe4 C:/devkitPro/libctru/lib\libctru.a(ndsp-channel.o)
                0x00125548                ndspChnReset
 .text.ndspChnSetFormat
                0x0012562c       0x18 C:/devkitPro/libctru/lib\libctru.a(ndsp-channel.o)
                0x0012562c                ndspChnSetFormat
 .text.ndspChnSetInterp
                0x00125644       0x48 C:/devkitPro/libctru/lib\libctru.a(ndsp-channel.o)
                0x00125644                ndspChnSetInterp
 .text.ndspChnSetRate
                0x0012568c       0x5c C:/devkitPro/libctru/lib\libctru.a(ndsp-channel.o)
                0x0012568c                ndspChnSetRate
 .text.ndspChnWaveBufAdd
                0x001256e8       0xbc C:/devkitPro/libctru/lib\libctru.a(ndsp-channel.o)
                0x001256e8                ndspChnWaveBufAdd
 *fill*         0x001257a4        0x4 
 .text.ndspFinalize
                0x001257a8      0x110 C:/devkitPro/libctru/lib\libctru.a(ndsp.o)
 .text.ndspExit
                0x001258b8       0xcc C:/devkitPro/libctru/lib\libctru.a(ndsp.o)
                0x001258b8                ndspExit
 .text.ndspSetOutputMode
                0x00125984       0x34 C:/devkitPro/libctru/lib\libctru.a(ndsp.o)
                0x00125984                ndspSetOutputMode
 .text.ndspSetCallback
                0x001259b8       0x10 C:/devkitPro/libctru/lib\libctru.a(ndsp.o)
                0x001259b8                ndspSetCallback
 .text.aptConvertScreenForCapture
                0x001259c8      0x1ac C:/devkitPro/libctru/lib\libctru.a(apt.o)
 .text.aptSendCommand
                0x00125b74      0x158 C:/devkitPro/libctru/lib\libctru.a(apt.o)
                0x00125b74                aptSendCommand
 *fill*         0x00125ccc        0x4 
 .text.aptExitProcess
                0x00125cd0       0x44 C:/devkitPro/libctru/lib\libctru.a(apt.o)
 .text.aptExit  0x00125d14      0x38c C:/devkitPro/libctru/lib\libctru.a(apt.o)
                0x00125d14                aptExit
 .text.aptHandleSleep
                0x001260a0       0xe0 C:/devkitPro/libctru/lib\libctru.a(apt.o)
                0x001260a0                aptHandleSleep
 .text.aptHook  0x00126180       0x30 C:/devkitPro/libctru/lib\libctru.a(apt.o)
                0x00126180                aptHook
 .text.aptUnhook
                0x001261b0       0x30 C:/devkitPro/libctru/lib\libctru.a(apt.o)
                0x001261b0                aptUnhook
 .text.aptSetMessageCallback
                0x001261e0       0x1c C:/devkitPro/libctru/lib\libctru.a(apt.o)
                0x001261e0                aptSetMessageCallback
 .text.APT_SleepIfShellClosed
                0x001261fc       0x84 C:/devkitPro/libctru/lib\libctru.a(apt.o)
                0x001261fc                APT_SleepIfShellClosed
 .text.aptSetSleepAllowed
                0x00126280       0x84 C:/devkitPro/libctru/lib\libctru.a(apt.o)
                0x00126280                aptSetSleepAllowed
 .text.APT_UnlockTransition
                0x00126304       0x84 C:/devkitPro/libctru/lib\libctru.a(apt.o)
                0x00126304                APT_UnlockTransition
 .text.aptEventHandler
                0x00126388      0x4a4 C:/devkitPro/libctru/lib\libctru.a(apt.o)
 .text.APT_ReceiveParameter
                0x0012682c       0xb0 C:/devkitPro/libctru/lib\libctru.a(apt.o)
                0x0012682c                APT_ReceiveParameter
 .text.aptReceiveParameter.constprop.0
                0x001268dc       0xac C:/devkitPro/libctru/lib\libctru.a(apt.o)
 .text.aptScreenTransfer
                0x00126988      0x2ac C:/devkitPro/libctru/lib\libctru.a(apt.o)
 .text.aptWaitForWakeUp.isra.0
                0x00126c34      0x320 C:/devkitPro/libctru/lib\libctru.a(apt.o)
 .text.aptLaunchLibraryApplet
                0x00126f54      0x118 C:/devkitPro/libctru/lib\libctru.a(apt.o)
                0x00126f54                aptLaunchLibraryApplet
 .text.aptJumpToHomeMenu
                0x0012706c       0xf8 C:/devkitPro/libctru/lib\libctru.a(apt.o)
                0x0012706c                aptJumpToHomeMenu
 .text.aptMainLoop
                0x00127164       0x48 C:/devkitPro/libctru/lib\libctru.a(apt.o)
                0x00127164                aptMainLoop
 .text.aptInit  0x001271ac      0x22c C:/devkitPro/libctru/lib\libctru.a(apt.o)
                0x001271ac                aptInit
 .text.APT_SendParameter
                0x001273d8       0x5c C:/devkitPro/libctru/lib\libctru.a(apt.o)
                0x001273d8                APT_SendParameter
 .text.APT_SetAppCpuTimeLimit
                0x00127434       0x30 C:/devkitPro/libctru/lib\libctru.a(apt.o)
                0x00127434                APT_SetAppCpuTimeLimit
 .text.APT_CheckNew3DS
                0x00127464       0x7c C:/devkitPro/libctru/lib\libctru.a(apt.o)
                0x00127464                APT_CheckNew3DS
 .text.DSP_LoadComponent.part.0
                0x001274e0       0xa4 C:/devkitPro/libctru/lib\libctru.a(dsp.o)
 .text.dspExit  0x00127584       0x80 C:/devkitPro/libctru/lib\libctru.a(dsp.o)
                0x00127584                dspExit
 .text.dspUnhook
                0x00127604       0x30 C:/devkitPro/libctru/lib\libctru.a(dsp.o)
                0x00127604                dspUnhook
 .text.aptDspSleep
                0x00127634       0xb0 C:/devkitPro/libctru/lib\libctru.a(dsp.o)
                0x00127634                aptDspSleep
 .text.aptDspWakeup
                0x001276e4       0xb8 C:/devkitPro/libctru/lib\libctru.a(dsp.o)
                0x001276e4                aptDspWakeup
 .text.aptDspCancel
                0x0012779c       0x44 C:/devkitPro/libctru/lib\libctru.a(dsp.o)
                0x0012779c                aptDspCancel
 .text.DSP_FlushDataCache
                0x001277e0       0x50 C:/devkitPro/libctru/lib\libctru.a(dsp.o)
                0x001277e0                DSP_FlushDataCache
 .text.DSP_RegisterInterruptEvents
                0x00127830       0x44 C:/devkitPro/libctru/lib\libctru.a(dsp.o)
                0x00127830                DSP_RegisterInterruptEvents
 .text.DSP_WriteProcessPipe
                0x00127874       0x4c C:/devkitPro/libctru/lib\libctru.a(dsp.o)
                0x00127874                DSP_WriteProcessPipe
 .text.DSP_RecvData
                0x001278c0       0x40 C:/devkitPro/libctru/lib\libctru.a(dsp.o)
                0x001278c0                DSP_RecvData
 .text.DSP_RecvDataIsReady
                0x00127900       0x4c C:/devkitPro/libctru/lib\libctru.a(dsp.o)
                0x00127900                DSP_RecvDataIsReady
 .text.fsInit   0x0012794c       0xcc C:/devkitPro/libctru/lib\libctru.a(fs.o)
                0x0012794c                fsInit
 .text.fsExit   0x00127a18       0x3c C:/devkitPro/libctru/lib\libctru.a(fs.o)
                0x00127a18                fsExit
 .text.fsExemptFromSession
                0x00127a54       0x60 C:/devkitPro/libctru/lib\libctru.a(fs.o)
                0x00127a54                fsExemptFromSession
 .text.fsUnexemptFromSession
                0x00127ab4       0x50 C:/devkitPro/libctru/lib\libctru.a(fs.o)
                0x00127ab4                fsUnexemptFromSession
 .text.FSUSER_OpenFile
                0x00127b04       0xcc C:/devkitPro/libctru/lib\libctru.a(fs.o)
                0x00127b04                FSUSER_OpenFile
 .text.FSUSER_OpenFileDirectly
                0x00127bd0       0xd4 C:/devkitPro/libctru/lib\libctru.a(fs.o)
                0x00127bd0                FSUSER_OpenFileDirectly
 .text.FSUSER_DeleteFile
                0x00127ca4       0xbc C:/devkitPro/libctru/lib\libctru.a(fs.o)
                0x00127ca4                FSUSER_DeleteFile
 .text.FSUSER_RenameFile
                0x00127d60       0xf8 C:/devkitPro/libctru/lib\libctru.a(fs.o)
                0x00127d60                FSUSER_RenameFile
 .text.FSUSER_DeleteDirectory
                0x00127e58       0xbc C:/devkitPro/libctru/lib\libctru.a(fs.o)
                0x00127e58                FSUSER_DeleteDirectory
 .text.FSUSER_CreateFile
                0x00127f14       0xd4 C:/devkitPro/libctru/lib\libctru.a(fs.o)
                0x00127f14                FSUSER_CreateFile
 .text.FSUSER_CreateDirectory
                0x00127fe8       0xc4 C:/devkitPro/libctru/lib\libctru.a(fs.o)
                0x00127fe8                FSUSER_CreateDirectory
 .text.FSUSER_RenameDirectory
                0x001280ac       0xf8 C:/devkitPro/libctru/lib\libctru.a(fs.o)
                0x001280ac                FSUSER_RenameDirectory
 .text.FSUSER_OpenDirectory
                0x001281a4       0xb4 C:/devkitPro/libctru/lib\libctru.a(fs.o)
                0x001281a4                FSUSER_OpenDirectory
 .text.FSUSER_OpenArchive
                0x00128258       0x94 C:/devkitPro/libctru/lib\libctru.a(fs.o)
                0x00128258                FSUSER_OpenArchive
 .text.FSUSER_CloseArchive
                0x001282ec       0x8c C:/devkitPro/libctru/lib\libctru.a(fs.o)
                0x001282ec                FSUSER_CloseArchive
 .text.FSUSER_GetSdmcArchiveResource
                0x00128378       0x74 C:/devkitPro/libctru/lib\libctru.a(fs.o)
                0x00128378                FSUSER_GetSdmcArchiveResource
 .text.FSUSER_IsSdmcWritable
                0x001283ec       0x64 C:/devkitPro/libctru/lib\libctru.a(fs.o)
                0x001283ec                FSUSER_IsSdmcWritable
 .text.FSFILE_Read
                0x00128450       0x58 C:/devkitPro/libctru/lib\libctru.a(fs.o)
                0x00128450                FSFILE_Read
 .text.FSFILE_Write
                0x001284a8       0x60 C:/devkitPro/libctru/lib\libctru.a(fs.o)
                0x001284a8                FSFILE_Write
 .text.FSFILE_GetSize
                0x00128508       0x38 C:/devkitPro/libctru/lib\libctru.a(fs.o)
                0x00128508                FSFILE_GetSize
 .text.FSFILE_SetSize
                0x00128540       0x28 C:/devkitPro/libctru/lib\libctru.a(fs.o)
                0x00128540                FSFILE_SetSize
 .text.FSFILE_Close
                0x00128568       0x3c C:/devkitPro/libctru/lib\libctru.a(fs.o)
                0x00128568                FSFILE_Close
 .text.FSFILE_Flush
                0x001285a4       0x24 C:/devkitPro/libctru/lib\libctru.a(fs.o)
                0x001285a4                FSFILE_Flush
 .text.FSDIR_Read
                0x001285c8       0x50 C:/devkitPro/libctru/lib\libctru.a(fs.o)
                0x001285c8                FSDIR_Read
 .text.FSDIR_Close
                0x00128618       0x3c C:/devkitPro/libctru/lib\libctru.a(fs.o)
                0x00128618                FSDIR_Close
 .text.gspHardwareInit
                0x00128654      0xc64 C:/devkitPro/libctru/lib\libctru.a(gspgpu.o)
 .text.gspInit  0x001292b8      0x248 C:/devkitPro/libctru/lib\libctru.a(gspgpu.o)
                0x001292b8                gspInit
 .text.gspExit  0x00129500       0xf0 C:/devkitPro/libctru/lib\libctru.a(gspgpu.o)
                0x00129500                gspExit
 .text.gspHasGpuRight
                0x001295f0       0x10 C:/devkitPro/libctru/lib\libctru.a(gspgpu.o)
                0x001295f0                gspHasGpuRight
 .text.gspPresentBuffer
                0x00129600       0xa0 C:/devkitPro/libctru/lib\libctru.a(gspgpu.o)
                0x00129600                gspPresentBuffer
 .text.gspSetEventCallback
                0x001296a0       0x30 C:/devkitPro/libctru/lib\libctru.a(gspgpu.o)
                0x001296a0                gspSetEventCallback
 .text.gspWaitForEvent
                0x001296d0       0x44 C:/devkitPro/libctru/lib\libctru.a(gspgpu.o)
                0x001296d0                gspWaitForEvent
 .text.gspWaitForAnyEvent
                0x00129714       0x4c C:/devkitPro/libctru/lib\libctru.a(gspgpu.o)
                0x00129714                gspWaitForAnyEvent
 .text.gspEventThreadMain
                0x00129760      0x158 C:/devkitPro/libctru/lib\libctru.a(gspgpu.o)
 .text.gspSubmitGxCommand
                0x001298b8      0x130 C:/devkitPro/libctru/lib\libctru.a(gspgpu.o)
                0x001298b8                gspSubmitGxCommand
 .text.GSPGPU_FlushDataCache
                0x001299e8       0x50 C:/devkitPro/libctru/lib\libctru.a(gspgpu.o)
                0x001299e8                GSPGPU_FlushDataCache
 .text.GSPGPU_SetLcdForceBlack
                0x00129a38       0x34 C:/devkitPro/libctru/lib\libctru.a(gspgpu.o)
                0x00129a38                GSPGPU_SetLcdForceBlack
 .text.GSPGPU_AcquireRight
                0x00129a6c       0x68 C:/devkitPro/libctru/lib\libctru.a(gspgpu.o)
                0x00129a6c                GSPGPU_AcquireRight
 .text.GSPGPU_ReleaseRight
                0x00129ad4       0x48 C:/devkitPro/libctru/lib\libctru.a(gspgpu.o)
                0x00129ad4                GSPGPU_ReleaseRight
 .text.GSPGPU_ImportDisplayCaptureInfo
                0x00129b1c       0x7c C:/devkitPro/libctru/lib\libctru.a(gspgpu.o)
                0x00129b1c                GSPGPU_ImportDisplayCaptureInfo
 .text.GSPGPU_SaveVramSysArea
                0x00129b98       0x2c C:/devkitPro/libctru/lib\libctru.a(gspgpu.o)
                0x00129b98                GSPGPU_SaveVramSysArea
 .text.GSPGPU_RestoreVramSysArea
                0x00129bc4       0x2c C:/devkitPro/libctru/lib\libctru.a(gspgpu.o)
                0x00129bc4                GSPGPU_RestoreVramSysArea
 .text.hidShouldUseIrrst
                0x00129bf0       0x24 C:/devkitPro/libctru/lib\libctru.a(hid.o)
                0x00129bf0                hidShouldUseIrrst
 .text.hidInit  0x00129c14      0x18c C:/devkitPro/libctru/lib\libctru.a(hid.o)
                0x00129c14                hidInit
 .text.hidExit  0x00129da0       0xe8 C:/devkitPro/libctru/lib\libctru.a(hid.o)
                0x00129da0                hidExit
 .text.hidScanInput
                0x00129e88      0x2a4 C:/devkitPro/libctru/lib\libctru.a(hid.o)
                0x00129e88                hidScanInput
 .text.hidKeysHeld
                0x0012a12c       0x10 C:/devkitPro/libctru/lib\libctru.a(hid.o)
                0x0012a12c                hidKeysHeld
 .text.hidKeysDown
                0x0012a13c       0x10 C:/devkitPro/libctru/lib\libctru.a(hid.o)
                0x0012a13c                hidKeysDown
 .text.hidKeysUp
                0x0012a14c       0x10 C:/devkitPro/libctru/lib\libctru.a(hid.o)
                0x0012a14c                hidKeysUp
 .text.hidTouchRead
                0x0012a15c       0x18 C:/devkitPro/libctru/lib\libctru.a(hid.o)
                0x0012a15c                hidTouchRead
 .text.hidCircleRead
                0x0012a174       0x18 C:/devkitPro/libctru/lib\libctru.a(hid.o)
                0x0012a174                hidCircleRead
 .text.irrstInit
                0x0012a18c      0x160 C:/devkitPro/libctru/lib\libctru.a(irrst.o)
                0x0012a18c                irrstInit
 .text.irrstExit
                0x0012a2ec       0xcc C:/devkitPro/libctru/lib\libctru.a(irrst.o)
                0x0012a2ec                irrstExit
 .text.irrstScanInput
                0x0012a3b8       0xb4 C:/devkitPro/libctru/lib\libctru.a(irrst.o)
                0x0012a3b8                irrstScanInput
 .text.irrstKeysHeld
                0x0012a46c       0x24 C:/devkitPro/libctru/lib\libctru.a(irrst.o)
                0x0012a46c                irrstKeysHeld
 .text.irrstCstickRead
                0x0012a490       0x18 C:/devkitPro/libctru/lib\libctru.a(irrst.o)
                0x0012a490                irrstCstickRead
 .text.ptmSysmInit
                0x0012a4a8       0x74 C:/devkitPro/libctru/lib\libctru.a(ptmsysm.o)
                0x0012a4a8                ptmSysmInit
 .text.ptmSysmExit
                0x0012a51c       0x3c C:/devkitPro/libctru/lib\libctru.a(ptmsysm.o)
                0x0012a51c                ptmSysmExit
 .text.PTMSYSM_ConfigureNew3DSCPU
                0x0012a558       0x34 C:/devkitPro/libctru/lib\libctru.a(ptmsysm.o)
                0x0012a558                PTMSYSM_ConfigureNew3DSCPU
 .text.swkbdMessageCallback
                0x0012a58c      0x178 C:/devkitPro/libctru/lib\libctru.a(swkbd.o)
 .text.swkbdInit
                0x0012a704       0x78 C:/devkitPro/libctru/lib\libctru.a(swkbd.o)
                0x0012a704                swkbdInit
 .text.swkbdSetHintText
                0x0012a77c       0x50 C:/devkitPro/libctru/lib\libctru.a(swkbd.o)
                0x0012a77c                swkbdSetHintText
 .text.swkbdInputText
                0x0012a7cc      0x3a8 C:/devkitPro/libctru/lib\libctru.a(swkbd.o)
                0x0012a7cc                swkbdInputText
 .text.rbtree_find
                0x0012ab74       0x74 C:/devkitPro/libctru/lib\libctru.a(rbtree_find.o)
                0x0012ab74                rbtree_find
 .text.rbtree_init
                0x0012abe8       0x10 C:/devkitPro/libctru/lib\libctru.a(rbtree_init.o)
                0x0012abe8                rbtree_init
 .text.do_insert
                0x0012abf8      0x1b0 C:/devkitPro/libctru/lib\libctru.a(rbtree_insert.o)
 .text.rbtree_insert
                0x0012ada8        0x8 C:/devkitPro/libctru/lib\libctru.a(rbtree_insert.o)
                0x0012ada8                rbtree_insert
 .text.rbtree_remove
                0x0012adb0      0x318 C:/devkitPro/libctru/lib\libctru.a(rbtree_remove.o)
                0x0012adb0                rbtree_remove
 .text.rbtree_rotate
                0x0012b0c8       0x90 C:/devkitPro/libctru/lib\libctru.a(rbtree_rotate.o)
                0x0012b0c8                rbtree_rotate
 .text.utf16_to_utf8
                0x0012b158       0xe8 C:/devkitPro/libctru/lib\libctru.a(utf16_to_utf8.o)
                0x0012b158                utf16_to_utf8
 .text.utf8_to_utf16
                0x0012b240       0xc0 C:/devkitPro/libctru/lib\libctru.a(utf8_to_utf16.o)
                0x0012b240                utf8_to_utf16
 .text.__system_allocateHeaps
                0x0012b300      0x1e0 C:/devkitPro/libctru/lib\libctru.a(allocateHeaps.o)
                0x0012b300                __system_allocateHeaps
 .text.__libctru_init
                0x0012b4e0       0x38 C:/devkitPro/libctru/lib\libctru.a(ctru_init.o)
                0x0012b4e0                __libctru_init
 .text.__system_initArgv
                0x0012b518      0x170 C:/devkitPro/libctru/lib\libctru.a(initArgv.o)
                0x0012b518                __system_initArgv
 .text.__syscall_getreent
                0x0012b688       0x30 C:/devkitPro/libctru/lib\libctru.a(syscalls.o)
                0x0012b688                __syscall_getreent
 .text.__syscall_gettod_r
                0x0012b6b8       0x64 C:/devkitPro/libctru/lib\libctru.a(syscalls.o)
                0x0012b6b8                __syscall_gettod_r
 .text.__syscall_nanosleep
                0x0012b71c       0x30 C:/devkitPro/libctru/lib\libctru.a(syscalls.o)
                0x0012b71c                __syscall_nanosleep
 .text.__syscall_lock_acquire
                0x0012b74c        0x4 C:/devkitPro/libctru/lib\libctru.a(syscalls.o)
                0x0012b74c                __syscall_lock_acquire
 .text.__syscall_lock_release
                0x0012b750        0x4 C:/devkitPro/libctru/lib\libctru.a(syscalls.o)
                0x0012b750                __syscall_lock_release
 .text.__syscall_lock_acquire_recursive
                0x0012b754        0x4 C:/devkitPro/libctru/lib\libctru.a(syscalls.o)
                0x0012b754                __syscall_lock_acquire_recursive
 .text.__syscall_lock_release_recursive
                0x0012b758        0x4 C:/devkitPro/libctru/lib\libctru.a(syscalls.o)
                0x0012b758                __syscall_lock_release_recursive
 .text.__syscall_exit
                0x0012b75c        0x4 C:/devkitPro/libctru/lib\libctru.a(syscalls.o)
                0x0012b75c                __syscall_exit
 .text.initThreadVars
                0x0012b760       0x50 C:/devkitPro/libctru/lib\libctru.a(syscalls.o)
                0x0012b760                initThreadVars
 .text.__system_initSyscalls
                0x0012b7b0       0x80 C:/devkitPro/libctru/lib\libctru.a(syscalls.o)
                0x0012b7b0                __system_initSyscalls
 .text.svcControlMemory
                0x0012b830       0x20 C:/devkitPro/libctru/lib\libctru.a(svc.o)
                0x0012b830                svcControlMemory
 .text.svcQueryMemory
                0x0012b850       0x30 C:/devkitPro/libctru/lib\libctru.a(svc.o)
                0x0012b850                svcQueryMemory
 .text.svcExitProcess
                0x0012b880        0x8 C:/devkitPro/libctru/lib\libctru.a(svc.o)
                0x0012b880                svcExitProcess
 .text.svcCreateThread
                0x0012b888       0x20 C:/devkitPro/libctru/lib\libctru.a(svc.o)
                0x0012b888                svcCreateThread
 .text.svcExitThread
                0x0012b8a8        0x8 C:/devkitPro/libctru/lib\libctru.a(svc.o)
                0x0012b8a8                svcExitThread
 .text.svcSleepThread
                0x0012b8b0        0x8 C:/devkitPro/libctru/lib\libctru.a(svc.o)
                0x0012b8b0                svcSleepThread
 .text.svcGetThreadPriority
                0x0012b8b8       0x14 C:/devkitPro/libctru/lib\libctru.a(svc.o)
                0x0012b8b8                svcGetThreadPriority
 .text.svcReleaseMutex
                0x0012b8cc        0x8 C:/devkitPro/libctru/lib\libctru.a(svc.o)
                0x0012b8cc                svcReleaseMutex
 .text.svcCreateEvent
                0x0012b8d4       0x14 C:/devkitPro/libctru/lib\libctru.a(svc.o)
                0x0012b8d4                svcCreateEvent
 .text.svcSignalEvent
                0x0012b8e8        0x8 C:/devkitPro/libctru/lib\libctru.a(svc.o)
                0x0012b8e8                svcSignalEvent
 .text.svcClearEvent
                0x0012b8f0        0x8 C:/devkitPro/libctru/lib\libctru.a(svc.o)
                0x0012b8f0                svcClearEvent
 .text.svcCreateMemoryBlock
                0x0012b8f8       0x18 C:/devkitPro/libctru/lib\libctru.a(svc.o)
                0x0012b8f8                svcCreateMemoryBlock
 .text.svcMapMemoryBlock
                0x0012b910        0x8 C:/devkitPro/libctru/lib\libctru.a(svc.o)
                0x0012b910                svcMapMemoryBlock
 .text.svcUnmapMemoryBlock
                0x0012b918        0x8 C:/devkitPro/libctru/lib\libctru.a(svc.o)
                0x0012b918                svcUnmapMemoryBlock
 .text.svcCreateAddressArbiter
                0x0012b920       0x14 C:/devkitPro/libctru/lib\libctru.a(svc.o)
                0x0012b920                svcCreateAddressArbiter
 .text.svcArbitrateAddressNoTimeout
                0x0012b934        0x8 C:/devkitPro/libctru/lib\libctru.a(svc.o)
                0x0012b934                svcArbitrateAddressNoTimeout
 .text.svcCloseHandle
                0x0012b93c        0x8 C:/devkitPro/libctru/lib\libctru.a(svc.o)
                0x0012b93c                svcCloseHandle
 .text.svcWaitSynchronization
                0x0012b944        0x8 C:/devkitPro/libctru/lib\libctru.a(svc.o)
                0x0012b944                svcWaitSynchronization
 .text.svcWaitSynchronizationN
                0x0012b94c       0x28 C:/devkitPro/libctru/lib\libctru.a(svc.o)
                0x0012b94c                svcWaitSynchronizationN
 .text.svcDuplicateHandle
                0x0012b974       0x14 C:/devkitPro/libctru/lib\libctru.a(svc.o)
                0x0012b974                svcDuplicateHandle
 .text.svcGetSystemTick
                0x0012b988        0x8 C:/devkitPro/libctru/lib\libctru.a(svc.o)
                0x0012b988                svcGetSystemTick
 .text.svcConnectToPort
                0x0012b990       0x14 C:/devkitPro/libctru/lib\libctru.a(svc.o)
                0x0012b990                svcConnectToPort
 .text.svcSendSyncRequest
                0x0012b9a4        0x8 C:/devkitPro/libctru/lib\libctru.a(svc.o)
                0x0012b9a4                svcSendSyncRequest
 .text.svcGetResourceLimit
                0x0012b9ac       0x14 C:/devkitPro/libctru/lib\libctru.a(svc.o)
                0x0012b9ac                svcGetResourceLimit
 .text.svcGetResourceLimitLimitValues
                0x0012b9c0        0x8 C:/devkitPro/libctru/lib\libctru.a(svc.o)
                0x0012b9c0                svcGetResourceLimitLimitValues
 .text.svcGetResourceLimitCurrentValues
                0x0012b9c8        0x8 C:/devkitPro/libctru/lib\libctru.a(svc.o)
                0x0012b9c8                svcGetResourceLimitCurrentValues
 .text.svcBreak
                0x0012b9d0        0x8 C:/devkitPro/libctru/lib\libctru.a(svc.o)
                0x0012b9d0                svcBreak
 .text.__aeabi_read_tp
                0x0012b9d8        0xc C:/devkitPro/libctru/lib\libctru.a(readtp.o)
                0x0012b9d8                __aeabi_read_tp
 .text.initSystem
                0x0012b9e4       0x50 C:/devkitPro/libctru/lib\libctru.a(stack_adjust.o)
                0x0012b9e4                initSystem
 .text.__ctru_exit
                0x0012ba34       0x14 C:/devkitPro/libctru/lib\libctru.a(stack_adjust.o)
                0x0012ba34                __ctru_exit
 .text.envGetHandle
                0x0012ba48       0x84 C:/devkitPro/libctru/lib\libctru.a(env.o)
                0x0012ba48                envGetHandle
 .text.envDestroyHandles
                0x0012bacc       0x50 C:/devkitPro/libctru/lib\libctru.a(env.o)
                0x0012bacc                envDestroyHandles
 .text.srvInit  0x0012bb1c      0x12c C:/devkitPro/libctru/lib\libctru.a(srv.o)
                0x0012bb1c                srvInit
 .text.srvExit  0x0012bc48       0x58 C:/devkitPro/libctru/lib\libctru.a(srv.o)
                0x0012bc48                srvExit
 .text.srvEnableNotification
                0x0012bca0       0x60 C:/devkitPro/libctru/lib\libctru.a(srv.o)
                0x0012bca0                srvEnableNotification
 .text.srvGetServiceHandleDirect
                0x0012bd00       0xa0 C:/devkitPro/libctru/lib\libctru.a(srv.o)
                0x0012bd00                srvGetServiceHandleDirect
 .text.srvGetServiceHandle
                0x0012bda0       0x38 C:/devkitPro/libctru/lib\libctru.a(srv.o)
                0x0012bda0                srvGetServiceHandle
 .text.srvSubscribe
                0x0012bdd8       0x34 C:/devkitPro/libctru/lib\libctru.a(srv.o)
                0x0012bdd8                srvSubscribe
 .text.srvReceiveNotification
                0x0012be0c       0x60 C:/devkitPro/libctru/lib\libctru.a(srv.o)
                0x0012be0c                srvReceiveNotification
 .text.srvPublishToSubscriber
                0x0012be6c       0x38 C:/devkitPro/libctru/lib\libctru.a(srv.o)
                0x0012be6c                srvPublishToSubscriber
 .text.mappableFindAddressWithin
                0x0012bea4       0xb4 C:/devkitPro/libctru/lib\libctru.a(mappable.o)
 .text.mappableInit
                0x0012bf58       0x28 C:/devkitPro/libctru/lib\libctru.a(mappable.o)
                0x0012bf58                mappableInit
 .text.mappableAlloc
                0x0012bf80       0x80 C:/devkitPro/libctru/lib\libctru.a(mappable.o)
                0x0012bf80                mappableAlloc
 .text.mappableFree
                0x0012c000        0x4 C:/devkitPro/libctru/lib\libctru.a(mappable.o)
                0x0012c000                mappableFree
 .text.srvPmGetSessionHandle
                0x0012c004        0xc C:/devkitPro/libctru/lib\libctru.a(srvpm.o)
                0x0012c004                srvPmGetSessionHandle
 .text.rbtree_node_next
                0x0012c010       0x5c C:/devkitPro/libctru/lib\libctru.a(rbtree_iterator.o)
                0x0012c010                rbtree_node_next
 .text.decode_utf16
                0x0012c06c       0x64 C:/devkitPro/libctru/lib\libctru.a(decode_utf16.o)
                0x0012c06c                decode_utf16
 .text.decode_utf8
                0x0012c0d0      0x13c C:/devkitPro/libctru/lib\libctru.a(decode_utf8.o)
                0x0012c0d0                decode_utf8
 .text.encode_utf16
                0x0012c20c       0x54 C:/devkitPro/libctru/lib\libctru.a(encode_utf16.o)
                0x0012c20c                encode_utf16
 .text.encode_utf8
                0x0012c260       0xe0 C:/devkitPro/libctru/lib\libctru.a(encode_utf8.o)
                0x0012c260                encode_utf8
 .text.__appExit
                0x0012c340       0x30 C:/devkitPro/libctru/lib\libctru.a(appExit.o)
                0x0012c340                __appExit
 .text.__appInit
                0x0012c370       0x30 C:/devkitPro/libctru/lib\libctru.a(appInit.o)
                0x0012c370                __appInit
 .text.__libctru_exit
                0x0012c3a0       0x90 C:/devkitPro/libctru/lib\libctru.a(ctru_exit.o)
                0x0012c3a0                __libctru_exit
 .text.archive_link
                0x0012c430       0x14 C:/devkitPro/libctru/lib\libctru.a(archive_dev.o)
 .text.archive_dirreset
                0x0012c444       0x14 C:/devkitPro/libctru/lib\libctru.a(archive_dev.o)
 .text.archive_chmod